[2026-05-13T16:36:58.112+0000] {local_task_job_runner.py:120} INFO - ::group::Pre task execution logs
[2026-05-13T16:36:58.188+0000] {taskinstance.py:2076} INFO - Dependencies all met for dep_context=non-requeueable deps ti=<TaskInstance: abc_phones_etl_pipeline.load_to_gcs manual__2026-05-13T16:28:08.014852+00:00 [queued]>
[2026-05-13T16:36:58.202+0000] {taskinstance.py:2076} INFO - Dependencies all met for dep_context=requeueable deps ti=<TaskInstance: abc_phones_etl_pipeline.load_to_gcs manual__2026-05-13T16:28:08.014852+00:00 [queued]>
[2026-05-13T16:36:58.203+0000] {taskinstance.py:2306} INFO - Starting attempt 1 of 2
[2026-05-13T16:36:58.225+0000] {taskinstance.py:2330} INFO - Executing <Task(PythonOperator): load_to_gcs> on 2026-05-13 16:28:08.014852+00:00
[2026-05-13T16:36:58.240+0000] {standard_task_runner.py:90} INFO - Running: ['airflow', 'tasks', 'run', 'abc_phones_etl_pipeline', 'load_to_gcs', 'manual__2026-05-13T16:28:08.014852+00:00', '--job-id', '222', '--raw', '--subdir', 'DAGS_FOLDER/abc_phones_etl_dag.py', '--cfg-path', '/tmp/tmpnytofp9q']
[2026-05-13T16:36:58.245+0000] {standard_task_runner.py:91} INFO - Job 222: Subtask load_to_gcs
[2026-05-13T16:36:58.247+0000] {logging_mixin.py:188} WARNING - /home/airflow/.local/lib/python3.12/site-packages/airflow/task/task_runner/standard_task_runner.py:62 DeprecationWarning: This process (pid=1584) is multi-threaded, use of fork() may lead to deadlocks in the child.
[2026-05-13T16:36:58.248+0000] {standard_task_runner.py:64} INFO - Started process 1591 to run task
[2026-05-13T16:36:58.367+0000] {task_command.py:426} INFO - Running <TaskInstance: abc_phones_etl_pipeline.load_to_gcs manual__2026-05-13T16:28:08.014852+00:00 [running]> on host 87c449af332c
[2026-05-13T16:36:58.545+0000] {taskinstance.py:2648} INFO - Exporting env vars: AIRFLOW_CTX_DAG_OWNER='data_engineer' AIRFLOW_CTX_DAG_ID='abc_phones_etl_pipeline' AIRFLOW_CTX_TASK_ID='load_to_gcs' AIRFLOW_CTX_EXECUTION_DATE='2026-05-13T16:28:08.014852+00:00' AIRFLOW_CTX_TRY_NUMBER='1' AIRFLOW_CTX_DAG_RUN_ID='manual__2026-05-13T16:28:08.014852+00:00'
[2026-05-13T16:36:58.547+0000] {taskinstance.py:430} INFO - ::endgroup::
[2026-05-13T16:36:59.045+0000] {taskinstance.py:441} INFO - ::group::Post task execution logs
[2026-05-13T16:36:59.046+0000] {taskinstance.py:2905} ERROR - Task failed with exception
Traceback (most recent call last):
  File "/home/airflow/.local/lib/python3.12/site-packages/airflow/models/taskinstance.py", line 465, in _execute_task
    result = _execute_callable(context=context, **execute_callable_kwargs)
             ^^^^^^^^^^^^^^^^^^^^^^^^^^^^^^^^^^^^^^^^^^^^^^^^^^^^^^^^^^^^^
  File "/home/airflow/.local/lib/python3.12/site-packages/airflow/models/taskinstance.py", line 432, in _execute_callable
    return execute_callable(context=context, **execute_callable_kwargs)
           ^^^^^^^^^^^^^^^^^^^^^^^^^^^^^^^^^^^^^^^^^^^^^^^^^^^^^^^^^^^^
  File "/home/airflow/.local/lib/python3.12/site-packages/airflow/models/baseoperator.py", line 401, in wrapper
    return func(self, *args, **kwargs)
           ^^^^^^^^^^^^^^^^^^^^^^^^^^^
  File "/home/airflow/.local/lib/python3.12/site-packages/airflow/operators/python.py", line 235, in execute
    return_value = self.execute_callable()
                   ^^^^^^^^^^^^^^^^^^^^^^^
  File "/home/airflow/.local/lib/python3.12/site-packages/airflow/operators/python.py", line 252, in execute_callable
    return self.python_callable(*self.op_args, **self.op_kwargs)
           ^^^^^^^^^^^^^^^^^^^^^^^^^^^^^^^^^^^^^^^^^^^^^^^^^^^^^
  File "/opt/airflow/scripts/load.py", line 9, in run_load
    nps_data = pd.read_csv("/opt/airflow/gold/nps_cleaned.csv")
               ^^^^^^^^^^^^^^^^^^^^^^^^^^^^^^^^^^^^^^^^^^^^^^^^
  File "/home/airflow/.local/lib/python3.12/site-packages/pandas/io/parsers/readers.py", line 948, in read_csv
    return _read(filepath_or_buffer, kwds)
           ^^^^^^^^^^^^^^^^^^^^^^^^^^^^^^^
  File "/home/airflow/.local/lib/python3.12/site-packages/pandas/io/parsers/readers.py", line 611, in _read
    parser = TextFileReader(filepath_or_buffer, **kwds)
             ^^^^^^^^^^^^^^^^^^^^^^^^^^^^^^^^^^^^^^^^^^
  File "/home/airflow/.local/lib/python3.12/site-packages/pandas/io/parsers/readers.py", line 1448, in __init__
    self._engine = self._make_engine(f, self.engine)
                   ^^^^^^^^^^^^^^^^^^^^^^^^^^^^^^^^^
  File "/home/airflow/.local/lib/python3.12/site-packages/pandas/io/parsers/readers.py", line 1705, in _make_engine
    self.handles = get_handle(
                   ^^^^^^^^^^^
  File "/home/airflow/.local/lib/python3.12/site-packages/pandas/io/common.py", line 863, in get_handle
    handle = open(
             ^^^^^
FileNotFoundError: [Errno 2] No such file or directory: '/opt/airflow/gold/nps_cleaned.csv'
[2026-05-13T16:36:59.102+0000] {taskinstance.py:1206} INFO - Marking task as UP_FOR_RETRY. dag_id=abc_phones_etl_pipeline, task_id=load_to_gcs, run_id=manual__2026-05-13T16:28:08.014852+00:00, execution_date=20260513T162808, start_date=20260513T163658, end_date=20260513T163659
[2026-05-13T16:36:59.121+0000] {standard_task_runner.py:110} ERROR - Failed to execute job 222 for task load_to_gcs ([Errno 2] No such file or directory: '/opt/airflow/gold/nps_cleaned.csv'; 1591)
[2026-05-13T16:36:59.146+0000] {local_task_job_runner.py:243} INFO - Task exited with return code 1
[2026-05-13T16:36:59.178+0000] {taskinstance.py:3503} INFO - 0 downstream tasks scheduled from follow-on schedule check
[2026-05-13T16:36:59.184+0000] {local_task_job_runner.py:222} INFO - ::endgroup::
