[2026-05-13T15:52:30.493+0000] {local_task_job_runner.py:120} INFO - ::group::Pre task execution logs
[2026-05-13T15:52:30.541+0000] {taskinstance.py:2076} INFO - Dependencies all met for dep_context=non-requeueable deps ti=<TaskInstance: abc_phones_etl_pipeline.quality_check scheduled__2026-05-12T00:00:00+00:00 [queued]>
[2026-05-13T15:52:30.551+0000] {taskinstance.py:2076} INFO - Dependencies all met for dep_context=requeueable deps ti=<TaskInstance: abc_phones_etl_pipeline.quality_check scheduled__2026-05-12T00:00:00+00:00 [queued]>
[2026-05-13T15:52:30.553+0000] {taskinstance.py:2306} INFO - Starting attempt 1 of 2
[2026-05-13T15:52:30.569+0000] {taskinstance.py:2330} INFO - Executing <Task(PythonOperator): quality_check> on 2026-05-12 00:00:00+00:00
[2026-05-13T15:52:30.581+0000] {standard_task_runner.py:90} INFO - Running: ['airflow', 'tasks', 'run', 'abc_phones_etl_pipeline', 'quality_check', 'scheduled__2026-05-12T00:00:00+00:00', '--job-id', '207', '--raw', '--subdir', 'DAGS_FOLDER/abc_phones_etl_dag.py', '--cfg-path', '/tmp/tmp21qv7yx8']
[2026-05-13T15:52:30.585+0000] {standard_task_runner.py:91} INFO - Job 207: Subtask quality_check
[2026-05-13T15:52:30.587+0000] {logging_mixin.py:188} WARNING - /home/airflow/.local/lib/python3.12/site-packages/airflow/task/task_runner/standard_task_runner.py:62 DeprecationWarning: This process (pid=1324) is multi-threaded, use of fork() may lead to deadlocks in the child.
[2026-05-13T15:52:30.588+0000] {standard_task_runner.py:64} INFO - Started process 1329 to run task
[2026-05-13T15:52:30.659+0000] {task_command.py:426} INFO - Running <TaskInstance: abc_phones_etl_pipeline.quality_check scheduled__2026-05-12T00:00:00+00:00 [running]> on host 87c449af332c
[2026-05-13T15:52:30.784+0000] {taskinstance.py:2648} INFO - Exporting env vars: AIRFLOW_CTX_DAG_OWNER='data_engineer' AIRFLOW_CTX_DAG_ID='abc_phones_etl_pipeline' AIRFLOW_CTX_TASK_ID='quality_check' AIRFLOW_CTX_EXECUTION_DATE='2026-05-12T00:00:00+00:00' AIRFLOW_CTX_TRY_NUMBER='1' AIRFLOW_CTX_DAG_RUN_ID='scheduled__2026-05-12T00:00:00+00:00'
[2026-05-13T15:52:30.786+0000] {taskinstance.py:430} INFO - ::endgroup::
[2026-05-13T15:52:31.132+0000] {logging_mixin.py:188} INFO - ⚠️ Warning: Null values detected in credit data
[2026-05-13T15:52:31.148+0000] {logging_mixin.py:188} INFO - ⚠️ Warning: Null values detected in sales data
[2026-05-13T15:52:31.149+0000] {logging_mixin.py:188} INFO - ✅ All data quality checks passed successfully
[2026-05-13T15:52:31.155+0000] {python.py:237} INFO - Done. Returned value was: None
[2026-05-13T15:52:31.156+0000] {taskinstance.py:441} INFO - ::group::Post task execution logs
[2026-05-13T15:52:31.173+0000] {taskinstance.py:1206} INFO - Marking task as SUCCESS. dag_id=abc_phones_etl_pipeline, task_id=quality_check, run_id=scheduled__2026-05-12T00:00:00+00:00, execution_date=20260512T000000, start_date=20260513T155230, end_date=20260513T155231
[2026-05-13T15:52:31.205+0000] {local_task_job_runner.py:243} INFO - Task exited with return code 0
[2026-05-13T15:52:31.238+0000] {taskinstance.py:3503} INFO - 1 downstream tasks scheduled from follow-on schedule check
[2026-05-13T15:52:31.242+0000] {local_task_job_runner.py:222} INFO - ::endgroup::
[2026-05-13T16:36:27.458+0000] {local_task_job_runner.py:120} INFO - ::group::Pre task execution logs
[2026-05-13T16:36:27.534+0000] {taskinstance.py:2076} INFO - Dependencies all met for dep_context=non-requeueable deps ti=<TaskInstance: abc_phones_etl_pipeline.quality_check scheduled__2026-05-12T00:00:00+00:00 [queued]>
[2026-05-13T16:36:27.550+0000] {taskinstance.py:2076} INFO - Dependencies all met for dep_context=requeueable deps ti=<TaskInstance: abc_phones_etl_pipeline.quality_check scheduled__2026-05-12T00:00:00+00:00 [queued]>
[2026-05-13T16:36:27.550+0000] {taskinstance.py:2306} INFO - Starting attempt 1 of 2
[2026-05-13T16:36:27.574+0000] {taskinstance.py:2330} INFO - Executing <Task(PythonOperator): quality_check> on 2026-05-12 00:00:00+00:00
[2026-05-13T16:36:27.592+0000] {standard_task_runner.py:90} INFO - Running: ['airflow', 'tasks', 'run', 'abc_phones_etl_pipeline', 'quality_check', 'scheduled__2026-05-12T00:00:00+00:00', '--job-id', '219', '--raw', '--subdir', 'DAGS_FOLDER/abc_phones_etl_dag.py', '--cfg-path', '/tmp/tmpv_utbuu3']
[2026-05-13T16:36:27.601+0000] {standard_task_runner.py:91} INFO - Job 219: Subtask quality_check
[2026-05-13T16:36:27.608+0000] {logging_mixin.py:188} WARNING - /home/airflow/.local/lib/python3.12/site-packages/airflow/task/task_runner/standard_task_runner.py:62 DeprecationWarning: This process (pid=1566) is multi-threaded, use of fork() may lead to deadlocks in the child.
[2026-05-13T16:36:27.613+0000] {standard_task_runner.py:64} INFO - Started process 1571 to run task
[2026-05-13T16:36:27.735+0000] {task_command.py:426} INFO - Running <TaskInstance: abc_phones_etl_pipeline.quality_check scheduled__2026-05-12T00:00:00+00:00 [running]> on host 87c449af332c
[2026-05-13T16:36:27.894+0000] {taskinstance.py:2648} INFO - Exporting env vars: AIRFLOW_CTX_DAG_OWNER='data_engineer' AIRFLOW_CTX_DAG_ID='abc_phones_etl_pipeline' AIRFLOW_CTX_TASK_ID='quality_check' AIRFLOW_CTX_EXECUTION_DATE='2026-05-12T00:00:00+00:00' AIRFLOW_CTX_TRY_NUMBER='1' AIRFLOW_CTX_DAG_RUN_ID='scheduled__2026-05-12T00:00:00+00:00'
[2026-05-13T16:36:27.895+0000] {taskinstance.py:430} INFO - ::endgroup::
[2026-05-13T16:36:28.385+0000] {logging_mixin.py:188} INFO - ⚠️ Warning: Null values detected in credit data
[2026-05-13T16:36:28.407+0000] {logging_mixin.py:188} INFO - ⚠️ Warning: Null values detected in sales data
[2026-05-13T16:36:28.408+0000] {logging_mixin.py:188} INFO - ✅ All data quality checks passed successfully
[2026-05-13T16:36:28.417+0000] {python.py:237} INFO - Done. Returned value was: None
[2026-05-13T16:36:28.418+0000] {taskinstance.py:441} INFO - ::group::Post task execution logs
[2026-05-13T16:36:28.437+0000] {taskinstance.py:1206} INFO - Marking task as SUCCESS. dag_id=abc_phones_etl_pipeline, task_id=quality_check, run_id=scheduled__2026-05-12T00:00:00+00:00, execution_date=20260512T000000, start_date=20260513T163627, end_date=20260513T163628
[2026-05-13T16:36:28.479+0000] {local_task_job_runner.py:243} INFO - Task exited with return code 0
[2026-05-13T16:36:28.524+0000] {taskinstance.py:3503} INFO - 1 downstream tasks scheduled from follow-on schedule check
[2026-05-13T16:36:28.531+0000] {local_task_job_runner.py:222} INFO - ::endgroup::
