[2026-05-12T08:00:16.571+0000] {local_task_job_runner.py:120} INFO - ::group::Pre task execution logs
[2026-05-12T08:00:16.625+0000] {taskinstance.py:2076} INFO - Dependencies all met for dep_context=non-requeueable deps ti=<TaskInstance: abc_phones_etl_pipeline.ingest_data manual__2026-05-12T08:00:07.834777+00:00 [queued]>
[2026-05-12T08:00:16.636+0000] {taskinstance.py:2076} INFO - Dependencies all met for dep_context=requeueable deps ti=<TaskInstance: abc_phones_etl_pipeline.ingest_data manual__2026-05-12T08:00:07.834777+00:00 [queued]>
[2026-05-12T08:00:16.663+0000] {taskinstance.py:2306} INFO - Starting attempt 1 of 2
[2026-05-12T08:00:16.697+0000] {taskinstance.py:2330} INFO - Executing <Task(PythonOperator): ingest_data> on 2026-05-12 08:00:07.834777+00:00
[2026-05-12T08:00:16.710+0000] {standard_task_runner.py:90} INFO - Running: ['airflow', 'tasks', 'run', 'abc_phones_etl_pipeline', 'ingest_data', 'manual__2026-05-12T08:00:07.834777+00:00', '--job-id', '8', '--raw', '--subdir', 'DAGS_FOLDER/abc_phones_etl_dag.py', '--cfg-path', '/tmp/tmpof7zqup4']
[2026-05-12T08:00:16.717+0000] {standard_task_runner.py:91} INFO - Job 8: Subtask ingest_data
[2026-05-12T08:00:16.720+0000] {logging_mixin.py:188} WARNING - /home/airflow/.local/lib/python3.12/site-packages/airflow/task/task_runner/standard_task_runner.py:62 DeprecationWarning: This process (pid=147) is multi-threaded, use of fork() may lead to deadlocks in the child.
[2026-05-12T08:00:16.722+0000] {standard_task_runner.py:64} INFO - Started process 152 to run task
[2026-05-12T08:00:16.826+0000] {task_command.py:426} INFO - Running <TaskInstance: abc_phones_etl_pipeline.ingest_data manual__2026-05-12T08:00:07.834777+00:00 [running]> on host 94f4b153a261
[2026-05-12T08:00:17.038+0000] {taskinstance.py:2648} INFO - Exporting env vars: AIRFLOW_CTX_DAG_OWNER='data_engineer' AIRFLOW_CTX_DAG_ID='abc_phones_etl_pipeline' AIRFLOW_CTX_TASK_ID='ingest_data' AIRFLOW_CTX_EXECUTION_DATE='2026-05-12T08:00:07.834777+00:00' AIRFLOW_CTX_TRY_NUMBER='1' AIRFLOW_CTX_DAG_RUN_ID='manual__2026-05-12T08:00:07.834777+00:00'
[2026-05-12T08:00:17.040+0000] {taskinstance.py:430} INFO - ::endgroup::
[2026-05-12T08:00:18.528+0000] {taskinstance.py:441} INFO - ::group::Post task execution logs
[2026-05-12T08:00:18.529+0000] {taskinstance.py:2905} ERROR - Task failed with exception
Traceback (most recent call last):
  File "/home/airflow/.local/lib/python3.12/site-packages/airflow/models/taskinstance.py", line 465, in _execute_task
    result = _execute_callable(context=context, **execute_callable_kwargs)
             ^^^^^^^^^^^^^^^^^^^^^^^^^^^^^^^^^^^^^^^^^^^^^^^^^^^^^^^^^^^^^
  File "/home/airflow/.local/lib/python3.12/site-packages/airflow/models/taskinstance.py", line 432, in _execute_callable
    return execute_callable(context=context, **execute_callable_kwargs)
           ^^^^^^^^^^^^^^^^^^^^^^^^^^^^^^^^^^^^^^^^^^^^^^^^^^^^^^^^^^^^
  File "/home/airflow/.local/lib/python3.12/site-packages/airflow/models/baseoperator.py", line 401, in wrapper
    return func(self, *args, **kwargs)
           ^^^^^^^^^^^^^^^^^^^^^^^^^^^
  File "/home/airflow/.local/lib/python3.12/site-packages/airflow/operators/python.py", line 235, in execute
    return_value = self.execute_callable()
                   ^^^^^^^^^^^^^^^^^^^^^^^
  File "/home/airflow/.local/lib/python3.12/site-packages/airflow/operators/python.py", line 252, in execute_callable
    return self.python_callable(*self.op_args, **self.op_kwargs)
           ^^^^^^^^^^^^^^^^^^^^^^^^^^^^^^^^^^^^^^^^^^^^^^^^^^^^^
  File "/opt/airflow/scripts/ingest.py", line 14, in run_ingestion
    sales_data = pd.read_excel("/data/bronze/SalesandCustomerData.xlsx")
                 ^^^^^^^^^^^^^^^^^^^^^^^^^^^^^^^^^^^^^^^^^^^^^^^^^^^^^^^
  File "/home/airflow/.local/lib/python3.12/site-packages/pandas/io/excel/_base.py", line 504, in read_excel
    io = ExcelFile(
         ^^^^^^^^^^
  File "/home/airflow/.local/lib/python3.12/site-packages/pandas/io/excel/_base.py", line 1563, in __init__
    ext = inspect_excel_format(
          ^^^^^^^^^^^^^^^^^^^^^
  File "/home/airflow/.local/lib/python3.12/site-packages/pandas/io/excel/_base.py", line 1419, in inspect_excel_format
    with get_handle(
         ^^^^^^^^^^^
  File "/home/airflow/.local/lib/python3.12/site-packages/pandas/io/common.py", line 872, in get_handle
    handle = open(handle, ioargs.mode)
             ^^^^^^^^^^^^^^^^^^^^^^^^^
FileNotFoundError: [Errno 2] No such file or directory: '/data/bronze/SalesandCustomerData.xlsx'
[2026-05-12T08:00:18.555+0000] {taskinstance.py:1206} INFO - Marking task as UP_FOR_RETRY. dag_id=abc_phones_etl_pipeline, task_id=ingest_data, run_id=manual__2026-05-12T08:00:07.834777+00:00, execution_date=20260512T080007, start_date=20260512T080016, end_date=20260512T080018
[2026-05-12T08:00:18.583+0000] {standard_task_runner.py:110} ERROR - Failed to execute job 8 for task ingest_data ([Errno 2] No such file or directory: '/data/bronze/SalesandCustomerData.xlsx'; 152)
[2026-05-12T08:00:18.626+0000] {local_task_job_runner.py:243} INFO - Task exited with return code 1
[2026-05-12T08:00:18.658+0000] {taskinstance.py:3503} INFO - 0 downstream tasks scheduled from follow-on schedule check
[2026-05-12T08:00:18.664+0000] {local_task_job_runner.py:222} INFO - ::endgroup::
