[2026-05-12T11:48:35.435+0000] {local_task_job_runner.py:120} INFO - ::group::Pre task execution logs
[2026-05-12T11:48:35.517+0000] {taskinstance.py:2076} INFO - Dependencies all met for dep_context=non-requeueable deps ti=<TaskInstance: abc_phones_etl_pipeline.clean_data manual__2026-05-12T11:38:40.976379+00:00 [queued]>
[2026-05-12T11:48:35.532+0000] {taskinstance.py:2076} INFO - Dependencies all met for dep_context=requeueable deps ti=<TaskInstance: abc_phones_etl_pipeline.clean_data manual__2026-05-12T11:38:40.976379+00:00 [queued]>
[2026-05-12T11:48:35.534+0000] {taskinstance.py:2306} INFO - Starting attempt 2 of 2
[2026-05-12T11:48:35.562+0000] {taskinstance.py:2330} INFO - Executing <Task(PythonOperator): clean_data> on 2026-05-12 11:38:40.976379+00:00
[2026-05-12T11:48:35.578+0000] {standard_task_runner.py:90} INFO - Running: ['airflow', 'tasks', 'run', 'abc_phones_etl_pipeline', 'clean_data', 'manual__2026-05-12T11:38:40.976379+00:00', '--job-id', '65', '--raw', '--subdir', 'DAGS_FOLDER/abc_phones_etl_dag.py', '--cfg-path', '/tmp/tmprua2e6h7']
[2026-05-12T11:48:35.587+0000] {standard_task_runner.py:91} INFO - Job 65: Subtask clean_data
[2026-05-12T11:48:35.593+0000] {logging_mixin.py:188} WARNING - /home/airflow/.local/lib/python3.12/site-packages/airflow/task/task_runner/standard_task_runner.py:62 DeprecationWarning: This process (pid=246) is multi-threaded, use of fork() may lead to deadlocks in the child.
[2026-05-12T11:48:35.595+0000] {standard_task_runner.py:64} INFO - Started process 251 to run task
[2026-05-12T11:48:35.710+0000] {task_command.py:426} INFO - Running <TaskInstance: abc_phones_etl_pipeline.clean_data manual__2026-05-12T11:38:40.976379+00:00 [running]> on host 87c449af332c
[2026-05-12T11:48:35.944+0000] {taskinstance.py:2648} INFO - Exporting env vars: AIRFLOW_CTX_DAG_OWNER='data_engineer' AIRFLOW_CTX_DAG_ID='abc_phones_etl_pipeline' AIRFLOW_CTX_TASK_ID='clean_data' AIRFLOW_CTX_EXECUTION_DATE='2026-05-12T11:38:40.976379+00:00' AIRFLOW_CTX_TRY_NUMBER='2' AIRFLOW_CTX_DAG_RUN_ID='manual__2026-05-12T11:38:40.976379+00:00'
[2026-05-12T11:48:35.946+0000] {taskinstance.py:430} INFO - ::endgroup::
[2026-05-12T11:48:43.265+0000] {logging_mixin.py:188} WARNING - /opt/airflow/scripts/clean.py:24 DtypeWarning: Columns (0,1,3,4,5,6,7,10,11,12,13,14,15) have mixed types. Specify dtype option on import or set low_memory=False.
[2026-05-12T11:48:45.981+0000] {logging_mixin.py:188} WARNING - /opt/airflow/scripts/clean.py:25 DtypeWarning: Columns (0,1,2,3,4) have mixed types. Specify dtype option on import or set low_memory=False.
[2026-05-12T11:48:46.528+0000] {logging_mixin.py:188} WARNING - /opt/airflow/scripts/clean.py:26 DtypeWarning: Columns (0,1,2) have mixed types. Specify dtype option on import or set low_memory=False.
[2026-05-12T11:48:47.364+0000] {logging_mixin.py:188} WARNING - /opt/airflow/scripts/clean.py:27 DtypeWarning: Columns (0) have mixed types. Specify dtype option on import or set low_memory=False.
[2026-05-12T11:48:51.725+0000] {logging_mixin.py:188} WARNING - /opt/airflow/scripts/clean.py:35 FutureWarning: In a future version of pandas, parsing datetimes with mixed time zones will raise an error unless `utc=True`. Please specify `utc=True` to opt in to the new behaviour and silence this warning. To create a `Series` with mixed offsets and `object` dtype, please use `apply` and `datetime.datetime.strptime`
[2026-05-12T11:48:52.342+0000] {taskinstance.py:441} INFO - ::group::Post task execution logs
[2026-05-12T11:48:52.344+0000] {taskinstance.py:2905} ERROR - Task failed with exception
Traceback (most recent call last):
  File "/home/airflow/.local/lib/python3.12/site-packages/airflow/models/taskinstance.py", line 465, in _execute_task
    result = _execute_callable(context=context, **execute_callable_kwargs)
             ^^^^^^^^^^^^^^^^^^^^^^^^^^^^^^^^^^^^^^^^^^^^^^^^^^^^^^^^^^^^^
  File "/home/airflow/.local/lib/python3.12/site-packages/airflow/models/taskinstance.py", line 432, in _execute_callable
    return execute_callable(context=context, **execute_callable_kwargs)
           ^^^^^^^^^^^^^^^^^^^^^^^^^^^^^^^^^^^^^^^^^^^^^^^^^^^^^^^^^^^^
  File "/home/airflow/.local/lib/python3.12/site-packages/airflow/models/baseoperator.py", line 401, in wrapper
    return func(self, *args, **kwargs)
           ^^^^^^^^^^^^^^^^^^^^^^^^^^^
  File "/home/airflow/.local/lib/python3.12/site-packages/airflow/operators/python.py", line 235, in execute
    return_value = self.execute_callable()
                   ^^^^^^^^^^^^^^^^^^^^^^^
  File "/home/airflow/.local/lib/python3.12/site-packages/airflow/operators/python.py", line 252, in execute_callable
    return self.python_callable(*self.op_args, **self.op_kwargs)
           ^^^^^^^^^^^^^^^^^^^^^^^^^^^^^^^^^^^^^^^^^^^^^^^^^^^^^
  File "/opt/airflow/scripts/clean.py", line 41, in run_cleaning
    dob_data = dob_data.astype({"Loan Id": "loan_id"})
               ^^^^^^^^^^^^^^^^^^^^^^^^^^^^^^^^^^^^^^^
  File "/home/airflow/.local/lib/python3.12/site-packages/pandas/core/generic.py", line 6498, in astype
    raise KeyError(
KeyError: "Only a column name can be used for the key in a dtype mappings argument. 'Loan Id' not found in columns."
[2026-05-12T11:48:52.386+0000] {taskinstance.py:1206} INFO - Marking task as FAILED. dag_id=abc_phones_etl_pipeline, task_id=clean_data, run_id=manual__2026-05-12T11:38:40.976379+00:00, execution_date=20260512T113840, start_date=20260512T114835, end_date=20260512T114852
[2026-05-12T11:48:52.416+0000] {standard_task_runner.py:110} ERROR - Failed to execute job 65 for task clean_data ("Only a column name can be used for the key in a dtype mappings argument. 'Loan Id' not found in columns."; 251)
[2026-05-12T11:48:52.537+0000] {local_task_job_runner.py:243} INFO - Task exited with return code 1
[2026-05-12T11:48:52.564+0000] {local_task_job_runner.py:222} INFO - ::endgroup::
