[2026-05-12T11:43:18.944+0000] {local_task_job_runner.py:120} INFO - ::group::Pre task execution logs
[2026-05-12T11:43:19.003+0000] {taskinstance.py:2076} INFO - Dependencies all met for dep_context=non-requeueable deps ti=<TaskInstance: abc_phones_etl_pipeline.clean_data manual__2026-05-12T11:38:40.976379+00:00 [queued]>
[2026-05-12T11:43:19.019+0000] {taskinstance.py:2076} INFO - Dependencies all met for dep_context=requeueable deps ti=<TaskInstance: abc_phones_etl_pipeline.clean_data manual__2026-05-12T11:38:40.976379+00:00 [queued]>
[2026-05-12T11:43:19.021+0000] {taskinstance.py:2306} INFO - Starting attempt 1 of 2
[2026-05-12T11:43:19.041+0000] {taskinstance.py:2330} INFO - Executing <Task(PythonOperator): clean_data> on 2026-05-12 11:38:40.976379+00:00
[2026-05-12T11:43:19.054+0000] {standard_task_runner.py:90} INFO - Running: ['airflow', 'tasks', 'run', 'abc_phones_etl_pipeline', 'clean_data', 'manual__2026-05-12T11:38:40.976379+00:00', '--job-id', '63', '--raw', '--subdir', 'DAGS_FOLDER/abc_phones_etl_dag.py', '--cfg-path', '/tmp/tmpyvzcn73d']
[2026-05-12T11:43:19.059+0000] {standard_task_runner.py:91} INFO - Job 63: Subtask clean_data
[2026-05-12T11:43:19.063+0000] {logging_mixin.py:188} WARNING - /home/airflow/.local/lib/python3.12/site-packages/airflow/task/task_runner/standard_task_runner.py:62 DeprecationWarning: This process (pid=212) is multi-threaded, use of fork() may lead to deadlocks in the child.
[2026-05-12T11:43:19.064+0000] {standard_task_runner.py:64} INFO - Started process 219 to run task
[2026-05-12T11:43:19.147+0000] {task_command.py:426} INFO - Running <TaskInstance: abc_phones_etl_pipeline.clean_data manual__2026-05-12T11:38:40.976379+00:00 [running]> on host 87c449af332c
[2026-05-12T11:43:19.310+0000] {taskinstance.py:2648} INFO - Exporting env vars: AIRFLOW_CTX_DAG_OWNER='data_engineer' AIRFLOW_CTX_DAG_ID='abc_phones_etl_pipeline' AIRFLOW_CTX_TASK_ID='clean_data' AIRFLOW_CTX_EXECUTION_DATE='2026-05-12T11:38:40.976379+00:00' AIRFLOW_CTX_TRY_NUMBER='1' AIRFLOW_CTX_DAG_RUN_ID='manual__2026-05-12T11:38:40.976379+00:00'
[2026-05-12T11:43:19.313+0000] {taskinstance.py:430} INFO - ::endgroup::
[2026-05-12T11:43:22.926+0000] {logging_mixin.py:188} WARNING - /opt/airflow/scripts/clean.py:24 DtypeWarning: Columns (0,1,3,4,5,6,7,10,11,12,13,14,15) have mixed types. Specify dtype option on import or set low_memory=False.
[2026-05-12T11:43:24.678+0000] {logging_mixin.py:188} WARNING - /opt/airflow/scripts/clean.py:25 DtypeWarning: Columns (0,1,2,3,4) have mixed types. Specify dtype option on import or set low_memory=False.
[2026-05-12T11:43:25.069+0000] {logging_mixin.py:188} WARNING - /opt/airflow/scripts/clean.py:26 DtypeWarning: Columns (0,1,2) have mixed types. Specify dtype option on import or set low_memory=False.
[2026-05-12T11:43:25.398+0000] {logging_mixin.py:188} WARNING - /opt/airflow/scripts/clean.py:27 DtypeWarning: Columns (0) have mixed types. Specify dtype option on import or set low_memory=False.
[2026-05-12T11:43:28.126+0000] {logging_mixin.py:188} WARNING - /opt/airflow/scripts/clean.py:35 FutureWarning: In a future version of pandas, parsing datetimes with mixed time zones will raise an error unless `utc=True`. Please specify `utc=True` to opt in to the new behaviour and silence this warning. To create a `Series` with mixed offsets and `object` dtype, please use `apply` and `datetime.datetime.strptime`
[2026-05-12T11:43:28.151+0000] {taskinstance.py:441} INFO - ::group::Post task execution logs
[2026-05-12T11:43:28.152+0000] {taskinstance.py:2905} ERROR - Task failed with exception
Traceback (most recent call last):
  File "/home/airflow/.local/lib/python3.12/site-packages/pandas/core/indexes/base.py", line 3791, in get_loc
    return self._engine.get_loc(casted_key)
           ^^^^^^^^^^^^^^^^^^^^^^^^^^^^^^^^
  File "index.pyx", line 152, in pandas._libs.index.IndexEngine.get_loc
  File "index.pyx", line 181, in pandas._libs.index.IndexEngine.get_loc
  File "pandas/_libs/hashtable_class_helper.pxi", line 7080, in pandas._libs.hashtable.PyObjectHashTable.get_item
  File "pandas/_libs/hashtable_class_helper.pxi", line 7088, in pandas._libs.hashtable.PyObjectHashTable.get_item
KeyError: 'SALE_DATE'

The above exception was the direct cause of the following exception:

Traceback (most recent call last):
  File "/home/airflow/.local/lib/python3.12/site-packages/airflow/models/taskinstance.py", line 465, in _execute_task
    result = _execute_callable(context=context, **execute_callable_kwargs)
             ^^^^^^^^^^^^^^^^^^^^^^^^^^^^^^^^^^^^^^^^^^^^^^^^^^^^^^^^^^^^^
  File "/home/airflow/.local/lib/python3.12/site-packages/airflow/models/taskinstance.py", line 432, in _execute_callable
    return execute_callable(context=context, **execute_callable_kwargs)
           ^^^^^^^^^^^^^^^^^^^^^^^^^^^^^^^^^^^^^^^^^^^^^^^^^^^^^^^^^^^^
  File "/home/airflow/.local/lib/python3.12/site-packages/airflow/models/baseoperator.py", line 401, in wrapper
    return func(self, *args, **kwargs)
           ^^^^^^^^^^^^^^^^^^^^^^^^^^^
  File "/home/airflow/.local/lib/python3.12/site-packages/airflow/operators/python.py", line 235, in execute
    return_value = self.execute_callable()
                   ^^^^^^^^^^^^^^^^^^^^^^^
  File "/home/airflow/.local/lib/python3.12/site-packages/airflow/operators/python.py", line 252, in execute_callable
    return self.python_callable(*self.op_args, **self.op_kwargs)
           ^^^^^^^^^^^^^^^^^^^^^^^^^^^^^^^^^^^^^^^^^^^^^^^^^^^^^
  File "/opt/airflow/scripts/clean.py", line 36, in run_cleaning
    sales_details['SALE_DATE'] = pd.to_datetime(sales_details['SALE_DATE'], errors='coerce')
                                                ~~~~~~~~~~~~~^^^^^^^^^^^^^
  File "/home/airflow/.local/lib/python3.12/site-packages/pandas/core/frame.py", line 3893, in __getitem__
    indexer = self.columns.get_loc(key)
              ^^^^^^^^^^^^^^^^^^^^^^^^^
  File "/home/airflow/.local/lib/python3.12/site-packages/pandas/core/indexes/base.py", line 3798, in get_loc
    raise KeyError(key) from err
KeyError: 'SALE_DATE'
[2026-05-12T11:43:28.176+0000] {taskinstance.py:1206} INFO - Marking task as UP_FOR_RETRY. dag_id=abc_phones_etl_pipeline, task_id=clean_data, run_id=manual__2026-05-12T11:38:40.976379+00:00, execution_date=20260512T113840, start_date=20260512T114319, end_date=20260512T114328
[2026-05-12T11:43:28.204+0000] {standard_task_runner.py:110} ERROR - Failed to execute job 63 for task clean_data ('SALE_DATE'; 219)
[2026-05-12T11:43:28.352+0000] {local_task_job_runner.py:243} INFO - Task exited with return code 1
[2026-05-12T11:43:28.393+0000] {taskinstance.py:3503} INFO - 0 downstream tasks scheduled from follow-on schedule check
[2026-05-12T11:43:28.397+0000] {local_task_job_runner.py:222} INFO - ::endgroup::
