[2026-05-13T16:36:19.047+0000] {local_task_job_runner.py:120} INFO - ::group::Pre task execution logs
[2026-05-13T16:36:19.104+0000] {taskinstance.py:2076} INFO - Dependencies all met for dep_context=non-requeueable deps ti=<TaskInstance: abc_phones_etl_pipeline.quality_check manual__2026-05-13T16:28:08.014852+00:00 [queued]>
[2026-05-13T16:36:19.118+0000] {taskinstance.py:2076} INFO - Dependencies all met for dep_context=requeueable deps ti=<TaskInstance: abc_phones_etl_pipeline.quality_check manual__2026-05-13T16:28:08.014852+00:00 [queued]>
[2026-05-13T16:36:19.120+0000] {taskinstance.py:2306} INFO - Starting attempt 1 of 2
[2026-05-13T16:36:19.140+0000] {taskinstance.py:2330} INFO - Executing <Task(PythonOperator): quality_check> on 2026-05-13 16:28:08.014852+00:00
[2026-05-13T16:36:19.155+0000] {standard_task_runner.py:90} INFO - Running: ['airflow', 'tasks', 'run', 'abc_phones_etl_pipeline', 'quality_check', 'manual__2026-05-13T16:28:08.014852+00:00', '--job-id', '218', '--raw', '--subdir', 'DAGS_FOLDER/abc_phones_etl_dag.py', '--cfg-path', '/tmp/tmpp16nt8p9']
[2026-05-13T16:36:19.160+0000] {standard_task_runner.py:91} INFO - Job 218: Subtask quality_check
[2026-05-13T16:36:19.160+0000] {logging_mixin.py:188} WARNING - /home/airflow/.local/lib/python3.12/site-packages/airflow/task/task_runner/standard_task_runner.py:62 DeprecationWarning: This process (pid=1558) is multi-threaded, use of fork() may lead to deadlocks in the child.
[2026-05-13T16:36:19.163+0000] {standard_task_runner.py:64} INFO - Started process 1563 to run task
[2026-05-13T16:36:19.257+0000] {task_command.py:426} INFO - Running <TaskInstance: abc_phones_etl_pipeline.quality_check manual__2026-05-13T16:28:08.014852+00:00 [running]> on host 87c449af332c
[2026-05-13T16:36:19.433+0000] {taskinstance.py:2648} INFO - Exporting env vars: AIRFLOW_CTX_DAG_OWNER='data_engineer' AIRFLOW_CTX_DAG_ID='abc_phones_etl_pipeline' AIRFLOW_CTX_TASK_ID='quality_check' AIRFLOW_CTX_EXECUTION_DATE='2026-05-13T16:28:08.014852+00:00' AIRFLOW_CTX_TRY_NUMBER='1' AIRFLOW_CTX_DAG_RUN_ID='manual__2026-05-13T16:28:08.014852+00:00'
[2026-05-13T16:36:19.437+0000] {taskinstance.py:430} INFO - ::endgroup::
[2026-05-13T16:36:20.000+0000] {logging_mixin.py:188} INFO - ⚠️ Warning: Null values detected in credit data
[2026-05-13T16:36:20.028+0000] {logging_mixin.py:188} INFO - ⚠️ Warning: Null values detected in sales data
[2026-05-13T16:36:20.029+0000] {logging_mixin.py:188} INFO - ✅ All data quality checks passed successfully
[2026-05-13T16:36:20.042+0000] {python.py:237} INFO - Done. Returned value was: None
[2026-05-13T16:36:20.043+0000] {taskinstance.py:441} INFO - ::group::Post task execution logs
[2026-05-13T16:36:20.068+0000] {taskinstance.py:1206} INFO - Marking task as SUCCESS. dag_id=abc_phones_etl_pipeline, task_id=quality_check, run_id=manual__2026-05-13T16:28:08.014852+00:00, execution_date=20260513T162808, start_date=20260513T163619, end_date=20260513T163620
[2026-05-13T16:36:20.141+0000] {local_task_job_runner.py:243} INFO - Task exited with return code 0
[2026-05-13T16:36:20.193+0000] {taskinstance.py:3503} INFO - 1 downstream tasks scheduled from follow-on schedule check
[2026-05-13T16:36:20.198+0000] {local_task_job_runner.py:222} INFO - ::endgroup::
