[2026-05-12T07:59:08.718+0000] {local_task_job_runner.py:120} INFO - ::group::Pre task execution logs
[2026-05-12T07:59:08.780+0000] {taskinstance.py:2076} INFO - Dependencies all met for dep_context=non-requeueable deps ti=<TaskInstance: abc_phones_etl_pipeline.ingest_data scheduled__2026-05-11T00:00:00+00:00 [queued]>
[2026-05-12T07:59:08.793+0000] {taskinstance.py:2076} INFO - Dependencies all met for dep_context=requeueable deps ti=<TaskInstance: abc_phones_etl_pipeline.ingest_data scheduled__2026-05-11T00:00:00+00:00 [queued]>
[2026-05-12T07:59:08.821+0000] {taskinstance.py:2306} INFO - Starting attempt 2 of 2
[2026-05-12T07:59:08.872+0000] {taskinstance.py:2330} INFO - Executing <Task(PythonOperator): ingest_data> on 2026-05-11 00:00:00+00:00
[2026-05-12T07:59:08.891+0000] {standard_task_runner.py:90} INFO - Running: ['airflow', 'tasks', 'run', 'abc_phones_etl_pipeline', 'ingest_data', 'scheduled__2026-05-11T00:00:00+00:00', '--job-id', '6', '--raw', '--subdir', 'DAGS_FOLDER/abc_phones_etl_dag.py', '--cfg-path', '/tmp/tmpbnaef62u']
[2026-05-12T07:59:08.903+0000] {standard_task_runner.py:91} INFO - Job 6: Subtask ingest_data
[2026-05-12T07:59:08.904+0000] {logging_mixin.py:188} WARNING - /home/airflow/.local/lib/python3.12/site-packages/airflow/task/task_runner/standard_task_runner.py:62 DeprecationWarning: This process (pid=131) is multi-threaded, use of fork() may lead to deadlocks in the child.
[2026-05-12T07:59:08.927+0000] {standard_task_runner.py:64} INFO - Started process 136 to run task
[2026-05-12T07:59:09.096+0000] {task_command.py:426} INFO - Running <TaskInstance: abc_phones_etl_pipeline.ingest_data scheduled__2026-05-11T00:00:00+00:00 [running]> on host 94f4b153a261
[2026-05-12T07:59:09.255+0000] {taskinstance.py:2648} INFO - Exporting env vars: AIRFLOW_CTX_DAG_OWNER='data_engineer' AIRFLOW_CTX_DAG_ID='abc_phones_etl_pipeline' AIRFLOW_CTX_TASK_ID='ingest_data' AIRFLOW_CTX_EXECUTION_DATE='2026-05-11T00:00:00+00:00' AIRFLOW_CTX_TRY_NUMBER='2' AIRFLOW_CTX_DAG_RUN_ID='scheduled__2026-05-11T00:00:00+00:00'
[2026-05-12T07:59:09.257+0000] {taskinstance.py:430} INFO - ::endgroup::
[2026-05-12T07:59:09.285+0000] {taskinstance.py:441} INFO - ::group::Post task execution logs
[2026-05-12T07:59:09.286+0000] {taskinstance.py:2905} ERROR - Task failed with exception
Traceback (most recent call last):
  File "/home/airflow/.local/lib/python3.12/site-packages/airflow/models/taskinstance.py", line 465, in _execute_task
    result = _execute_callable(context=context, **execute_callable_kwargs)
             ^^^^^^^^^^^^^^^^^^^^^^^^^^^^^^^^^^^^^^^^^^^^^^^^^^^^^^^^^^^^^
  File "/home/airflow/.local/lib/python3.12/site-packages/airflow/models/taskinstance.py", line 432, in _execute_callable
    return execute_callable(context=context, **execute_callable_kwargs)
           ^^^^^^^^^^^^^^^^^^^^^^^^^^^^^^^^^^^^^^^^^^^^^^^^^^^^^^^^^^^^
  File "/home/airflow/.local/lib/python3.12/site-packages/airflow/models/baseoperator.py", line 401, in wrapper
    return func(self, *args, **kwargs)
           ^^^^^^^^^^^^^^^^^^^^^^^^^^^
  File "/home/airflow/.local/lib/python3.12/site-packages/airflow/operators/python.py", line 235, in execute
    return_value = self.execute_callable()
                   ^^^^^^^^^^^^^^^^^^^^^^^
  File "/home/airflow/.local/lib/python3.12/site-packages/airflow/operators/python.py", line 252, in execute_callable
    return self.python_callable(*self.op_args, **self.op_kwargs)
           ^^^^^^^^^^^^^^^^^^^^^^^^^^^^^^^^^^^^^^^^^^^^^^^^^^^^^
  File "/opt/airflow/scripts/ingest.py", line 11, in run_ingestion
    credit_dfs = [pd.read_csv(file) for file in credit_files]
                  ^^^^^^^^^^^^^^^^^
  File "/home/airflow/.local/lib/python3.12/site-packages/pandas/io/parsers/readers.py", line 948, in read_csv
    return _read(filepath_or_buffer, kwds)
           ^^^^^^^^^^^^^^^^^^^^^^^^^^^^^^^
  File "/home/airflow/.local/lib/python3.12/site-packages/pandas/io/parsers/readers.py", line 611, in _read
    parser = TextFileReader(filepath_or_buffer, **kwds)
             ^^^^^^^^^^^^^^^^^^^^^^^^^^^^^^^^^^^^^^^^^^
  File "/home/airflow/.local/lib/python3.12/site-packages/pandas/io/parsers/readers.py", line 1448, in __init__
    self._engine = self._make_engine(f, self.engine)
                   ^^^^^^^^^^^^^^^^^^^^^^^^^^^^^^^^^
  File "/home/airflow/.local/lib/python3.12/site-packages/pandas/io/parsers/readers.py", line 1705, in _make_engine
    self.handles = get_handle(
                   ^^^^^^^^^^^
  File "/home/airflow/.local/lib/python3.12/site-packages/pandas/io/common.py", line 863, in get_handle
    handle = open(
             ^^^^^
FileNotFoundError: [Errno 2] No such file or directory: '/data/bronze/CreditData_01_01_2025.csv'
[2026-05-12T07:59:09.322+0000] {taskinstance.py:1206} INFO - Marking task as FAILED. dag_id=abc_phones_etl_pipeline, task_id=ingest_data, run_id=scheduled__2026-05-11T00:00:00+00:00, execution_date=20260511T000000, start_date=20260512T075908, end_date=20260512T075909
[2026-05-12T07:59:09.338+0000] {standard_task_runner.py:110} ERROR - Failed to execute job 6 for task ingest_data ([Errno 2] No such file or directory: '/data/bronze/CreditData_01_01_2025.csv'; 136)
[2026-05-12T07:59:09.397+0000] {local_task_job_runner.py:243} INFO - Task exited with return code 1
[2026-05-12T07:59:09.448+0000] {taskinstance.py:3503} INFO - 0 downstream tasks scheduled from follow-on schedule check
[2026-05-12T07:59:09.458+0000] {local_task_job_runner.py:222} INFO - ::endgroup::
[2026-05-12T08:11:52.635+0000] {local_task_job_runner.py:120} INFO - ::group::Pre task execution logs
[2026-05-12T08:11:52.703+0000] {taskinstance.py:2076} INFO - Dependencies all met for dep_context=non-requeueable deps ti=<TaskInstance: abc_phones_etl_pipeline.ingest_data scheduled__2026-05-11T00:00:00+00:00 [queued]>
[2026-05-12T08:11:52.720+0000] {taskinstance.py:2076} INFO - Dependencies all met for dep_context=requeueable deps ti=<TaskInstance: abc_phones_etl_pipeline.ingest_data scheduled__2026-05-11T00:00:00+00:00 [queued]>
[2026-05-12T08:11:52.721+0000] {taskinstance.py:2306} INFO - Starting attempt 2 of 2
[2026-05-12T08:11:52.751+0000] {taskinstance.py:2330} INFO - Executing <Task(PythonOperator): ingest_data> on 2026-05-11 00:00:00+00:00
[2026-05-12T08:11:52.766+0000] {standard_task_runner.py:90} INFO - Running: ['airflow', 'tasks', 'run', 'abc_phones_etl_pipeline', 'ingest_data', 'scheduled__2026-05-11T00:00:00+00:00', '--job-id', '13', '--raw', '--subdir', 'DAGS_FOLDER/abc_phones_etl_dag.py', '--cfg-path', '/tmp/tmp71i9ytmj']
[2026-05-12T08:11:52.771+0000] {standard_task_runner.py:91} INFO - Job 13: Subtask ingest_data
[2026-05-12T08:11:52.772+0000] {logging_mixin.py:188} WARNING - /home/airflow/.local/lib/python3.12/site-packages/airflow/task/task_runner/standard_task_runner.py:62 DeprecationWarning: This process (pid=23) is multi-threaded, use of fork() may lead to deadlocks in the child.
[2026-05-12T08:11:52.773+0000] {standard_task_runner.py:64} INFO - Started process 28 to run task
[2026-05-12T08:11:52.916+0000] {task_command.py:426} INFO - Running <TaskInstance: abc_phones_etl_pipeline.ingest_data scheduled__2026-05-11T00:00:00+00:00 [running]> on host db448b94bc11
[2026-05-12T08:11:53.235+0000] {taskinstance.py:2648} INFO - Exporting env vars: AIRFLOW_CTX_DAG_OWNER='data_engineer' AIRFLOW_CTX_DAG_ID='abc_phones_etl_pipeline' AIRFLOW_CTX_TASK_ID='ingest_data' AIRFLOW_CTX_EXECUTION_DATE='2026-05-11T00:00:00+00:00' AIRFLOW_CTX_TRY_NUMBER='2' AIRFLOW_CTX_DAG_RUN_ID='scheduled__2026-05-11T00:00:00+00:00'
[2026-05-12T08:11:53.245+0000] {taskinstance.py:430} INFO - ::endgroup::
[2026-05-12T08:11:55.610+0000] {taskinstance.py:441} INFO - ::group::Post task execution logs
[2026-05-12T08:11:55.613+0000] {taskinstance.py:2905} ERROR - Task failed with exception
Traceback (most recent call last):
  File "/home/airflow/.local/lib/python3.12/site-packages/pandas/compat/_optional.py", line 132, in import_optional_dependency
    module = importlib.import_module(name)
             ^^^^^^^^^^^^^^^^^^^^^^^^^^^^^
  File "/usr/local/lib/python3.12/importlib/__init__.py", line 90, in import_module
    return _bootstrap._gcd_import(name[level:], package, level)
           ^^^^^^^^^^^^^^^^^^^^^^^^^^^^^^^^^^^^^^^^^^^^^^^^^^^^
  File "<frozen importlib._bootstrap>", line 1387, in _gcd_import
  File "<frozen importlib._bootstrap>", line 1360, in _find_and_load
  File "<frozen importlib._bootstrap>", line 1324, in _find_and_load_unlocked
ModuleNotFoundError: No module named 'openpyxl'

During handling of the above exception, another exception occurred:

Traceback (most recent call last):
  File "/home/airflow/.local/lib/python3.12/site-packages/airflow/models/taskinstance.py", line 465, in _execute_task
    result = _execute_callable(context=context, **execute_callable_kwargs)
             ^^^^^^^^^^^^^^^^^^^^^^^^^^^^^^^^^^^^^^^^^^^^^^^^^^^^^^^^^^^^^
  File "/home/airflow/.local/lib/python3.12/site-packages/airflow/models/taskinstance.py", line 432, in _execute_callable
    return execute_callable(context=context, **execute_callable_kwargs)
           ^^^^^^^^^^^^^^^^^^^^^^^^^^^^^^^^^^^^^^^^^^^^^^^^^^^^^^^^^^^^
  File "/home/airflow/.local/lib/python3.12/site-packages/airflow/models/baseoperator.py", line 401, in wrapper
    return func(self, *args, **kwargs)
           ^^^^^^^^^^^^^^^^^^^^^^^^^^^
  File "/home/airflow/.local/lib/python3.12/site-packages/airflow/operators/python.py", line 235, in execute
    return_value = self.execute_callable()
                   ^^^^^^^^^^^^^^^^^^^^^^^
  File "/home/airflow/.local/lib/python3.12/site-packages/airflow/operators/python.py", line 252, in execute_callable
    return self.python_callable(*self.op_args, **self.op_kwargs)
           ^^^^^^^^^^^^^^^^^^^^^^^^^^^^^^^^^^^^^^^^^^^^^^^^^^^^^
  File "/opt/airflow/scripts/ingest.py", line 14, in run_ingestion
    sales_data = pd.read_excel("/opt/airflow/data/bronze/SalesandCustomerData.xlsx")
                 ^^^^^^^^^^^^^^^^^^^^^^^^^^^^^^^^^^^^^^^^^^^^^^^^^^^^^^^^^^^^^^^^^^^
  File "/home/airflow/.local/lib/python3.12/site-packages/pandas/io/excel/_base.py", line 504, in read_excel
    io = ExcelFile(
         ^^^^^^^^^^
  File "/home/airflow/.local/lib/python3.12/site-packages/pandas/io/excel/_base.py", line 1580, in __init__
    self._reader = self._engines[engine](
                   ^^^^^^^^^^^^^^^^^^^^^^
  File "/home/airflow/.local/lib/python3.12/site-packages/pandas/io/excel/_openpyxl.py", line 552, in __init__
    import_optional_dependency("openpyxl")
  File "/home/airflow/.local/lib/python3.12/site-packages/pandas/compat/_optional.py", line 135, in import_optional_dependency
    raise ImportError(msg)
ImportError: Missing optional dependency 'openpyxl'.  Use pip or conda to install openpyxl.
[2026-05-12T08:11:55.724+0000] {taskinstance.py:1206} INFO - Marking task as FAILED. dag_id=abc_phones_etl_pipeline, task_id=ingest_data, run_id=scheduled__2026-05-11T00:00:00+00:00, execution_date=20260511T000000, start_date=20260512T081152, end_date=20260512T081155
[2026-05-12T08:11:55.796+0000] {standard_task_runner.py:110} ERROR - Failed to execute job 13 for task ingest_data (Missing optional dependency 'openpyxl'.  Use pip or conda to install openpyxl.; 28)
[2026-05-12T08:11:55.893+0000] {local_task_job_runner.py:243} INFO - Task exited with return code 1
[2026-05-12T08:11:55.983+0000] {taskinstance.py:3503} INFO - 0 downstream tasks scheduled from follow-on schedule check
[2026-05-12T08:11:56.022+0000] {local_task_job_runner.py:222} INFO - ::endgroup::
[2026-05-12T08:22:25.750+0000] {local_task_job_runner.py:120} INFO - ::group::Pre task execution logs
[2026-05-12T08:22:25.906+0000] {taskinstance.py:2076} INFO - Dependencies all met for dep_context=non-requeueable deps ti=<TaskInstance: abc_phones_etl_pipeline.ingest_data scheduled__2026-05-11T00:00:00+00:00 [queued]>
[2026-05-12T08:22:25.931+0000] {taskinstance.py:2076} INFO - Dependencies all met for dep_context=requeueable deps ti=<TaskInstance: abc_phones_etl_pipeline.ingest_data scheduled__2026-05-11T00:00:00+00:00 [queued]>
[2026-05-12T08:22:25.936+0000] {taskinstance.py:2306} INFO - Starting attempt 2 of 2
[2026-05-12T08:22:25.974+0000] {taskinstance.py:2330} INFO - Executing <Task(PythonOperator): ingest_data> on 2026-05-11 00:00:00+00:00
[2026-05-12T08:22:25.995+0000] {standard_task_runner.py:90} INFO - Running: ['airflow', 'tasks', 'run', 'abc_phones_etl_pipeline', 'ingest_data', 'scheduled__2026-05-11T00:00:00+00:00', '--job-id', '18', '--raw', '--subdir', 'DAGS_FOLDER/abc_phones_etl_dag.py', '--cfg-path', '/tmp/tmpeh4kh1a6']
[2026-05-12T08:22:26.029+0000] {standard_task_runner.py:91} INFO - Job 18: Subtask ingest_data
[2026-05-12T08:22:26.031+0000] {logging_mixin.py:188} WARNING - /home/airflow/.local/lib/python3.12/site-packages/airflow/task/task_runner/standard_task_runner.py:62 DeprecationWarning: This process (pid=23) is multi-threaded, use of fork() may lead to deadlocks in the child.
[2026-05-12T08:22:26.035+0000] {standard_task_runner.py:64} INFO - Started process 28 to run task
[2026-05-12T08:22:26.186+0000] {task_command.py:426} INFO - Running <TaskInstance: abc_phones_etl_pipeline.ingest_data scheduled__2026-05-11T00:00:00+00:00 [running]> on host 819e8234ddcf
[2026-05-12T08:22:26.430+0000] {taskinstance.py:2648} INFO - Exporting env vars: AIRFLOW_CTX_DAG_OWNER='data_engineer' AIRFLOW_CTX_DAG_ID='abc_phones_etl_pipeline' AIRFLOW_CTX_TASK_ID='ingest_data' AIRFLOW_CTX_EXECUTION_DATE='2026-05-11T00:00:00+00:00' AIRFLOW_CTX_TRY_NUMBER='2' AIRFLOW_CTX_DAG_RUN_ID='scheduled__2026-05-11T00:00:00+00:00'
[2026-05-12T08:22:26.432+0000] {taskinstance.py:430} INFO - ::endgroup::
[2026-05-12T08:22:27.598+0000] {taskinstance.py:441} INFO - ::group::Post task execution logs
[2026-05-12T08:22:27.599+0000] {taskinstance.py:2905} ERROR - Task failed with exception
Traceback (most recent call last):
  File "/home/airflow/.local/lib/python3.12/site-packages/pandas/compat/_optional.py", line 132, in import_optional_dependency
    module = importlib.import_module(name)
             ^^^^^^^^^^^^^^^^^^^^^^^^^^^^^
  File "/usr/local/lib/python3.12/importlib/__init__.py", line 90, in import_module
    return _bootstrap._gcd_import(name[level:], package, level)
           ^^^^^^^^^^^^^^^^^^^^^^^^^^^^^^^^^^^^^^^^^^^^^^^^^^^^
  File "<frozen importlib._bootstrap>", line 1387, in _gcd_import
  File "<frozen importlib._bootstrap>", line 1360, in _find_and_load
  File "<frozen importlib._bootstrap>", line 1324, in _find_and_load_unlocked
ModuleNotFoundError: No module named 'openpyxl'

During handling of the above exception, another exception occurred:

Traceback (most recent call last):
  File "/home/airflow/.local/lib/python3.12/site-packages/airflow/models/taskinstance.py", line 465, in _execute_task
    result = _execute_callable(context=context, **execute_callable_kwargs)
             ^^^^^^^^^^^^^^^^^^^^^^^^^^^^^^^^^^^^^^^^^^^^^^^^^^^^^^^^^^^^^
  File "/home/airflow/.local/lib/python3.12/site-packages/airflow/models/taskinstance.py", line 432, in _execute_callable
    return execute_callable(context=context, **execute_callable_kwargs)
           ^^^^^^^^^^^^^^^^^^^^^^^^^^^^^^^^^^^^^^^^^^^^^^^^^^^^^^^^^^^^
  File "/home/airflow/.local/lib/python3.12/site-packages/airflow/models/baseoperator.py", line 401, in wrapper
    return func(self, *args, **kwargs)
           ^^^^^^^^^^^^^^^^^^^^^^^^^^^
  File "/home/airflow/.local/lib/python3.12/site-packages/airflow/operators/python.py", line 235, in execute
    return_value = self.execute_callable()
                   ^^^^^^^^^^^^^^^^^^^^^^^
  File "/home/airflow/.local/lib/python3.12/site-packages/airflow/operators/python.py", line 252, in execute_callable
    return self.python_callable(*self.op_args, **self.op_kwargs)
           ^^^^^^^^^^^^^^^^^^^^^^^^^^^^^^^^^^^^^^^^^^^^^^^^^^^^^
  File "/opt/airflow/scripts/ingest.py", line 14, in run_ingestion
    sales_data = pd.read_excel("/opt/airflow/data/bronze/SalesandCustomerData.xlsx")
                 ^^^^^^^^^^^^^^^^^^^^^^^^^^^^^^^^^^^^^^^^^^^^^^^^^^^^^^^^^^^^^^^^^^^
  File "/home/airflow/.local/lib/python3.12/site-packages/pandas/io/excel/_base.py", line 504, in read_excel
    io = ExcelFile(
         ^^^^^^^^^^
  File "/home/airflow/.local/lib/python3.12/site-packages/pandas/io/excel/_base.py", line 1580, in __init__
    self._reader = self._engines[engine](
                   ^^^^^^^^^^^^^^^^^^^^^^
  File "/home/airflow/.local/lib/python3.12/site-packages/pandas/io/excel/_openpyxl.py", line 552, in __init__
    import_optional_dependency("openpyxl")
  File "/home/airflow/.local/lib/python3.12/site-packages/pandas/compat/_optional.py", line 135, in import_optional_dependency
    raise ImportError(msg)
ImportError: Missing optional dependency 'openpyxl'.  Use pip or conda to install openpyxl.
[2026-05-12T08:22:27.662+0000] {taskinstance.py:1206} INFO - Marking task as FAILED. dag_id=abc_phones_etl_pipeline, task_id=ingest_data, run_id=scheduled__2026-05-11T00:00:00+00:00, execution_date=20260511T000000, start_date=20260512T082225, end_date=20260512T082227
[2026-05-12T08:22:27.690+0000] {standard_task_runner.py:110} ERROR - Failed to execute job 18 for task ingest_data (Missing optional dependency 'openpyxl'.  Use pip or conda to install openpyxl.; 28)
[2026-05-12T08:22:27.740+0000] {local_task_job_runner.py:243} INFO - Task exited with return code 1
[2026-05-12T08:22:27.818+0000] {taskinstance.py:3503} INFO - 0 downstream tasks scheduled from follow-on schedule check
[2026-05-12T08:22:27.829+0000] {local_task_job_runner.py:222} INFO - ::endgroup::
[2026-05-12T08:32:58.098+0000] {local_task_job_runner.py:120} INFO - ::group::Pre task execution logs
[2026-05-12T08:32:58.162+0000] {taskinstance.py:2076} INFO - Dependencies all met for dep_context=non-requeueable deps ti=<TaskInstance: abc_phones_etl_pipeline.ingest_data scheduled__2026-05-11T00:00:00+00:00 [queued]>
[2026-05-12T08:32:58.172+0000] {taskinstance.py:2076} INFO - Dependencies all met for dep_context=requeueable deps ti=<TaskInstance: abc_phones_etl_pipeline.ingest_data scheduled__2026-05-11T00:00:00+00:00 [queued]>
[2026-05-12T08:32:58.173+0000] {taskinstance.py:2306} INFO - Starting attempt 2 of 2
[2026-05-12T08:32:58.191+0000] {taskinstance.py:2330} INFO - Executing <Task(PythonOperator): ingest_data> on 2026-05-11 00:00:00+00:00
[2026-05-12T08:32:58.202+0000] {standard_task_runner.py:90} INFO - Running: ['airflow', 'tasks', 'run', 'abc_phones_etl_pipeline', 'ingest_data', 'scheduled__2026-05-11T00:00:00+00:00', '--job-id', '23', '--raw', '--subdir', 'DAGS_FOLDER/abc_phones_etl_dag.py', '--cfg-path', '/tmp/tmpqqluawdb']
[2026-05-12T08:32:58.206+0000] {standard_task_runner.py:91} INFO - Job 23: Subtask ingest_data
[2026-05-12T08:32:58.206+0000] {logging_mixin.py:188} WARNING - /home/airflow/.local/lib/python3.12/site-packages/airflow/task/task_runner/standard_task_runner.py:62 DeprecationWarning: This process (pid=93) is multi-threaded, use of fork() may lead to deadlocks in the child.
[2026-05-12T08:32:58.207+0000] {standard_task_runner.py:64} INFO - Started process 98 to run task
[2026-05-12T08:32:58.296+0000] {task_command.py:426} INFO - Running <TaskInstance: abc_phones_etl_pipeline.ingest_data scheduled__2026-05-11T00:00:00+00:00 [running]> on host 819e8234ddcf
[2026-05-12T08:32:58.446+0000] {taskinstance.py:2648} INFO - Exporting env vars: AIRFLOW_CTX_DAG_OWNER='data_engineer' AIRFLOW_CTX_DAG_ID='abc_phones_etl_pipeline' AIRFLOW_CTX_TASK_ID='ingest_data' AIRFLOW_CTX_EXECUTION_DATE='2026-05-11T00:00:00+00:00' AIRFLOW_CTX_TRY_NUMBER='2' AIRFLOW_CTX_DAG_RUN_ID='scheduled__2026-05-11T00:00:00+00:00'
[2026-05-12T08:32:58.447+0000] {taskinstance.py:430} INFO - ::endgroup::
[2026-05-12T08:32:59.126+0000] {taskinstance.py:441} INFO - ::group::Post task execution logs
[2026-05-12T08:32:59.127+0000] {taskinstance.py:2905} ERROR - Task failed with exception
Traceback (most recent call last):
  File "/home/airflow/.local/lib/python3.12/site-packages/pandas/compat/_optional.py", line 132, in import_optional_dependency
    module = importlib.import_module(name)
             ^^^^^^^^^^^^^^^^^^^^^^^^^^^^^
  File "/usr/local/lib/python3.12/importlib/__init__.py", line 90, in import_module
    return _bootstrap._gcd_import(name[level:], package, level)
           ^^^^^^^^^^^^^^^^^^^^^^^^^^^^^^^^^^^^^^^^^^^^^^^^^^^^
  File "<frozen importlib._bootstrap>", line 1387, in _gcd_import
  File "<frozen importlib._bootstrap>", line 1360, in _find_and_load
  File "<frozen importlib._bootstrap>", line 1324, in _find_and_load_unlocked
ModuleNotFoundError: No module named 'openpyxl'

During handling of the above exception, another exception occurred:

Traceback (most recent call last):
  File "/home/airflow/.local/lib/python3.12/site-packages/airflow/models/taskinstance.py", line 465, in _execute_task
    result = _execute_callable(context=context, **execute_callable_kwargs)
             ^^^^^^^^^^^^^^^^^^^^^^^^^^^^^^^^^^^^^^^^^^^^^^^^^^^^^^^^^^^^^
  File "/home/airflow/.local/lib/python3.12/site-packages/airflow/models/taskinstance.py", line 432, in _execute_callable
    return execute_callable(context=context, **execute_callable_kwargs)
           ^^^^^^^^^^^^^^^^^^^^^^^^^^^^^^^^^^^^^^^^^^^^^^^^^^^^^^^^^^^^
  File "/home/airflow/.local/lib/python3.12/site-packages/airflow/models/baseoperator.py", line 401, in wrapper
    return func(self, *args, **kwargs)
           ^^^^^^^^^^^^^^^^^^^^^^^^^^^
  File "/home/airflow/.local/lib/python3.12/site-packages/airflow/operators/python.py", line 235, in execute
    return_value = self.execute_callable()
                   ^^^^^^^^^^^^^^^^^^^^^^^
  File "/home/airflow/.local/lib/python3.12/site-packages/airflow/operators/python.py", line 252, in execute_callable
    return self.python_callable(*self.op_args, **self.op_kwargs)
           ^^^^^^^^^^^^^^^^^^^^^^^^^^^^^^^^^^^^^^^^^^^^^^^^^^^^^
  File "/opt/airflow/scripts/ingest.py", line 14, in run_ingestion
    sales_data = pd.read_excel("/opt/airflow/data/bronze/SalesandCustomerData.xlsx", engine="openpyxl")
                 ^^^^^^^^^^^^^^^^^^^^^^^^^^^^^^^^^^^^^^^^^^^^^^^^^^^^^^^^^^^^^^^^^^^^^^^^^^^^^^^^^^^^^^
  File "/home/airflow/.local/lib/python3.12/site-packages/pandas/io/excel/_base.py", line 504, in read_excel
    io = ExcelFile(
         ^^^^^^^^^^
  File "/home/airflow/.local/lib/python3.12/site-packages/pandas/io/excel/_base.py", line 1580, in __init__
    self._reader = self._engines[engine](
                   ^^^^^^^^^^^^^^^^^^^^^^
  File "/home/airflow/.local/lib/python3.12/site-packages/pandas/io/excel/_openpyxl.py", line 552, in __init__
    import_optional_dependency("openpyxl")
  File "/home/airflow/.local/lib/python3.12/site-packages/pandas/compat/_optional.py", line 135, in import_optional_dependency
    raise ImportError(msg)
ImportError: Missing optional dependency 'openpyxl'.  Use pip or conda to install openpyxl.
[2026-05-12T08:32:59.162+0000] {taskinstance.py:1206} INFO - Marking task as FAILED. dag_id=abc_phones_etl_pipeline, task_id=ingest_data, run_id=scheduled__2026-05-11T00:00:00+00:00, execution_date=20260511T000000, start_date=20260512T083258, end_date=20260512T083259
[2026-05-12T08:32:59.179+0000] {standard_task_runner.py:110} ERROR - Failed to execute job 23 for task ingest_data (Missing optional dependency 'openpyxl'.  Use pip or conda to install openpyxl.; 98)
[2026-05-12T08:32:59.228+0000] {local_task_job_runner.py:243} INFO - Task exited with return code 1
[2026-05-12T08:32:59.262+0000] {taskinstance.py:3503} INFO - 0 downstream tasks scheduled from follow-on schedule check
[2026-05-12T08:32:59.270+0000] {local_task_job_runner.py:222} INFO - ::endgroup::
[2026-05-12T09:08:59.119+0000] {local_task_job_runner.py:120} INFO - ::group::Pre task execution logs
[2026-05-12T09:08:59.197+0000] {taskinstance.py:2076} INFO - Dependencies all met for dep_context=non-requeueable deps ti=<TaskInstance: abc_phones_etl_pipeline.ingest_data scheduled__2026-05-11T00:00:00+00:00 [queued]>
[2026-05-12T09:08:59.212+0000] {taskinstance.py:2076} INFO - Dependencies all met for dep_context=requeueable deps ti=<TaskInstance: abc_phones_etl_pipeline.ingest_data scheduled__2026-05-11T00:00:00+00:00 [queued]>
[2026-05-12T09:08:59.215+0000] {taskinstance.py:2306} INFO - Starting attempt 2 of 2
[2026-05-12T09:08:59.242+0000] {taskinstance.py:2330} INFO - Executing <Task(PythonOperator): ingest_data> on 2026-05-11 00:00:00+00:00
[2026-05-12T09:08:59.257+0000] {standard_task_runner.py:90} INFO - Running: ['airflow', 'tasks', 'run', 'abc_phones_etl_pipeline', 'ingest_data', 'scheduled__2026-05-11T00:00:00+00:00', '--job-id', '27', '--raw', '--subdir', 'DAGS_FOLDER/abc_phones_etl_dag.py', '--cfg-path', '/tmp/tmpd9cjnwkh']
[2026-05-12T09:08:59.268+0000] {logging_mixin.py:188} WARNING - /home/airflow/.local/lib/python3.12/site-packages/airflow/task/task_runner/standard_task_runner.py:62 DeprecationWarning: This process (pid=153) is multi-threaded, use of fork() may lead to deadlocks in the child.
[2026-05-12T09:08:59.271+0000] {standard_task_runner.py:91} INFO - Job 27: Subtask ingest_data
[2026-05-12T09:08:59.273+0000] {standard_task_runner.py:64} INFO - Started process 160 to run task
[2026-05-12T09:08:59.394+0000] {task_command.py:426} INFO - Running <TaskInstance: abc_phones_etl_pipeline.ingest_data scheduled__2026-05-11T00:00:00+00:00 [running]> on host 87c449af332c
[2026-05-12T09:08:59.555+0000] {taskinstance.py:2648} INFO - Exporting env vars: AIRFLOW_CTX_DAG_OWNER='data_engineer' AIRFLOW_CTX_DAG_ID='abc_phones_etl_pipeline' AIRFLOW_CTX_TASK_ID='ingest_data' AIRFLOW_CTX_EXECUTION_DATE='2026-05-11T00:00:00+00:00' AIRFLOW_CTX_TRY_NUMBER='2' AIRFLOW_CTX_DAG_RUN_ID='scheduled__2026-05-11T00:00:00+00:00'
[2026-05-12T09:08:59.557+0000] {taskinstance.py:430} INFO - ::endgroup::
[2026-05-12T09:09:00.416+0000] {taskinstance.py:441} INFO - ::group::Post task execution logs
[2026-05-12T09:09:00.416+0000] {taskinstance.py:2905} ERROR - Task failed with exception
Traceback (most recent call last):
  File "/home/airflow/.local/lib/python3.12/site-packages/pandas/compat/_optional.py", line 132, in import_optional_dependency
    module = importlib.import_module(name)
             ^^^^^^^^^^^^^^^^^^^^^^^^^^^^^
  File "/usr/local/lib/python3.12/importlib/__init__.py", line 90, in import_module
    return _bootstrap._gcd_import(name[level:], package, level)
           ^^^^^^^^^^^^^^^^^^^^^^^^^^^^^^^^^^^^^^^^^^^^^^^^^^^^
  File "<frozen importlib._bootstrap>", line 1387, in _gcd_import
  File "<frozen importlib._bootstrap>", line 1360, in _find_and_load
  File "<frozen importlib._bootstrap>", line 1324, in _find_and_load_unlocked
ModuleNotFoundError: No module named 'openpyxl'

During handling of the above exception, another exception occurred:

Traceback (most recent call last):
  File "/home/airflow/.local/lib/python3.12/site-packages/airflow/models/taskinstance.py", line 465, in _execute_task
    result = _execute_callable(context=context, **execute_callable_kwargs)
             ^^^^^^^^^^^^^^^^^^^^^^^^^^^^^^^^^^^^^^^^^^^^^^^^^^^^^^^^^^^^^
  File "/home/airflow/.local/lib/python3.12/site-packages/airflow/models/taskinstance.py", line 432, in _execute_callable
    return execute_callable(context=context, **execute_callable_kwargs)
           ^^^^^^^^^^^^^^^^^^^^^^^^^^^^^^^^^^^^^^^^^^^^^^^^^^^^^^^^^^^^
  File "/home/airflow/.local/lib/python3.12/site-packages/airflow/models/baseoperator.py", line 401, in wrapper
    return func(self, *args, **kwargs)
           ^^^^^^^^^^^^^^^^^^^^^^^^^^^
  File "/home/airflow/.local/lib/python3.12/site-packages/airflow/operators/python.py", line 235, in execute
    return_value = self.execute_callable()
                   ^^^^^^^^^^^^^^^^^^^^^^^
  File "/home/airflow/.local/lib/python3.12/site-packages/airflow/operators/python.py", line 252, in execute_callable
    return self.python_callable(*self.op_args, **self.op_kwargs)
           ^^^^^^^^^^^^^^^^^^^^^^^^^^^^^^^^^^^^^^^^^^^^^^^^^^^^^
  File "/opt/airflow/scripts/ingest.py", line 14, in run_ingestion
    sales_data = pd.read_excel("/opt/airflow/data/bronze/SalesandCustomerData.xlsx", engine="openpyxl")
                 ^^^^^^^^^^^^^^^^^^^^^^^^^^^^^^^^^^^^^^^^^^^^^^^^^^^^^^^^^^^^^^^^^^^^^^^^^^^^^^^^^^^^^^
  File "/home/airflow/.local/lib/python3.12/site-packages/pandas/io/excel/_base.py", line 504, in read_excel
    io = ExcelFile(
         ^^^^^^^^^^
  File "/home/airflow/.local/lib/python3.12/site-packages/pandas/io/excel/_base.py", line 1580, in __init__
    self._reader = self._engines[engine](
                   ^^^^^^^^^^^^^^^^^^^^^^
  File "/home/airflow/.local/lib/python3.12/site-packages/pandas/io/excel/_openpyxl.py", line 552, in __init__
    import_optional_dependency("openpyxl")
  File "/home/airflow/.local/lib/python3.12/site-packages/pandas/compat/_optional.py", line 135, in import_optional_dependency
    raise ImportError(msg)
ImportError: Missing optional dependency 'openpyxl'.  Use pip or conda to install openpyxl.
[2026-05-12T09:09:00.448+0000] {taskinstance.py:1206} INFO - Marking task as FAILED. dag_id=abc_phones_etl_pipeline, task_id=ingest_data, run_id=scheduled__2026-05-11T00:00:00+00:00, execution_date=20260511T000000, start_date=20260512T090859, end_date=20260512T090900
[2026-05-12T09:09:00.470+0000] {standard_task_runner.py:110} ERROR - Failed to execute job 27 for task ingest_data (Missing optional dependency 'openpyxl'.  Use pip or conda to install openpyxl.; 160)
[2026-05-12T09:09:00.494+0000] {local_task_job_runner.py:243} INFO - Task exited with return code 1
[2026-05-12T09:09:00.530+0000] {taskinstance.py:3503} INFO - 0 downstream tasks scheduled from follow-on schedule check
[2026-05-12T09:09:00.537+0000] {local_task_job_runner.py:222} INFO - ::endgroup::
