[2026-05-12T14:20:30.269+0000] {local_task_job_runner.py:120} INFO - ::group::Pre task execution logs
[2026-05-12T14:20:30.304+0000] {taskinstance.py:2076} INFO - Dependencies all met for dep_context=non-requeueable deps ti=<TaskInstance: abc_phones_etl_pipeline.feature_engineering manual__2026-05-12T14:09:15.166150+00:00 [queued]>
[2026-05-12T14:20:30.312+0000] {taskinstance.py:2076} INFO - Dependencies all met for dep_context=requeueable deps ti=<TaskInstance: abc_phones_etl_pipeline.feature_engineering manual__2026-05-12T14:09:15.166150+00:00 [queued]>
[2026-05-12T14:20:30.313+0000] {taskinstance.py:2306} INFO - Starting attempt 2 of 2
[2026-05-12T14:20:30.330+0000] {taskinstance.py:2330} INFO - Executing <Task(PythonOperator): feature_engineering> on 2026-05-12 14:09:15.166150+00:00
[2026-05-12T14:20:30.339+0000] {standard_task_runner.py:90} INFO - Running: ['airflow', 'tasks', 'run', 'abc_phones_etl_pipeline', 'feature_engineering', 'manual__2026-05-12T14:09:15.166150+00:00', '--job-id', '120', '--raw', '--subdir', 'DAGS_FOLDER/abc_phones_etl_dag.py', '--cfg-path', '/tmp/tmpk52zbj3g']
[2026-05-12T14:20:30.342+0000] {standard_task_runner.py:91} INFO - Job 120: Subtask feature_engineering
[2026-05-12T14:20:30.343+0000] {logging_mixin.py:188} WARNING - /home/airflow/.local/lib/python3.12/site-packages/airflow/task/task_runner/standard_task_runner.py:62 DeprecationWarning: This process (pid=1153) is multi-threaded, use of fork() may lead to deadlocks in the child.
[2026-05-12T14:20:30.344+0000] {standard_task_runner.py:64} INFO - Started process 1158 to run task
[2026-05-12T14:20:30.409+0000] {task_command.py:426} INFO - Running <TaskInstance: abc_phones_etl_pipeline.feature_engineering manual__2026-05-12T14:09:15.166150+00:00 [running]> on host 87c449af332c
[2026-05-12T14:20:30.535+0000] {taskinstance.py:2648} INFO - Exporting env vars: AIRFLOW_CTX_DAG_OWNER='data_engineer' AIRFLOW_CTX_DAG_ID='abc_phones_etl_pipeline' AIRFLOW_CTX_TASK_ID='feature_engineering' AIRFLOW_CTX_EXECUTION_DATE='2026-05-12T14:09:15.166150+00:00' AIRFLOW_CTX_TRY_NUMBER='2' AIRFLOW_CTX_DAG_RUN_ID='manual__2026-05-12T14:09:15.166150+00:00'
[2026-05-12T14:20:30.537+0000] {taskinstance.py:430} INFO - ::endgroup::
[2026-05-12T14:20:30.580+0000] {taskinstance.py:441} INFO - ::group::Post task execution logs
[2026-05-12T14:20:30.582+0000] {taskinstance.py:2905} ERROR - Task failed with exception
Traceback (most recent call last):
  File "/home/airflow/.local/lib/python3.12/site-packages/airflow/models/taskinstance.py", line 465, in _execute_task
    result = _execute_callable(context=context, **execute_callable_kwargs)
             ^^^^^^^^^^^^^^^^^^^^^^^^^^^^^^^^^^^^^^^^^^^^^^^^^^^^^^^^^^^^^
  File "/home/airflow/.local/lib/python3.12/site-packages/airflow/models/taskinstance.py", line 432, in _execute_callable
    return execute_callable(context=context, **execute_callable_kwargs)
           ^^^^^^^^^^^^^^^^^^^^^^^^^^^^^^^^^^^^^^^^^^^^^^^^^^^^^^^^^^^^
  File "/home/airflow/.local/lib/python3.12/site-packages/airflow/models/baseoperator.py", line 401, in wrapper
    return func(self, *args, **kwargs)
           ^^^^^^^^^^^^^^^^^^^^^^^^^^^
  File "/home/airflow/.local/lib/python3.12/site-packages/airflow/operators/python.py", line 235, in execute
    return_value = self.execute_callable()
                   ^^^^^^^^^^^^^^^^^^^^^^^
  File "/home/airflow/.local/lib/python3.12/site-packages/airflow/operators/python.py", line 252, in execute_callable
    return self.python_callable(*self.op_args, **self.op_kwargs)
           ^^^^^^^^^^^^^^^^^^^^^^^^^^^^^^^^^^^^^^^^^^^^^^^^^^^^^
  File "/opt/airflow/scripts/feature_engineering.py", line 4, in run_feature_engineering
    credit_data = pd.read_csv("/data/gold/credit_cleaned.csv")
                  ^^^^^^^^^^^^^^^^^^^^^^^^^^^^^^^^^^^^^^^^^^^^
  File "/home/airflow/.local/lib/python3.12/site-packages/pandas/io/parsers/readers.py", line 948, in read_csv
    return _read(filepath_or_buffer, kwds)
           ^^^^^^^^^^^^^^^^^^^^^^^^^^^^^^^
  File "/home/airflow/.local/lib/python3.12/site-packages/pandas/io/parsers/readers.py", line 611, in _read
    parser = TextFileReader(filepath_or_buffer, **kwds)
             ^^^^^^^^^^^^^^^^^^^^^^^^^^^^^^^^^^^^^^^^^^
  File "/home/airflow/.local/lib/python3.12/site-packages/pandas/io/parsers/readers.py", line 1448, in __init__
    self._engine = self._make_engine(f, self.engine)
                   ^^^^^^^^^^^^^^^^^^^^^^^^^^^^^^^^^
  File "/home/airflow/.local/lib/python3.12/site-packages/pandas/io/parsers/readers.py", line 1705, in _make_engine
    self.handles = get_handle(
                   ^^^^^^^^^^^
  File "/home/airflow/.local/lib/python3.12/site-packages/pandas/io/common.py", line 863, in get_handle
    handle = open(
             ^^^^^
FileNotFoundError: [Errno 2] No such file or directory: '/data/gold/credit_cleaned.csv'
[2026-05-12T14:20:30.617+0000] {taskinstance.py:1206} INFO - Marking task as FAILED. dag_id=abc_phones_etl_pipeline, task_id=feature_engineering, run_id=manual__2026-05-12T14:09:15.166150+00:00, execution_date=20260512T140915, start_date=20260512T142030, end_date=20260512T142030
[2026-05-12T14:20:30.643+0000] {standard_task_runner.py:110} ERROR - Failed to execute job 120 for task feature_engineering ([Errno 2] No such file or directory: '/data/gold/credit_cleaned.csv'; 1158)
[2026-05-12T14:20:30.685+0000] {local_task_job_runner.py:243} INFO - Task exited with return code 1
[2026-05-12T14:20:30.755+0000] {taskinstance.py:3503} INFO - 0 downstream tasks scheduled from follow-on schedule check
[2026-05-12T14:20:30.761+0000] {local_task_job_runner.py:222} INFO - ::endgroup::
