[2026-05-13T11:48:52.256+0000] {local_task_job_runner.py:120} INFO - ::group::Pre task execution logs
[2026-05-13T11:48:52.299+0000] {taskinstance.py:2076} INFO - Dependencies all met for dep_context=non-requeueable deps ti=<TaskInstance: abc_phones_etl_pipeline.clean_data scheduled__2026-05-12T00:00:00+00:00 [queued]>
[2026-05-13T11:48:52.310+0000] {taskinstance.py:2076} INFO - Dependencies all met for dep_context=requeueable deps ti=<TaskInstance: abc_phones_etl_pipeline.clean_data scheduled__2026-05-12T00:00:00+00:00 [queued]>
[2026-05-13T11:48:52.312+0000] {taskinstance.py:2306} INFO - Starting attempt 1 of 2
[2026-05-13T11:48:52.328+0000] {taskinstance.py:2330} INFO - Executing <Task(PythonOperator): clean_data> on 2026-05-12 00:00:00+00:00
[2026-05-13T11:48:52.337+0000] {standard_task_runner.py:90} INFO - Running: ['airflow', 'tasks', 'run', 'abc_phones_etl_pipeline', 'clean_data', 'scheduled__2026-05-12T00:00:00+00:00', '--job-id', '159', '--raw', '--subdir', 'DAGS_FOLDER/abc_phones_etl_dag.py', '--cfg-path', '/tmp/tmpyimlslm1']
[2026-05-13T11:48:52.341+0000] {standard_task_runner.py:91} INFO - Job 159: Subtask clean_data
[2026-05-13T11:48:52.341+0000] {logging_mixin.py:188} WARNING - /home/airflow/.local/lib/python3.12/site-packages/airflow/task/task_runner/standard_task_runner.py:62 DeprecationWarning: This process (pid=88) is multi-threaded, use of fork() may lead to deadlocks in the child.
[2026-05-13T11:48:52.343+0000] {standard_task_runner.py:64} INFO - Started process 93 to run task
[2026-05-13T11:48:52.413+0000] {task_command.py:426} INFO - Running <TaskInstance: abc_phones_etl_pipeline.clean_data scheduled__2026-05-12T00:00:00+00:00 [running]> on host 87c449af332c
[2026-05-13T11:48:52.531+0000] {taskinstance.py:2648} INFO - Exporting env vars: AIRFLOW_CTX_DAG_OWNER='data_engineer' AIRFLOW_CTX_DAG_ID='abc_phones_etl_pipeline' AIRFLOW_CTX_TASK_ID='clean_data' AIRFLOW_CTX_EXECUTION_DATE='2026-05-12T00:00:00+00:00' AIRFLOW_CTX_TRY_NUMBER='1' AIRFLOW_CTX_DAG_RUN_ID='scheduled__2026-05-12T00:00:00+00:00'
[2026-05-13T11:48:52.532+0000] {taskinstance.py:430} INFO - ::endgroup::
[2026-05-13T11:49:09.798+0000] {python.py:237} INFO - Done. Returned value was: None
[2026-05-13T11:49:09.799+0000] {taskinstance.py:441} INFO - ::group::Post task execution logs
[2026-05-13T11:49:09.819+0000] {taskinstance.py:1206} INFO - Marking task as SUCCESS. dag_id=abc_phones_etl_pipeline, task_id=clean_data, run_id=scheduled__2026-05-12T00:00:00+00:00, execution_date=20260512T000000, start_date=20260513T114852, end_date=20260513T114909
[2026-05-13T11:49:09.897+0000] {local_task_job_runner.py:243} INFO - Task exited with return code 0
[2026-05-13T11:49:09.938+0000] {taskinstance.py:3503} INFO - 1 downstream tasks scheduled from follow-on schedule check
[2026-05-13T11:49:09.942+0000] {local_task_job_runner.py:222} INFO - ::endgroup::
[2026-05-13T15:52:02.570+0000] {local_task_job_runner.py:120} INFO - ::group::Pre task execution logs
[2026-05-13T15:52:02.618+0000] {taskinstance.py:2076} INFO - Dependencies all met for dep_context=non-requeueable deps ti=<TaskInstance: abc_phones_etl_pipeline.clean_data scheduled__2026-05-12T00:00:00+00:00 [queued]>
[2026-05-13T15:52:02.649+0000] {taskinstance.py:2076} INFO - Dependencies all met for dep_context=requeueable deps ti=<TaskInstance: abc_phones_etl_pipeline.clean_data scheduled__2026-05-12T00:00:00+00:00 [queued]>
[2026-05-13T15:52:02.650+0000] {taskinstance.py:2306} INFO - Starting attempt 1 of 2
[2026-05-13T15:52:02.687+0000] {taskinstance.py:2330} INFO - Executing <Task(PythonOperator): clean_data> on 2026-05-12 00:00:00+00:00
[2026-05-13T15:52:02.702+0000] {standard_task_runner.py:90} INFO - Running: ['airflow', 'tasks', 'run', 'abc_phones_etl_pipeline', 'clean_data', 'scheduled__2026-05-12T00:00:00+00:00', '--job-id', '205', '--raw', '--subdir', 'DAGS_FOLDER/abc_phones_etl_dag.py', '--cfg-path', '/tmp/tmpz0zl_cki']
[2026-05-13T15:52:02.708+0000] {standard_task_runner.py:91} INFO - Job 205: Subtask clean_data
[2026-05-13T15:52:02.711+0000] {logging_mixin.py:188} WARNING - /home/airflow/.local/lib/python3.12/site-packages/airflow/task/task_runner/standard_task_runner.py:62 DeprecationWarning: This process (pid=1310) is multi-threaded, use of fork() may lead to deadlocks in the child.
[2026-05-13T15:52:02.714+0000] {standard_task_runner.py:64} INFO - Started process 1315 to run task
[2026-05-13T15:52:02.845+0000] {task_command.py:426} INFO - Running <TaskInstance: abc_phones_etl_pipeline.clean_data scheduled__2026-05-12T00:00:00+00:00 [running]> on host 87c449af332c
[2026-05-13T15:52:02.972+0000] {taskinstance.py:2648} INFO - Exporting env vars: AIRFLOW_CTX_DAG_OWNER='data_engineer' AIRFLOW_CTX_DAG_ID='abc_phones_etl_pipeline' AIRFLOW_CTX_TASK_ID='clean_data' AIRFLOW_CTX_EXECUTION_DATE='2026-05-12T00:00:00+00:00' AIRFLOW_CTX_TRY_NUMBER='1' AIRFLOW_CTX_DAG_RUN_ID='scheduled__2026-05-12T00:00:00+00:00'
[2026-05-13T15:52:02.975+0000] {taskinstance.py:430} INFO - ::endgroup::
[2026-05-13T15:52:16.235+0000] {python.py:237} INFO - Done. Returned value was: None
[2026-05-13T15:52:16.236+0000] {taskinstance.py:441} INFO - ::group::Post task execution logs
[2026-05-13T15:52:16.253+0000] {taskinstance.py:1206} INFO - Marking task as SUCCESS. dag_id=abc_phones_etl_pipeline, task_id=clean_data, run_id=scheduled__2026-05-12T00:00:00+00:00, execution_date=20260512T000000, start_date=20260513T155202, end_date=20260513T155216
[2026-05-13T15:52:16.320+0000] {local_task_job_runner.py:243} INFO - Task exited with return code 0
[2026-05-13T15:52:16.357+0000] {taskinstance.py:3503} INFO - 1 downstream tasks scheduled from follow-on schedule check
[2026-05-13T15:52:16.364+0000] {local_task_job_runner.py:222} INFO - ::endgroup::
[2026-05-13T16:35:54.629+0000] {local_task_job_runner.py:120} INFO - ::group::Pre task execution logs
[2026-05-13T16:35:54.695+0000] {taskinstance.py:2076} INFO - Dependencies all met for dep_context=non-requeueable deps ti=<TaskInstance: abc_phones_etl_pipeline.clean_data scheduled__2026-05-12T00:00:00+00:00 [queued]>
[2026-05-13T16:35:54.708+0000] {taskinstance.py:2076} INFO - Dependencies all met for dep_context=requeueable deps ti=<TaskInstance: abc_phones_etl_pipeline.clean_data scheduled__2026-05-12T00:00:00+00:00 [queued]>
[2026-05-13T16:35:54.709+0000] {taskinstance.py:2306} INFO - Starting attempt 1 of 2
[2026-05-13T16:35:54.732+0000] {taskinstance.py:2330} INFO - Executing <Task(PythonOperator): clean_data> on 2026-05-12 00:00:00+00:00
[2026-05-13T16:35:54.754+0000] {standard_task_runner.py:90} INFO - Running: ['airflow', 'tasks', 'run', 'abc_phones_etl_pipeline', 'clean_data', 'scheduled__2026-05-12T00:00:00+00:00', '--job-id', '217', '--raw', '--subdir', 'DAGS_FOLDER/abc_phones_etl_dag.py', '--cfg-path', '/tmp/tmp7dlfo3ie']
[2026-05-13T16:35:54.758+0000] {standard_task_runner.py:91} INFO - Job 217: Subtask clean_data
[2026-05-13T16:35:54.759+0000] {logging_mixin.py:188} WARNING - /home/airflow/.local/lib/python3.12/site-packages/airflow/task/task_runner/standard_task_runner.py:62 DeprecationWarning: This process (pid=1551) is multi-threaded, use of fork() may lead to deadlocks in the child.
[2026-05-13T16:35:54.761+0000] {standard_task_runner.py:64} INFO - Started process 1557 to run task
[2026-05-13T16:35:54.913+0000] {task_command.py:426} INFO - Running <TaskInstance: abc_phones_etl_pipeline.clean_data scheduled__2026-05-12T00:00:00+00:00 [running]> on host 87c449af332c
[2026-05-13T16:35:55.236+0000] {taskinstance.py:2648} INFO - Exporting env vars: AIRFLOW_CTX_DAG_OWNER='data_engineer' AIRFLOW_CTX_DAG_ID='abc_phones_etl_pipeline' AIRFLOW_CTX_TASK_ID='clean_data' AIRFLOW_CTX_EXECUTION_DATE='2026-05-12T00:00:00+00:00' AIRFLOW_CTX_TRY_NUMBER='1' AIRFLOW_CTX_DAG_RUN_ID='scheduled__2026-05-12T00:00:00+00:00'
[2026-05-13T16:35:55.239+0000] {taskinstance.py:430} INFO - ::endgroup::
[2026-05-13T16:36:11.762+0000] {python.py:237} INFO - Done. Returned value was: None
[2026-05-13T16:36:11.763+0000] {taskinstance.py:441} INFO - ::group::Post task execution logs
[2026-05-13T16:36:11.783+0000] {taskinstance.py:1206} INFO - Marking task as SUCCESS. dag_id=abc_phones_etl_pipeline, task_id=clean_data, run_id=scheduled__2026-05-12T00:00:00+00:00, execution_date=20260512T000000, start_date=20260513T163554, end_date=20260513T163611
[2026-05-13T16:36:11.869+0000] {local_task_job_runner.py:243} INFO - Task exited with return code 0
[2026-05-13T16:36:11.911+0000] {taskinstance.py:3503} INFO - 1 downstream tasks scheduled from follow-on schedule check
[2026-05-13T16:36:11.916+0000] {local_task_job_runner.py:222} INFO - ::endgroup::
