[2026-05-12T09:22:13.842+0000] {local_task_job_runner.py:120} INFO - ::group::Pre task execution logs
[2026-05-12T09:22:13.886+0000] {taskinstance.py:2076} INFO - Dependencies all met for dep_context=non-requeueable deps ti=<TaskInstance: abc_phones_etl_pipeline.clean_data scheduled__2026-05-11T00:00:00+00:00 [queued]>
[2026-05-12T09:22:13.895+0000] {taskinstance.py:2076} INFO - Dependencies all met for dep_context=requeueable deps ti=<TaskInstance: abc_phones_etl_pipeline.clean_data scheduled__2026-05-11T00:00:00+00:00 [queued]>
[2026-05-12T09:22:13.897+0000] {taskinstance.py:2306} INFO - Starting attempt 2 of 2
[2026-05-12T09:22:13.915+0000] {taskinstance.py:2330} INFO - Executing <Task(PythonOperator): clean_data> on 2026-05-11 00:00:00+00:00
[2026-05-12T09:22:13.926+0000] {standard_task_runner.py:90} INFO - Running: ['airflow', 'tasks', 'run', 'abc_phones_etl_pipeline', 'clean_data', 'scheduled__2026-05-11T00:00:00+00:00', '--job-id', '34', '--raw', '--subdir', 'DAGS_FOLDER/abc_phones_etl_dag.py', '--cfg-path', '/tmp/tmpx3ubvufa']
[2026-05-12T09:22:13.931+0000] {standard_task_runner.py:91} INFO - Job 34: Subtask clean_data
[2026-05-12T09:22:13.933+0000] {logging_mixin.py:188} WARNING - /home/airflow/.local/lib/python3.12/site-packages/airflow/task/task_runner/standard_task_runner.py:62 DeprecationWarning: This process (pid=292) is multi-threaded, use of fork() may lead to deadlocks in the child.
[2026-05-12T09:22:13.934+0000] {standard_task_runner.py:64} INFO - Started process 297 to run task
[2026-05-12T09:22:14.033+0000] {task_command.py:426} INFO - Running <TaskInstance: abc_phones_etl_pipeline.clean_data scheduled__2026-05-11T00:00:00+00:00 [running]> on host 87c449af332c
[2026-05-12T09:22:14.179+0000] {taskinstance.py:2648} INFO - Exporting env vars: AIRFLOW_CTX_DAG_OWNER='data_engineer' AIRFLOW_CTX_DAG_ID='abc_phones_etl_pipeline' AIRFLOW_CTX_TASK_ID='clean_data' AIRFLOW_CTX_EXECUTION_DATE='2026-05-11T00:00:00+00:00' AIRFLOW_CTX_TRY_NUMBER='2' AIRFLOW_CTX_DAG_RUN_ID='scheduled__2026-05-11T00:00:00+00:00'
[2026-05-12T09:22:14.181+0000] {taskinstance.py:430} INFO - ::endgroup::
[2026-05-12T09:22:18.451+0000] {logging_mixin.py:188} WARNING - /opt/airflow/scripts/clean.py:5 DtypeWarning: Columns (0,1,3,4,5,6,7,10,11,12,13,14,15) have mixed types. Specify dtype option on import or set low_memory=False.
[2026-05-12T09:22:20.001+0000] {taskinstance.py:441} INFO - ::group::Post task execution logs
[2026-05-12T09:22:20.003+0000] {taskinstance.py:2905} ERROR - Task failed with exception
Traceback (most recent call last):
  File "/home/airflow/.local/lib/python3.12/site-packages/pandas/core/indexes/base.py", line 3791, in get_loc
    return self._engine.get_loc(casted_key)
           ^^^^^^^^^^^^^^^^^^^^^^^^^^^^^^^^
  File "index.pyx", line 152, in pandas._libs.index.IndexEngine.get_loc
  File "index.pyx", line 181, in pandas._libs.index.IndexEngine.get_loc
  File "pandas/_libs/hashtable_class_helper.pxi", line 7080, in pandas._libs.hashtable.PyObjectHashTable.get_item
  File "pandas/_libs/hashtable_class_helper.pxi", line 7088, in pandas._libs.hashtable.PyObjectHashTable.get_item
KeyError: 'DOB'

The above exception was the direct cause of the following exception:

Traceback (most recent call last):
  File "/home/airflow/.local/lib/python3.12/site-packages/airflow/models/taskinstance.py", line 465, in _execute_task
    result = _execute_callable(context=context, **execute_callable_kwargs)
             ^^^^^^^^^^^^^^^^^^^^^^^^^^^^^^^^^^^^^^^^^^^^^^^^^^^^^^^^^^^^^
  File "/home/airflow/.local/lib/python3.12/site-packages/airflow/models/taskinstance.py", line 432, in _execute_callable
    return execute_callable(context=context, **execute_callable_kwargs)
           ^^^^^^^^^^^^^^^^^^^^^^^^^^^^^^^^^^^^^^^^^^^^^^^^^^^^^^^^^^^^
  File "/home/airflow/.local/lib/python3.12/site-packages/airflow/models/baseoperator.py", line 401, in wrapper
    return func(self, *args, **kwargs)
           ^^^^^^^^^^^^^^^^^^^^^^^^^^^
  File "/home/airflow/.local/lib/python3.12/site-packages/airflow/operators/python.py", line 235, in execute
    return_value = self.execute_callable()
                   ^^^^^^^^^^^^^^^^^^^^^^^
  File "/home/airflow/.local/lib/python3.12/site-packages/airflow/operators/python.py", line 252, in execute_callable
    return self.python_callable(*self.op_args, **self.op_kwargs)
           ^^^^^^^^^^^^^^^^^^^^^^^^^^^^^^^^^^^^^^^^^^^^^^^^^^^^^
  File "/opt/airflow/scripts/clean.py", line 9, in run_cleaning
    sales_data['DOB'] = pd.to_datetime(sales_data['DOB'], errors='coerce')
                                       ~~~~~~~~~~^^^^^^^
  File "/home/airflow/.local/lib/python3.12/site-packages/pandas/core/frame.py", line 3893, in __getitem__
    indexer = self.columns.get_loc(key)
              ^^^^^^^^^^^^^^^^^^^^^^^^^
  File "/home/airflow/.local/lib/python3.12/site-packages/pandas/core/indexes/base.py", line 3798, in get_loc
    raise KeyError(key) from err
KeyError: 'DOB'
[2026-05-12T09:22:20.030+0000] {taskinstance.py:1206} INFO - Marking task as FAILED. dag_id=abc_phones_etl_pipeline, task_id=clean_data, run_id=scheduled__2026-05-11T00:00:00+00:00, execution_date=20260511T000000, start_date=20260512T092213, end_date=20260512T092220
[2026-05-12T09:22:20.045+0000] {standard_task_runner.py:110} ERROR - Failed to execute job 34 for task clean_data ('DOB'; 297)
[2026-05-12T09:22:20.122+0000] {local_task_job_runner.py:243} INFO - Task exited with return code 1
[2026-05-12T09:22:20.146+0000] {taskinstance.py:3503} INFO - 0 downstream tasks scheduled from follow-on schedule check
[2026-05-12T09:22:20.154+0000] {local_task_job_runner.py:222} INFO - ::endgroup::
[2026-05-12T10:03:24.294+0000] {local_task_job_runner.py:120} INFO - ::group::Pre task execution logs
[2026-05-12T10:03:24.330+0000] {taskinstance.py:2076} INFO - Dependencies all met for dep_context=non-requeueable deps ti=<TaskInstance: abc_phones_etl_pipeline.clean_data scheduled__2026-05-11T00:00:00+00:00 [queued]>
[2026-05-12T10:03:24.338+0000] {taskinstance.py:2076} INFO - Dependencies all met for dep_context=requeueable deps ti=<TaskInstance: abc_phones_etl_pipeline.clean_data scheduled__2026-05-11T00:00:00+00:00 [queued]>
[2026-05-12T10:03:24.339+0000] {taskinstance.py:2306} INFO - Starting attempt 2 of 2
[2026-05-12T10:03:24.355+0000] {taskinstance.py:2330} INFO - Executing <Task(PythonOperator): clean_data> on 2026-05-11 00:00:00+00:00
[2026-05-12T10:03:24.365+0000] {standard_task_runner.py:90} INFO - Running: ['airflow', 'tasks', 'run', 'abc_phones_etl_pipeline', 'clean_data', 'scheduled__2026-05-11T00:00:00+00:00', '--job-id', '39', '--raw', '--subdir', 'DAGS_FOLDER/abc_phones_etl_dag.py', '--cfg-path', '/tmp/tmpiem373p6']
[2026-05-12T10:03:24.369+0000] {standard_task_runner.py:91} INFO - Job 39: Subtask clean_data
[2026-05-12T10:03:24.376+0000] {logging_mixin.py:188} WARNING - /home/airflow/.local/lib/python3.12/site-packages/airflow/task/task_runner/standard_task_runner.py:62 DeprecationWarning: This process (pid=480) is multi-threaded, use of fork() may lead to deadlocks in the child.
[2026-05-12T10:03:24.379+0000] {standard_task_runner.py:64} INFO - Started process 485 to run task
[2026-05-12T10:03:24.445+0000] {task_command.py:426} INFO - Running <TaskInstance: abc_phones_etl_pipeline.clean_data scheduled__2026-05-11T00:00:00+00:00 [running]> on host 87c449af332c
[2026-05-12T10:03:24.548+0000] {taskinstance.py:2648} INFO - Exporting env vars: AIRFLOW_CTX_DAG_OWNER='data_engineer' AIRFLOW_CTX_DAG_ID='abc_phones_etl_pipeline' AIRFLOW_CTX_TASK_ID='clean_data' AIRFLOW_CTX_EXECUTION_DATE='2026-05-11T00:00:00+00:00' AIRFLOW_CTX_TRY_NUMBER='2' AIRFLOW_CTX_DAG_RUN_ID='scheduled__2026-05-11T00:00:00+00:00'
[2026-05-12T10:03:24.550+0000] {taskinstance.py:430} INFO - ::endgroup::
[2026-05-12T10:03:28.529+0000] {logging_mixin.py:188} WARNING - /opt/airflow/scripts/clean.py:20 DtypeWarning: Columns (0,1,3,4,5,6,7,10,11,12,13,14,15) have mixed types. Specify dtype option on import or set low_memory=False.
[2026-05-12T10:03:30.586+0000] {logging_mixin.py:188} WARNING - /opt/airflow/scripts/clean.py:21 DtypeWarning: Columns (0,1,2,3,4) have mixed types. Specify dtype option on import or set low_memory=False.
[2026-05-12T10:03:33.985+0000] {logging_mixin.py:188} WARNING - /opt/airflow/scripts/clean.py:24 FutureWarning: In a future version of pandas, parsing datetimes with mixed time zones will raise an error unless `utc=True`. Please specify `utc=True` to opt in to the new behaviour and silence this warning. To create a `Series` with mixed offsets and `object` dtype, please use `apply` and `datetime.datetime.strptime`
[2026-05-12T10:03:34.371+0000] {taskinstance.py:441} INFO - ::group::Post task execution logs
[2026-05-12T10:03:34.373+0000] {taskinstance.py:2905} ERROR - Task failed with exception
Traceback (most recent call last):
  File "/home/airflow/.local/lib/python3.12/site-packages/airflow/models/taskinstance.py", line 465, in _execute_task
    result = _execute_callable(context=context, **execute_callable_kwargs)
             ^^^^^^^^^^^^^^^^^^^^^^^^^^^^^^^^^^^^^^^^^^^^^^^^^^^^^^^^^^^^^
  File "/home/airflow/.local/lib/python3.12/site-packages/airflow/models/taskinstance.py", line 432, in _execute_callable
    return execute_callable(context=context, **execute_callable_kwargs)
           ^^^^^^^^^^^^^^^^^^^^^^^^^^^^^^^^^^^^^^^^^^^^^^^^^^^^^^^^^^^^
  File "/home/airflow/.local/lib/python3.12/site-packages/airflow/models/baseoperator.py", line 401, in wrapper
    return func(self, *args, **kwargs)
           ^^^^^^^^^^^^^^^^^^^^^^^^^^^
  File "/home/airflow/.local/lib/python3.12/site-packages/airflow/operators/python.py", line 235, in execute
    return_value = self.execute_callable()
                   ^^^^^^^^^^^^^^^^^^^^^^^
  File "/home/airflow/.local/lib/python3.12/site-packages/airflow/operators/python.py", line 252, in execute_callable
    return self.python_callable(*self.op_args, **self.op_kwargs)
           ^^^^^^^^^^^^^^^^^^^^^^^^^^^^^^^^^^^^^^^^^^^^^^^^^^^^^
  File "/opt/airflow/scripts/clean.py", line 30, in run_cleaning
    sales_data = sales_details.merge(dob_data, on='Loan Id', how='left')
                 ^^^^^^^^^^^^^^^^^^^^^^^^^^^^^^^^^^^^^^^^^^^^^^^^^^^^^^^
  File "/home/airflow/.local/lib/python3.12/site-packages/pandas/core/frame.py", line 10487, in merge
    return merge(
           ^^^^^^
  File "/home/airflow/.local/lib/python3.12/site-packages/pandas/core/reshape/merge.py", line 169, in merge
    op = _MergeOperation(
         ^^^^^^^^^^^^^^^^
  File "/home/airflow/.local/lib/python3.12/site-packages/pandas/core/reshape/merge.py", line 791, in __init__
    ) = self._get_merge_keys()
        ^^^^^^^^^^^^^^^^^^^^^^
  File "/home/airflow/.local/lib/python3.12/site-packages/pandas/core/reshape/merge.py", line 1269, in _get_merge_keys
    right_keys.append(right._get_label_or_level_values(rk))
                      ^^^^^^^^^^^^^^^^^^^^^^^^^^^^^^^^^^^^
  File "/home/airflow/.local/lib/python3.12/site-packages/pandas/core/generic.py", line 1844, in _get_label_or_level_values
    raise KeyError(key)
KeyError: 'Loan Id'
[2026-05-12T10:03:34.414+0000] {taskinstance.py:1206} INFO - Marking task as FAILED. dag_id=abc_phones_etl_pipeline, task_id=clean_data, run_id=scheduled__2026-05-11T00:00:00+00:00, execution_date=20260511T000000, start_date=20260512T100324, end_date=20260512T100334
[2026-05-12T10:03:34.441+0000] {standard_task_runner.py:110} ERROR - Failed to execute job 39 for task clean_data ('Loan Id'; 485)
[2026-05-12T10:03:34.528+0000] {local_task_job_runner.py:243} INFO - Task exited with return code 1
[2026-05-12T10:03:34.557+0000] {taskinstance.py:3503} INFO - 0 downstream tasks scheduled from follow-on schedule check
[2026-05-12T10:03:34.562+0000] {local_task_job_runner.py:222} INFO - ::endgroup::
[2026-05-12T10:36:29.955+0000] {local_task_job_runner.py:120} INFO - ::group::Pre task execution logs
[2026-05-12T10:36:30.018+0000] {taskinstance.py:2076} INFO - Dependencies all met for dep_context=non-requeueable deps ti=<TaskInstance: abc_phones_etl_pipeline.clean_data scheduled__2026-05-11T00:00:00+00:00 [queued]>
[2026-05-12T10:36:30.031+0000] {taskinstance.py:2076} INFO - Dependencies all met for dep_context=requeueable deps ti=<TaskInstance: abc_phones_etl_pipeline.clean_data scheduled__2026-05-11T00:00:00+00:00 [queued]>
[2026-05-12T10:36:30.032+0000] {taskinstance.py:2306} INFO - Starting attempt 2 of 2
[2026-05-12T10:36:30.052+0000] {taskinstance.py:2330} INFO - Executing <Task(PythonOperator): clean_data> on 2026-05-11 00:00:00+00:00
[2026-05-12T10:36:30.064+0000] {standard_task_runner.py:90} INFO - Running: ['airflow', 'tasks', 'run', 'abc_phones_etl_pipeline', 'clean_data', 'scheduled__2026-05-11T00:00:00+00:00', '--job-id', '49', '--raw', '--subdir', 'DAGS_FOLDER/abc_phones_etl_dag.py', '--cfg-path', '/tmp/tmpby4i090i']
[2026-05-12T10:36:30.069+0000] {standard_task_runner.py:91} INFO - Job 49: Subtask clean_data
[2026-05-12T10:36:30.069+0000] {logging_mixin.py:188} WARNING - /home/airflow/.local/lib/python3.12/site-packages/airflow/task/task_runner/standard_task_runner.py:62 DeprecationWarning: This process (pid=666) is multi-threaded, use of fork() may lead to deadlocks in the child.
[2026-05-12T10:36:30.070+0000] {standard_task_runner.py:64} INFO - Started process 671 to run task
[2026-05-12T10:36:30.165+0000] {task_command.py:426} INFO - Running <TaskInstance: abc_phones_etl_pipeline.clean_data scheduled__2026-05-11T00:00:00+00:00 [running]> on host 87c449af332c
[2026-05-12T10:36:30.351+0000] {taskinstance.py:2648} INFO - Exporting env vars: AIRFLOW_CTX_DAG_OWNER='data_engineer' AIRFLOW_CTX_DAG_ID='abc_phones_etl_pipeline' AIRFLOW_CTX_TASK_ID='clean_data' AIRFLOW_CTX_EXECUTION_DATE='2026-05-11T00:00:00+00:00' AIRFLOW_CTX_TRY_NUMBER='2' AIRFLOW_CTX_DAG_RUN_ID='scheduled__2026-05-11T00:00:00+00:00'
[2026-05-12T10:36:30.353+0000] {taskinstance.py:430} INFO - ::endgroup::
[2026-05-12T10:36:35.289+0000] {logging_mixin.py:188} WARNING - /opt/airflow/scripts/clean.py:20 DtypeWarning: Columns (0,1,3,4,5,6,7,10,11,12,13,14,15) have mixed types. Specify dtype option on import or set low_memory=False.
[2026-05-12T10:36:37.229+0000] {logging_mixin.py:188} WARNING - /opt/airflow/scripts/clean.py:21 DtypeWarning: Columns (0,1,2,3,4) have mixed types. Specify dtype option on import or set low_memory=False.
[2026-05-12T10:36:37.716+0000] {logging_mixin.py:188} WARNING - /opt/airflow/scripts/clean.py:22 DtypeWarning: Columns (0,1,2) have mixed types. Specify dtype option on import or set low_memory=False.
[2026-05-12T10:36:38.069+0000] {logging_mixin.py:188} WARNING - /opt/airflow/scripts/clean.py:23 DtypeWarning: Columns (0) have mixed types. Specify dtype option on import or set low_memory=False.
[2026-05-12T10:36:42.482+0000] {logging_mixin.py:188} WARNING - /opt/airflow/scripts/clean.py:26 FutureWarning: In a future version of pandas, parsing datetimes with mixed time zones will raise an error unless `utc=True`. Please specify `utc=True` to opt in to the new behaviour and silence this warning. To create a `Series` with mixed offsets and `object` dtype, please use `apply` and `datetime.datetime.strptime`
[2026-05-12T10:37:25.666+0000] {local_task_job_runner.py:243} INFO - Task exited with return code -9For more information, see https://airflow.apache.org/docs/apache-airflow/stable/troubleshooting.html#LocalTaskJob-killed
[2026-05-12T10:37:27.786+0000] {taskinstance.py:3503} INFO - 0 downstream tasks scheduled from follow-on schedule check
[2026-05-12T10:37:27.794+0000] {local_task_job_runner.py:222} INFO - ::endgroup::
[2026-05-12T11:48:16.085+0000] {local_task_job_runner.py:120} INFO - ::group::Pre task execution logs
[2026-05-12T11:48:16.126+0000] {taskinstance.py:2076} INFO - Dependencies all met for dep_context=non-requeueable deps ti=<TaskInstance: abc_phones_etl_pipeline.clean_data scheduled__2026-05-11T00:00:00+00:00 [queued]>
[2026-05-12T11:48:16.135+0000] {taskinstance.py:2076} INFO - Dependencies all met for dep_context=requeueable deps ti=<TaskInstance: abc_phones_etl_pipeline.clean_data scheduled__2026-05-11T00:00:00+00:00 [queued]>
[2026-05-12T11:48:16.136+0000] {taskinstance.py:2306} INFO - Starting attempt 2 of 2
[2026-05-12T11:48:16.154+0000] {taskinstance.py:2330} INFO - Executing <Task(PythonOperator): clean_data> on 2026-05-11 00:00:00+00:00
[2026-05-12T11:48:16.164+0000] {standard_task_runner.py:90} INFO - Running: ['airflow', 'tasks', 'run', 'abc_phones_etl_pipeline', 'clean_data', 'scheduled__2026-05-11T00:00:00+00:00', '--job-id', '64', '--raw', '--subdir', 'DAGS_FOLDER/abc_phones_etl_dag.py', '--cfg-path', '/tmp/tmp709i1wa_']
[2026-05-12T11:48:16.167+0000] {standard_task_runner.py:91} INFO - Job 64: Subtask clean_data
[2026-05-12T11:48:16.168+0000] {logging_mixin.py:188} WARNING - /home/airflow/.local/lib/python3.12/site-packages/airflow/task/task_runner/standard_task_runner.py:62 DeprecationWarning: This process (pid=238) is multi-threaded, use of fork() may lead to deadlocks in the child.
[2026-05-12T11:48:16.169+0000] {standard_task_runner.py:64} INFO - Started process 243 to run task
[2026-05-12T11:48:16.244+0000] {task_command.py:426} INFO - Running <TaskInstance: abc_phones_etl_pipeline.clean_data scheduled__2026-05-11T00:00:00+00:00 [running]> on host 87c449af332c
[2026-05-12T11:48:16.367+0000] {taskinstance.py:2648} INFO - Exporting env vars: AIRFLOW_CTX_DAG_OWNER='data_engineer' AIRFLOW_CTX_DAG_ID='abc_phones_etl_pipeline' AIRFLOW_CTX_TASK_ID='clean_data' AIRFLOW_CTX_EXECUTION_DATE='2026-05-11T00:00:00+00:00' AIRFLOW_CTX_TRY_NUMBER='2' AIRFLOW_CTX_DAG_RUN_ID='scheduled__2026-05-11T00:00:00+00:00'
[2026-05-12T11:48:16.368+0000] {taskinstance.py:430} INFO - ::endgroup::
[2026-05-12T11:48:16.966+0000] {taskinstance.py:441} INFO - ::group::Post task execution logs
[2026-05-12T11:48:16.966+0000] {taskinstance.py:2905} ERROR - Task failed with exception
Traceback (most recent call last):
  File "/home/airflow/.local/lib/python3.12/site-packages/airflow/models/taskinstance.py", line 465, in _execute_task
    result = _execute_callable(context=context, **execute_callable_kwargs)
             ^^^^^^^^^^^^^^^^^^^^^^^^^^^^^^^^^^^^^^^^^^^^^^^^^^^^^^^^^^^^^
  File "/home/airflow/.local/lib/python3.12/site-packages/airflow/models/taskinstance.py", line 432, in _execute_callable
    return execute_callable(context=context, **execute_callable_kwargs)
           ^^^^^^^^^^^^^^^^^^^^^^^^^^^^^^^^^^^^^^^^^^^^^^^^^^^^^^^^^^^^
  File "/home/airflow/.local/lib/python3.12/site-packages/airflow/models/baseoperator.py", line 401, in wrapper
    return func(self, *args, **kwargs)
           ^^^^^^^^^^^^^^^^^^^^^^^^^^^
  File "/home/airflow/.local/lib/python3.12/site-packages/airflow/operators/python.py", line 235, in execute
    return_value = self.execute_callable()
                   ^^^^^^^^^^^^^^^^^^^^^^^
  File "/home/airflow/.local/lib/python3.12/site-packages/airflow/operators/python.py", line 252, in execute_callable
    return self.python_callable(*self.op_args, **self.op_kwargs)
           ^^^^^^^^^^^^^^^^^^^^^^^^^^^^^^^^^^^^^^^^^^^^^^^^^^^^^
  File "/opt/airflow/scripts/clean.py", line 20, in run_cleaning
    credit_data.to_csv("/opt/airflow/data/gold/credit_cleaned.csv", index=False)
  File "/home/airflow/.local/lib/python3.12/site-packages/pandas/core/generic.py", line 3902, in to_csv
    return DataFrameRenderer(formatter).to_csv(
           ^^^^^^^^^^^^^^^^^^^^^^^^^^^^^^^^^^^^
  File "/home/airflow/.local/lib/python3.12/site-packages/pandas/io/formats/format.py", line 1152, in to_csv
    csv_formatter.save()
  File "/home/airflow/.local/lib/python3.12/site-packages/pandas/io/formats/csvs.py", line 247, in save
    with get_handle(
         ^^^^^^^^^^^
  File "/home/airflow/.local/lib/python3.12/site-packages/pandas/io/common.py", line 863, in get_handle
    handle = open(
             ^^^^^
PermissionError: [Errno 13] Permission denied: '/opt/airflow/data/gold/credit_cleaned.csv'
[2026-05-12T11:48:16.999+0000] {taskinstance.py:1206} INFO - Marking task as FAILED. dag_id=abc_phones_etl_pipeline, task_id=clean_data, run_id=scheduled__2026-05-11T00:00:00+00:00, execution_date=20260511T000000, start_date=20260512T114816, end_date=20260512T114816
[2026-05-12T11:48:17.013+0000] {standard_task_runner.py:110} ERROR - Failed to execute job 64 for task clean_data ([Errno 13] Permission denied: '/opt/airflow/data/gold/credit_cleaned.csv'; 243)
[2026-05-12T11:48:17.066+0000] {local_task_job_runner.py:243} INFO - Task exited with return code 1
[2026-05-12T11:48:17.094+0000] {taskinstance.py:3503} INFO - 0 downstream tasks scheduled from follow-on schedule check
[2026-05-12T11:48:17.101+0000] {local_task_job_runner.py:222} INFO - ::endgroup::
[2026-05-12T12:00:51.490+0000] {local_task_job_runner.py:120} INFO - ::group::Pre task execution logs
[2026-05-12T12:00:51.538+0000] {taskinstance.py:2076} INFO - Dependencies all met for dep_context=non-requeueable deps ti=<TaskInstance: abc_phones_etl_pipeline.clean_data scheduled__2026-05-11T00:00:00+00:00 [queued]>
[2026-05-12T12:00:51.549+0000] {taskinstance.py:2076} INFO - Dependencies all met for dep_context=requeueable deps ti=<TaskInstance: abc_phones_etl_pipeline.clean_data scheduled__2026-05-11T00:00:00+00:00 [queued]>
[2026-05-12T12:00:51.550+0000] {taskinstance.py:2306} INFO - Starting attempt 2 of 2
[2026-05-12T12:00:51.573+0000] {taskinstance.py:2330} INFO - Executing <Task(PythonOperator): clean_data> on 2026-05-11 00:00:00+00:00
[2026-05-12T12:00:51.587+0000] {standard_task_runner.py:90} INFO - Running: ['airflow', 'tasks', 'run', 'abc_phones_etl_pipeline', 'clean_data', 'scheduled__2026-05-11T00:00:00+00:00', '--job-id', '70', '--raw', '--subdir', 'DAGS_FOLDER/abc_phones_etl_dag.py', '--cfg-path', '/tmp/tmpiqvy0_4a']
[2026-05-12T12:00:51.592+0000] {standard_task_runner.py:91} INFO - Job 70: Subtask clean_data
[2026-05-12T12:00:51.599+0000] {logging_mixin.py:188} WARNING - /home/airflow/.local/lib/python3.12/site-packages/airflow/task/task_runner/standard_task_runner.py:62 DeprecationWarning: This process (pid=322) is multi-threaded, use of fork() may lead to deadlocks in the child.
[2026-05-12T12:00:51.601+0000] {standard_task_runner.py:64} INFO - Started process 327 to run task
[2026-05-12T12:00:51.787+0000] {task_command.py:426} INFO - Running <TaskInstance: abc_phones_etl_pipeline.clean_data scheduled__2026-05-11T00:00:00+00:00 [running]> on host 87c449af332c
[2026-05-12T12:00:52.008+0000] {taskinstance.py:2648} INFO - Exporting env vars: AIRFLOW_CTX_DAG_OWNER='data_engineer' AIRFLOW_CTX_DAG_ID='abc_phones_etl_pipeline' AIRFLOW_CTX_TASK_ID='clean_data' AIRFLOW_CTX_EXECUTION_DATE='2026-05-11T00:00:00+00:00' AIRFLOW_CTX_TRY_NUMBER='2' AIRFLOW_CTX_DAG_RUN_ID='scheduled__2026-05-11T00:00:00+00:00'
[2026-05-12T12:00:52.010+0000] {taskinstance.py:430} INFO - ::endgroup::
[2026-05-12T12:00:59.033+0000] {logging_mixin.py:188} WARNING - /opt/airflow/scripts/clean.py:24 DtypeWarning: Columns (0,1,3,4,5,6,7,10,11,12,13,14,15) have mixed types. Specify dtype option on import or set low_memory=False.
[2026-05-12T12:01:03.639+0000] {logging_mixin.py:188} WARNING - /opt/airflow/scripts/clean.py:25 DtypeWarning: Columns (0,1,2,3,4) have mixed types. Specify dtype option on import or set low_memory=False.
[2026-05-12T12:01:04.329+0000] {logging_mixin.py:188} WARNING - /opt/airflow/scripts/clean.py:26 DtypeWarning: Columns (0,1,2) have mixed types. Specify dtype option on import or set low_memory=False.
[2026-05-12T12:01:05.065+0000] {logging_mixin.py:188} WARNING - /opt/airflow/scripts/clean.py:27 DtypeWarning: Columns (0) have mixed types. Specify dtype option on import or set low_memory=False.
[2026-05-12T12:01:11.002+0000] {logging_mixin.py:188} WARNING - /opt/airflow/scripts/clean.py:35 FutureWarning: In a future version of pandas, parsing datetimes with mixed time zones will raise an error unless `utc=True`. Please specify `utc=True` to opt in to the new behaviour and silence this warning. To create a `Series` with mixed offsets and `object` dtype, please use `apply` and `datetime.datetime.strptime`
[2026-05-12T12:01:11.535+0000] {taskinstance.py:441} INFO - ::group::Post task execution logs
[2026-05-12T12:01:11.536+0000] {taskinstance.py:2905} ERROR - Task failed with exception
Traceback (most recent call last):
  File "/home/airflow/.local/lib/python3.12/site-packages/airflow/models/taskinstance.py", line 465, in _execute_task
    result = _execute_callable(context=context, **execute_callable_kwargs)
             ^^^^^^^^^^^^^^^^^^^^^^^^^^^^^^^^^^^^^^^^^^^^^^^^^^^^^^^^^^^^^
  File "/home/airflow/.local/lib/python3.12/site-packages/airflow/models/taskinstance.py", line 432, in _execute_callable
    return execute_callable(context=context, **execute_callable_kwargs)
           ^^^^^^^^^^^^^^^^^^^^^^^^^^^^^^^^^^^^^^^^^^^^^^^^^^^^^^^^^^^^
  File "/home/airflow/.local/lib/python3.12/site-packages/airflow/models/baseoperator.py", line 401, in wrapper
    return func(self, *args, **kwargs)
           ^^^^^^^^^^^^^^^^^^^^^^^^^^^
  File "/home/airflow/.local/lib/python3.12/site-packages/airflow/operators/python.py", line 235, in execute
    return_value = self.execute_callable()
                   ^^^^^^^^^^^^^^^^^^^^^^^
  File "/home/airflow/.local/lib/python3.12/site-packages/airflow/operators/python.py", line 252, in execute_callable
    return self.python_callable(*self.op_args, **self.op_kwargs)
           ^^^^^^^^^^^^^^^^^^^^^^^^^^^^^^^^^^^^^^^^^^^^^^^^^^^^^
  File "/opt/airflow/scripts/clean.py", line 41, in run_cleaning
    dob_data = dob_data.astype({"Loan Id": "loan_id"})
               ^^^^^^^^^^^^^^^^^^^^^^^^^^^^^^^^^^^^^^^
  File "/home/airflow/.local/lib/python3.12/site-packages/pandas/core/generic.py", line 6498, in astype
    raise KeyError(
KeyError: "Only a column name can be used for the key in a dtype mappings argument. 'Loan Id' not found in columns."
[2026-05-12T12:01:11.561+0000] {taskinstance.py:1206} INFO - Marking task as FAILED. dag_id=abc_phones_etl_pipeline, task_id=clean_data, run_id=scheduled__2026-05-11T00:00:00+00:00, execution_date=20260511T000000, start_date=20260512T120051, end_date=20260512T120111
[2026-05-12T12:01:11.589+0000] {standard_task_runner.py:110} ERROR - Failed to execute job 70 for task clean_data ("Only a column name can be used for the key in a dtype mappings argument. 'Loan Id' not found in columns."; 327)
[2026-05-12T12:01:11.660+0000] {local_task_job_runner.py:243} INFO - Task exited with return code 1
[2026-05-12T12:01:11.693+0000] {taskinstance.py:3503} INFO - 0 downstream tasks scheduled from follow-on schedule check
[2026-05-12T12:01:11.701+0000] {local_task_job_runner.py:222} INFO - ::endgroup::
[2026-05-12T13:06:44.405+0000] {local_task_job_runner.py:120} INFO - ::group::Pre task execution logs
[2026-05-12T13:06:44.448+0000] {taskinstance.py:2076} INFO - Dependencies all met for dep_context=non-requeueable deps ti=<TaskInstance: abc_phones_etl_pipeline.clean_data scheduled__2026-05-11T00:00:00+00:00 [queued]>
[2026-05-12T13:06:44.457+0000] {taskinstance.py:2076} INFO - Dependencies all met for dep_context=requeueable deps ti=<TaskInstance: abc_phones_etl_pipeline.clean_data scheduled__2026-05-11T00:00:00+00:00 [queued]>
[2026-05-12T13:06:44.458+0000] {taskinstance.py:2306} INFO - Starting attempt 2 of 2
[2026-05-12T13:06:44.475+0000] {taskinstance.py:2330} INFO - Executing <Task(PythonOperator): clean_data> on 2026-05-11 00:00:00+00:00
[2026-05-12T13:06:44.487+0000] {standard_task_runner.py:90} INFO - Running: ['airflow', 'tasks', 'run', 'abc_phones_etl_pipeline', 'clean_data', 'scheduled__2026-05-11T00:00:00+00:00', '--job-id', '89', '--raw', '--subdir', 'DAGS_FOLDER/abc_phones_etl_dag.py', '--cfg-path', '/tmp/tmpwvlbgwyv']
[2026-05-12T13:06:44.490+0000] {standard_task_runner.py:91} INFO - Job 89: Subtask clean_data
[2026-05-12T13:06:44.490+0000] {logging_mixin.py:188} WARNING - /home/airflow/.local/lib/python3.12/site-packages/airflow/task/task_runner/standard_task_runner.py:62 DeprecationWarning: This process (pid=693) is multi-threaded, use of fork() may lead to deadlocks in the child.
[2026-05-12T13:06:44.492+0000] {standard_task_runner.py:64} INFO - Started process 698 to run task
[2026-05-12T13:06:44.568+0000] {task_command.py:426} INFO - Running <TaskInstance: abc_phones_etl_pipeline.clean_data scheduled__2026-05-11T00:00:00+00:00 [running]> on host 87c449af332c
[2026-05-12T13:06:44.693+0000] {taskinstance.py:2648} INFO - Exporting env vars: AIRFLOW_CTX_DAG_OWNER='data_engineer' AIRFLOW_CTX_DAG_ID='abc_phones_etl_pipeline' AIRFLOW_CTX_TASK_ID='clean_data' AIRFLOW_CTX_EXECUTION_DATE='2026-05-11T00:00:00+00:00' AIRFLOW_CTX_TRY_NUMBER='2' AIRFLOW_CTX_DAG_RUN_ID='scheduled__2026-05-11T00:00:00+00:00'
[2026-05-12T13:06:44.695+0000] {taskinstance.py:430} INFO - ::endgroup::
[2026-05-12T13:06:55.501+0000] {logging_mixin.py:188} WARNING - /opt/airflow/scripts/clean.py:142 FutureWarning: In a future version of pandas, parsing datetimes with mixed time zones will raise an error unless `utc=True`. Please specify `utc=True` to opt in to the new behaviour and silence this warning. To create a `Series` with mixed offsets and `object` dtype, please use `apply` and `datetime.datetime.strptime`
[2026-05-12T13:06:55.900+0000] {taskinstance.py:441} INFO - ::group::Post task execution logs
[2026-05-12T13:06:55.901+0000] {taskinstance.py:2905} ERROR - Task failed with exception
Traceback (most recent call last):
  File "/home/airflow/.local/lib/python3.12/site-packages/airflow/models/taskinstance.py", line 465, in _execute_task
    result = _execute_callable(context=context, **execute_callable_kwargs)
             ^^^^^^^^^^^^^^^^^^^^^^^^^^^^^^^^^^^^^^^^^^^^^^^^^^^^^^^^^^^^^
  File "/home/airflow/.local/lib/python3.12/site-packages/airflow/models/taskinstance.py", line 432, in _execute_callable
    return execute_callable(context=context, **execute_callable_kwargs)
           ^^^^^^^^^^^^^^^^^^^^^^^^^^^^^^^^^^^^^^^^^^^^^^^^^^^^^^^^^^^^
  File "/home/airflow/.local/lib/python3.12/site-packages/airflow/models/baseoperator.py", line 401, in wrapper
    return func(self, *args, **kwargs)
           ^^^^^^^^^^^^^^^^^^^^^^^^^^^
  File "/home/airflow/.local/lib/python3.12/site-packages/airflow/operators/python.py", line 235, in execute
    return_value = self.execute_callable()
                   ^^^^^^^^^^^^^^^^^^^^^^^
  File "/home/airflow/.local/lib/python3.12/site-packages/airflow/operators/python.py", line 252, in execute_callable
    return self.python_callable(*self.op_args, **self.op_kwargs)
           ^^^^^^^^^^^^^^^^^^^^^^^^^^^^^^^^^^^^^^^^^^^^^^^^^^^^^
  File "/opt/airflow/scripts/clean.py", line 148, in run_cleaning
    dob_data = dob_data.astype({"Loan Id": "loan_id"})
               ^^^^^^^^^^^^^^^^^^^^^^^^^^^^^^^^^^^^^^^
  File "/home/airflow/.local/lib/python3.12/site-packages/pandas/core/generic.py", line 6498, in astype
    raise KeyError(
KeyError: "Only a column name can be used for the key in a dtype mappings argument. 'Loan Id' not found in columns."
[2026-05-12T13:06:55.922+0000] {taskinstance.py:1206} INFO - Marking task as FAILED. dag_id=abc_phones_etl_pipeline, task_id=clean_data, run_id=scheduled__2026-05-11T00:00:00+00:00, execution_date=20260511T000000, start_date=20260512T130644, end_date=20260512T130655
[2026-05-12T13:06:55.939+0000] {standard_task_runner.py:110} ERROR - Failed to execute job 89 for task clean_data ("Only a column name can be used for the key in a dtype mappings argument. 'Loan Id' not found in columns."; 698)
[2026-05-12T13:06:55.995+0000] {local_task_job_runner.py:243} INFO - Task exited with return code 1
[2026-05-12T13:06:56.021+0000] {taskinstance.py:3503} INFO - 0 downstream tasks scheduled from follow-on schedule check
[2026-05-12T13:06:56.028+0000] {local_task_job_runner.py:222} INFO - ::endgroup::
[2026-05-12T13:22:59.255+0000] {local_task_job_runner.py:120} INFO - ::group::Pre task execution logs
[2026-05-12T13:22:59.313+0000] {taskinstance.py:2076} INFO - Dependencies all met for dep_context=non-requeueable deps ti=<TaskInstance: abc_phones_etl_pipeline.clean_data scheduled__2026-05-11T00:00:00+00:00 [queued]>
[2026-05-12T13:22:59.323+0000] {taskinstance.py:2076} INFO - Dependencies all met for dep_context=requeueable deps ti=<TaskInstance: abc_phones_etl_pipeline.clean_data scheduled__2026-05-11T00:00:00+00:00 [queued]>
[2026-05-12T13:22:59.324+0000] {taskinstance.py:2306} INFO - Starting attempt 2 of 2
[2026-05-12T13:22:59.344+0000] {taskinstance.py:2330} INFO - Executing <Task(PythonOperator): clean_data> on 2026-05-11 00:00:00+00:00
[2026-05-12T13:22:59.357+0000] {standard_task_runner.py:90} INFO - Running: ['airflow', 'tasks', 'run', 'abc_phones_etl_pipeline', 'clean_data', 'scheduled__2026-05-11T00:00:00+00:00', '--job-id', '96', '--raw', '--subdir', 'DAGS_FOLDER/abc_phones_etl_dag.py', '--cfg-path', '/tmp/tmpng96ljod']
[2026-05-12T13:22:59.361+0000] {standard_task_runner.py:91} INFO - Job 96: Subtask clean_data
[2026-05-12T13:22:59.363+0000] {logging_mixin.py:188} WARNING - /home/airflow/.local/lib/python3.12/site-packages/airflow/task/task_runner/standard_task_runner.py:62 DeprecationWarning: This process (pid=797) is multi-threaded, use of fork() may lead to deadlocks in the child.
[2026-05-12T13:22:59.365+0000] {standard_task_runner.py:64} INFO - Started process 802 to run task
[2026-05-12T13:22:59.451+0000] {task_command.py:426} INFO - Running <TaskInstance: abc_phones_etl_pipeline.clean_data scheduled__2026-05-11T00:00:00+00:00 [running]> on host 87c449af332c
[2026-05-12T13:22:59.611+0000] {taskinstance.py:2648} INFO - Exporting env vars: AIRFLOW_CTX_DAG_OWNER='data_engineer' AIRFLOW_CTX_DAG_ID='abc_phones_etl_pipeline' AIRFLOW_CTX_TASK_ID='clean_data' AIRFLOW_CTX_EXECUTION_DATE='2026-05-11T00:00:00+00:00' AIRFLOW_CTX_TRY_NUMBER='2' AIRFLOW_CTX_DAG_RUN_ID='scheduled__2026-05-11T00:00:00+00:00'
[2026-05-12T13:22:59.613+0000] {taskinstance.py:430} INFO - ::endgroup::
[2026-05-12T13:23:10.890+0000] {logging_mixin.py:188} WARNING - /opt/airflow/scripts/clean.py:142 FutureWarning: In a future version of pandas, parsing datetimes with mixed time zones will raise an error unless `utc=True`. Please specify `utc=True` to opt in to the new behaviour and silence this warning. To create a `Series` with mixed offsets and `object` dtype, please use `apply` and `datetime.datetime.strptime`
[2026-05-12T13:24:30.756+0000] {local_task_job_runner.py:243} INFO - Task exited with return code -9For more information, see https://airflow.apache.org/docs/apache-airflow/stable/troubleshooting.html#LocalTaskJob-killed
[2026-05-12T13:24:31.877+0000] {taskinstance.py:3503} INFO - 0 downstream tasks scheduled from follow-on schedule check
[2026-05-12T13:24:31.901+0000] {local_task_job_runner.py:222} INFO - ::endgroup::
[2026-05-12T13:43:32.927+0000] {local_task_job_runner.py:120} INFO - ::group::Pre task execution logs
[2026-05-12T13:43:32.973+0000] {taskinstance.py:2076} INFO - Dependencies all met for dep_context=non-requeueable deps ti=<TaskInstance: abc_phones_etl_pipeline.clean_data scheduled__2026-05-11T00:00:00+00:00 [queued]>
[2026-05-12T13:43:32.983+0000] {taskinstance.py:2076} INFO - Dependencies all met for dep_context=requeueable deps ti=<TaskInstance: abc_phones_etl_pipeline.clean_data scheduled__2026-05-11T00:00:00+00:00 [queued]>
[2026-05-12T13:43:32.984+0000] {taskinstance.py:2306} INFO - Starting attempt 2 of 2
[2026-05-12T13:43:33.014+0000] {taskinstance.py:2330} INFO - Executing <Task(PythonOperator): clean_data> on 2026-05-11 00:00:00+00:00
[2026-05-12T13:43:33.033+0000] {standard_task_runner.py:90} INFO - Running: ['airflow', 'tasks', 'run', 'abc_phones_etl_pipeline', 'clean_data', 'scheduled__2026-05-11T00:00:00+00:00', '--job-id', '103', '--raw', '--subdir', 'DAGS_FOLDER/abc_phones_etl_dag.py', '--cfg-path', '/tmp/tmp2p4w8m6p']
[2026-05-12T13:43:33.038+0000] {standard_task_runner.py:91} INFO - Job 103: Subtask clean_data
[2026-05-12T13:43:33.040+0000] {logging_mixin.py:188} WARNING - /home/airflow/.local/lib/python3.12/site-packages/airflow/task/task_runner/standard_task_runner.py:62 DeprecationWarning: This process (pid=911) is multi-threaded, use of fork() may lead to deadlocks in the child.
[2026-05-12T13:43:33.041+0000] {standard_task_runner.py:64} INFO - Started process 916 to run task
[2026-05-12T13:43:33.191+0000] {task_command.py:426} INFO - Running <TaskInstance: abc_phones_etl_pipeline.clean_data scheduled__2026-05-11T00:00:00+00:00 [running]> on host 87c449af332c
[2026-05-12T13:43:33.448+0000] {taskinstance.py:2648} INFO - Exporting env vars: AIRFLOW_CTX_DAG_OWNER='data_engineer' AIRFLOW_CTX_DAG_ID='abc_phones_etl_pipeline' AIRFLOW_CTX_TASK_ID='clean_data' AIRFLOW_CTX_EXECUTION_DATE='2026-05-11T00:00:00+00:00' AIRFLOW_CTX_TRY_NUMBER='2' AIRFLOW_CTX_DAG_RUN_ID='scheduled__2026-05-11T00:00:00+00:00'
[2026-05-12T13:43:33.450+0000] {taskinstance.py:430} INFO - ::endgroup::
[2026-05-12T13:43:50.705+0000] {taskinstance.py:441} INFO - ::group::Post task execution logs
[2026-05-12T13:43:50.706+0000] {taskinstance.py:2905} ERROR - Task failed with exception
Traceback (most recent call last):
  File "/home/airflow/.local/lib/python3.12/site-packages/airflow/models/taskinstance.py", line 465, in _execute_task
    result = _execute_callable(context=context, **execute_callable_kwargs)
             ^^^^^^^^^^^^^^^^^^^^^^^^^^^^^^^^^^^^^^^^^^^^^^^^^^^^^^^^^^^^^
  File "/home/airflow/.local/lib/python3.12/site-packages/airflow/models/taskinstance.py", line 432, in _execute_callable
    return execute_callable(context=context, **execute_callable_kwargs)
           ^^^^^^^^^^^^^^^^^^^^^^^^^^^^^^^^^^^^^^^^^^^^^^^^^^^^^^^^^^^^
  File "/home/airflow/.local/lib/python3.12/site-packages/airflow/models/baseoperator.py", line 401, in wrapper
    return func(self, *args, **kwargs)
           ^^^^^^^^^^^^^^^^^^^^^^^^^^^
  File "/home/airflow/.local/lib/python3.12/site-packages/airflow/operators/python.py", line 235, in execute
    return_value = self.execute_callable()
                   ^^^^^^^^^^^^^^^^^^^^^^^
  File "/home/airflow/.local/lib/python3.12/site-packages/airflow/operators/python.py", line 252, in execute_callable
    return self.python_callable(*self.op_args, **self.op_kwargs)
           ^^^^^^^^^^^^^^^^^^^^^^^^^^^^^^^^^^^^^^^^^^^^^^^^^^^^^
  File "/opt/airflow/scripts/clean.py", line 164, in run_cleaning
    sales_data = sales_data.drop_duplicates(subset=['customer_id'])
                 ^^^^^^^^^^^^^^^^^^^^^^^^^^^^^^^^^^^^^^^^^^^^^^^^^^
  File "/home/airflow/.local/lib/python3.12/site-packages/pandas/core/frame.py", line 6566, in drop_duplicates
    result = self[-self.duplicated(subset, keep=keep)]
                   ^^^^^^^^^^^^^^^^^^^^^^^^^^^^^^^^^^
  File "/home/airflow/.local/lib/python3.12/site-packages/pandas/core/frame.py", line 6698, in duplicated
    raise KeyError(Index(diff))
KeyError: Index(['customer_id'], dtype='object')
[2026-05-12T13:43:50.737+0000] {taskinstance.py:1206} INFO - Marking task as FAILED. dag_id=abc_phones_etl_pipeline, task_id=clean_data, run_id=scheduled__2026-05-11T00:00:00+00:00, execution_date=20260511T000000, start_date=20260512T134332, end_date=20260512T134350
[2026-05-12T13:43:50.778+0000] {standard_task_runner.py:110} ERROR - Failed to execute job 103 for task clean_data (Index(['customer_id'], dtype='object'); 916)
[2026-05-12T13:43:50.865+0000] {local_task_job_runner.py:243} INFO - Task exited with return code 1
[2026-05-12T13:43:50.897+0000] {taskinstance.py:3503} INFO - 0 downstream tasks scheduled from follow-on schedule check
[2026-05-12T13:43:50.931+0000] {local_task_job_runner.py:222} INFO - ::endgroup::
[2026-05-12T14:05:19.601+0000] {local_task_job_runner.py:120} INFO - ::group::Pre task execution logs
[2026-05-12T14:05:19.638+0000] {taskinstance.py:2076} INFO - Dependencies all met for dep_context=non-requeueable deps ti=<TaskInstance: abc_phones_etl_pipeline.clean_data scheduled__2026-05-11T00:00:00+00:00 [queued]>
[2026-05-12T14:05:19.647+0000] {taskinstance.py:2076} INFO - Dependencies all met for dep_context=requeueable deps ti=<TaskInstance: abc_phones_etl_pipeline.clean_data scheduled__2026-05-11T00:00:00+00:00 [queued]>
[2026-05-12T14:05:19.648+0000] {taskinstance.py:2306} INFO - Starting attempt 2 of 2
[2026-05-12T14:05:19.665+0000] {taskinstance.py:2330} INFO - Executing <Task(PythonOperator): clean_data> on 2026-05-11 00:00:00+00:00
[2026-05-12T14:05:19.674+0000] {standard_task_runner.py:90} INFO - Running: ['airflow', 'tasks', 'run', 'abc_phones_etl_pipeline', 'clean_data', 'scheduled__2026-05-11T00:00:00+00:00', '--job-id', '112', '--raw', '--subdir', 'DAGS_FOLDER/abc_phones_etl_dag.py', '--cfg-path', '/tmp/tmps0v02117']
[2026-05-12T14:05:19.676+0000] {logging_mixin.py:188} WARNING - /home/airflow/.local/lib/python3.12/site-packages/airflow/task/task_runner/standard_task_runner.py:62 DeprecationWarning: This process (pid=1047) is multi-threaded, use of fork() may lead to deadlocks in the child.
[2026-05-12T14:05:19.677+0000] {standard_task_runner.py:91} INFO - Job 112: Subtask clean_data
[2026-05-12T14:05:19.677+0000] {standard_task_runner.py:64} INFO - Started process 1052 to run task
[2026-05-12T14:05:19.814+0000] {task_command.py:426} INFO - Running <TaskInstance: abc_phones_etl_pipeline.clean_data scheduled__2026-05-11T00:00:00+00:00 [running]> on host 87c449af332c
[2026-05-12T14:05:20.051+0000] {taskinstance.py:2648} INFO - Exporting env vars: AIRFLOW_CTX_DAG_OWNER='data_engineer' AIRFLOW_CTX_DAG_ID='abc_phones_etl_pipeline' AIRFLOW_CTX_TASK_ID='clean_data' AIRFLOW_CTX_EXECUTION_DATE='2026-05-11T00:00:00+00:00' AIRFLOW_CTX_TRY_NUMBER='2' AIRFLOW_CTX_DAG_RUN_ID='scheduled__2026-05-11T00:00:00+00:00'
[2026-05-12T14:05:20.058+0000] {taskinstance.py:430} INFO - ::endgroup::
[2026-05-12T14:05:21.433+0000] {taskinstance.py:441} INFO - ::group::Post task execution logs
[2026-05-12T14:05:21.434+0000] {taskinstance.py:2905} ERROR - Task failed with exception
Traceback (most recent call last):
  File "/home/airflow/.local/lib/python3.12/site-packages/airflow/models/taskinstance.py", line 465, in _execute_task
    result = _execute_callable(context=context, **execute_callable_kwargs)
             ^^^^^^^^^^^^^^^^^^^^^^^^^^^^^^^^^^^^^^^^^^^^^^^^^^^^^^^^^^^^^
  File "/home/airflow/.local/lib/python3.12/site-packages/airflow/models/taskinstance.py", line 432, in _execute_callable
    return execute_callable(context=context, **execute_callable_kwargs)
           ^^^^^^^^^^^^^^^^^^^^^^^^^^^^^^^^^^^^^^^^^^^^^^^^^^^^^^^^^^^^
  File "/home/airflow/.local/lib/python3.12/site-packages/airflow/models/baseoperator.py", line 401, in wrapper
    return func(self, *args, **kwargs)
           ^^^^^^^^^^^^^^^^^^^^^^^^^^^
  File "/home/airflow/.local/lib/python3.12/site-packages/airflow/operators/python.py", line 235, in execute
    return_value = self.execute_callable()
                   ^^^^^^^^^^^^^^^^^^^^^^^
  File "/home/airflow/.local/lib/python3.12/site-packages/airflow/operators/python.py", line 252, in execute_callable
    return self.python_callable(*self.op_args, **self.op_kwargs)
           ^^^^^^^^^^^^^^^^^^^^^^^^^^^^^^^^^^^^^^^^^^^^^^^^^^^^^
  File "/opt/airflow/scripts/clean.py", line 134, in run_cleaning
    sales_details = pd.read_csv("/opt/airflow/data/silver/sales_details.csv", low_memory=False, dtype=SCHEMA)
                    ^^^^^^^^^^^^^^^^^^^^^^^^^^^^^^^^^^^^^^^^^^^^^^^^^^^^^^^^^^^^^^^^^^^^^^^^^^^^^^^^^^^^^^^^^
  File "/home/airflow/.local/lib/python3.12/site-packages/pandas/io/parsers/readers.py", line 948, in read_csv
    return _read(filepath_or_buffer, kwds)
           ^^^^^^^^^^^^^^^^^^^^^^^^^^^^^^^
  File "/home/airflow/.local/lib/python3.12/site-packages/pandas/io/parsers/readers.py", line 611, in _read
    parser = TextFileReader(filepath_or_buffer, **kwds)
             ^^^^^^^^^^^^^^^^^^^^^^^^^^^^^^^^^^^^^^^^^^
  File "/home/airflow/.local/lib/python3.12/site-packages/pandas/io/parsers/readers.py", line 1448, in __init__
    self._engine = self._make_engine(f, self.engine)
                   ^^^^^^^^^^^^^^^^^^^^^^^^^^^^^^^^^
  File "/home/airflow/.local/lib/python3.12/site-packages/pandas/io/parsers/readers.py", line 1723, in _make_engine
    return mapping[engine](f, **self.options)
           ^^^^^^^^^^^^^^^^^^^^^^^^^^^^^^^^^^
  File "/home/airflow/.local/lib/python3.12/site-packages/pandas/io/parsers/c_parser_wrapper.py", line 93, in __init__
    self._reader = parsers.TextReader(src, **kwds)
                   ^^^^^^^^^^^^^^^^^^^^^^^^^^^^^^^
  File "parsers.pyx", line 579, in pandas._libs.parsers.TextReader.__cinit__
  File "parsers.pyx", line 668, in pandas._libs.parsers.TextReader._get_header
  File "parsers.pyx", line 879, in pandas._libs.parsers.TextReader._tokenize_rows
  File "parsers.pyx", line 890, in pandas._libs.parsers.TextReader._check_tokenize_status
  File "parsers.pyx", line 2050, in pandas._libs.parsers.raise_parser_error
OSError: [Errno 5] Input/output error
[2026-05-12T14:05:21.462+0000] {taskinstance.py:1206} INFO - Marking task as FAILED. dag_id=abc_phones_etl_pipeline, task_id=clean_data, run_id=scheduled__2026-05-11T00:00:00+00:00, execution_date=20260511T000000, start_date=20260512T140519, end_date=20260512T140521
[2026-05-12T14:05:21.481+0000] {standard_task_runner.py:110} ERROR - Failed to execute job 112 for task clean_data ([Errno 5] Input/output error; 1052)
[2026-05-12T14:05:21.507+0000] {local_task_job_runner.py:243} INFO - Task exited with return code 1
[2026-05-12T14:05:21.534+0000] {taskinstance.py:3503} INFO - 0 downstream tasks scheduled from follow-on schedule check
[2026-05-12T14:05:21.541+0000] {local_task_job_runner.py:222} INFO - ::endgroup::
[2026-05-12T14:59:15.706+0000] {local_task_job_runner.py:120} INFO - ::group::Pre task execution logs
[2026-05-12T14:59:15.760+0000] {taskinstance.py:2076} INFO - Dependencies all met for dep_context=non-requeueable deps ti=<TaskInstance: abc_phones_etl_pipeline.clean_data scheduled__2026-05-11T00:00:00+00:00 [queued]>
[2026-05-12T14:59:15.776+0000] {taskinstance.py:2076} INFO - Dependencies all met for dep_context=requeueable deps ti=<TaskInstance: abc_phones_etl_pipeline.clean_data scheduled__2026-05-11T00:00:00+00:00 [queued]>
[2026-05-12T14:59:15.777+0000] {taskinstance.py:2306} INFO - Starting attempt 2 of 2
[2026-05-12T14:59:15.798+0000] {taskinstance.py:2330} INFO - Executing <Task(PythonOperator): clean_data> on 2026-05-11 00:00:00+00:00
[2026-05-12T14:59:15.813+0000] {standard_task_runner.py:90} INFO - Running: ['airflow', 'tasks', 'run', 'abc_phones_etl_pipeline', 'clean_data', 'scheduled__2026-05-11T00:00:00+00:00', '--job-id', '130', '--raw', '--subdir', 'DAGS_FOLDER/abc_phones_etl_dag.py', '--cfg-path', '/tmp/tmph7wj_9i8']
[2026-05-12T14:59:15.818+0000] {standard_task_runner.py:91} INFO - Job 130: Subtask clean_data
[2026-05-12T14:59:15.822+0000] {logging_mixin.py:188} WARNING - /home/airflow/.local/lib/python3.12/site-packages/airflow/task/task_runner/standard_task_runner.py:62 DeprecationWarning: This process (pid=1375) is multi-threaded, use of fork() may lead to deadlocks in the child.
[2026-05-12T14:59:15.825+0000] {standard_task_runner.py:64} INFO - Started process 1380 to run task
[2026-05-12T14:59:15.941+0000] {task_command.py:426} INFO - Running <TaskInstance: abc_phones_etl_pipeline.clean_data scheduled__2026-05-11T00:00:00+00:00 [running]> on host 87c449af332c
[2026-05-12T14:59:16.152+0000] {taskinstance.py:2648} INFO - Exporting env vars: AIRFLOW_CTX_DAG_OWNER='data_engineer' AIRFLOW_CTX_DAG_ID='abc_phones_etl_pipeline' AIRFLOW_CTX_TASK_ID='clean_data' AIRFLOW_CTX_EXECUTION_DATE='2026-05-11T00:00:00+00:00' AIRFLOW_CTX_TRY_NUMBER='2' AIRFLOW_CTX_DAG_RUN_ID='scheduled__2026-05-11T00:00:00+00:00'
[2026-05-12T14:59:16.254+0000] {taskinstance.py:430} INFO - ::endgroup::
[2026-05-12T14:59:36.256+0000] {local_task_job_runner.py:313} WARNING - State of this instance has been externally set to None. Terminating instance.
[2026-05-12T14:59:36.257+0000] {local_task_job_runner.py:222} INFO - ::endgroup::
[2026-05-12T14:59:36.260+0000] {process_utils.py:132} INFO - Sending 15 to group 1380. PIDs of all processes in the group: [1380]
[2026-05-12T14:59:36.260+0000] {process_utils.py:87} INFO - Sending the signal 15 to group 1380
[2026-05-12T14:59:36.261+0000] {taskinstance.py:2611} ERROR - Received SIGTERM. Terminating subprocesses.
[2026-05-12T14:59:36.263+0000] {taskinstance.py:441} INFO - ::group::Post task execution logs
[2026-05-12T14:59:36.278+0000] {taskinstance.py:2905} ERROR - Task failed with exception
Traceback (most recent call last):
  File "/home/airflow/.local/lib/python3.12/site-packages/airflow/models/taskinstance.py", line 465, in _execute_task
    result = _execute_callable(context=context, **execute_callable_kwargs)
             ^^^^^^^^^^^^^^^^^^^^^^^^^^^^^^^^^^^^^^^^^^^^^^^^^^^^^^^^^^^^^
  File "/home/airflow/.local/lib/python3.12/site-packages/airflow/models/taskinstance.py", line 432, in _execute_callable
    return execute_callable(context=context, **execute_callable_kwargs)
           ^^^^^^^^^^^^^^^^^^^^^^^^^^^^^^^^^^^^^^^^^^^^^^^^^^^^^^^^^^^^
  File "/home/airflow/.local/lib/python3.12/site-packages/airflow/models/baseoperator.py", line 401, in wrapper
    return func(self, *args, **kwargs)
           ^^^^^^^^^^^^^^^^^^^^^^^^^^^
  File "/home/airflow/.local/lib/python3.12/site-packages/airflow/operators/python.py", line 235, in execute
    return_value = self.execute_callable()
                   ^^^^^^^^^^^^^^^^^^^^^^^
  File "/home/airflow/.local/lib/python3.12/site-packages/airflow/operators/python.py", line 252, in execute_callable
    return self.python_callable(*self.op_args, **self.op_kwargs)
           ^^^^^^^^^^^^^^^^^^^^^^^^^^^^^^^^^^^^^^^^^^^^^^^^^^^^^
  File "/opt/airflow/scripts/clean.py", line 84, in run_cleaning
    sales_data.to_csv("/opt/airflow/data/gold/sales_cleaned.csv", index=False)
  File "/home/airflow/.local/lib/python3.12/site-packages/pandas/core/generic.py", line 3902, in to_csv
    return DataFrameRenderer(formatter).to_csv(
           ^^^^^^^^^^^^^^^^^^^^^^^^^^^^^^^^^^^^
  File "/home/airflow/.local/lib/python3.12/site-packages/pandas/io/formats/format.py", line 1152, in to_csv
    csv_formatter.save()
  File "/home/airflow/.local/lib/python3.12/site-packages/pandas/io/formats/csvs.py", line 266, in save
    self._save()
  File "/home/airflow/.local/lib/python3.12/site-packages/pandas/io/formats/csvs.py", line 271, in _save
    self._save_body()
  File "/home/airflow/.local/lib/python3.12/site-packages/pandas/io/formats/csvs.py", line 309, in _save_body
    self._save_chunk(start_i, end_i)
  File "/home/airflow/.local/lib/python3.12/site-packages/pandas/io/formats/csvs.py", line 320, in _save_chunk
    libwriters.write_csv_rows(
  File "writers.pyx", line 72, in pandas._libs.writers.write_csv_rows
  File "/home/airflow/.local/lib/python3.12/site-packages/airflow/models/taskinstance.py", line 2613, in signal_handler
    raise AirflowTaskTerminated("Task received SIGTERM signal")
airflow.exceptions.AirflowTaskTerminated: Task received SIGTERM signal
[2026-05-12T14:59:36.290+0000] {taskinstance.py:1206} INFO - Marking task as FAILED. dag_id=abc_phones_etl_pipeline, task_id=clean_data, run_id=scheduled__2026-05-11T00:00:00+00:00, execution_date=20260511T000000, start_date=20260512T145915, end_date=20260512T145936
[2026-05-12T14:59:36.303+0000] {standard_task_runner.py:110} ERROR - Failed to execute job 130 for task clean_data ((psycopg2.errors.ForeignKeyViolation) insert or update on table "task_fail" violates foreign key constraint "task_fail_ti_fkey"
DETAIL:  Key (dag_id, task_id, run_id, map_index)=(abc_phones_etl_pipeline, clean_data, scheduled__2026-05-11T00:00:00+00:00, -1) is not present in table "task_instance".

[SQL: INSERT INTO task_fail (task_id, dag_id, run_id, map_index, start_date, end_date, duration) VALUES (%(task_id)s, %(dag_id)s, %(run_id)s, %(map_index)s, %(start_date)s, %(end_date)s, %(duration)s) RETURNING task_fail.id]
[parameters: {'task_id': 'clean_data', 'dag_id': 'abc_phones_etl_pipeline', 'run_id': 'scheduled__2026-05-11T00:00:00+00:00', 'map_index': -1, 'start_date': datetime.datetime(2026, 5, 12, 14, 59, 15, 761111, tzinfo=Timezone('UTC')), 'end_date': datetime.datetime(2026, 5, 12, 14, 59, 36, 289716, tzinfo=Timezone('UTC')), 'duration': 20}]
(Background on this error at: https://sqlalche.me/e/14/gkpj); 1380)
[2026-05-12T14:59:36.354+0000] {process_utils.py:80} INFO - Process psutil.Process(pid=1380, status='terminated', exitcode=1, started='14:59:14') (1380) terminated with exit code 1
