[2026-05-12T15:08:21.116+0000] {local_task_job_runner.py:120} INFO - ::group::Pre task execution logs
[2026-05-12T15:08:21.176+0000] {taskinstance.py:2076} INFO - Dependencies all met for dep_context=non-requeueable deps ti=<TaskInstance: abc_phones_etl_pipeline.feature_engineering manual__2026-05-12T15:00:04.104085+00:00 [queued]>
[2026-05-12T15:08:21.190+0000] {taskinstance.py:2076} INFO - Dependencies all met for dep_context=requeueable deps ti=<TaskInstance: abc_phones_etl_pipeline.feature_engineering manual__2026-05-12T15:00:04.104085+00:00 [queued]>
[2026-05-12T15:08:21.192+0000] {taskinstance.py:2306} INFO - Starting attempt 1 of 2
[2026-05-12T15:08:21.213+0000] {taskinstance.py:2330} INFO - Executing <Task(PythonOperator): feature_engineering> on 2026-05-12 15:00:04.104085+00:00
[2026-05-12T15:08:21.226+0000] {standard_task_runner.py:90} INFO - Running: ['airflow', 'tasks', 'run', 'abc_phones_etl_pipeline', 'feature_engineering', 'manual__2026-05-12T15:00:04.104085+00:00', '--job-id', '136', '--raw', '--subdir', 'DAGS_FOLDER/abc_phones_etl_dag.py', '--cfg-path', '/tmp/tmp1l28kx4b']
[2026-05-12T15:08:21.234+0000] {standard_task_runner.py:91} INFO - Job 136: Subtask feature_engineering
[2026-05-12T15:08:21.235+0000] {logging_mixin.py:188} WARNING - /home/airflow/.local/lib/python3.12/site-packages/airflow/task/task_runner/standard_task_runner.py:62 DeprecationWarning: This process (pid=1445) is multi-threaded, use of fork() may lead to deadlocks in the child.
[2026-05-12T15:08:21.236+0000] {standard_task_runner.py:64} INFO - Started process 1450 to run task
[2026-05-12T15:08:21.398+0000] {task_command.py:426} INFO - Running <TaskInstance: abc_phones_etl_pipeline.feature_engineering manual__2026-05-12T15:00:04.104085+00:00 [running]> on host 87c449af332c
[2026-05-12T15:08:21.578+0000] {taskinstance.py:2648} INFO - Exporting env vars: AIRFLOW_CTX_DAG_OWNER='data_engineer' AIRFLOW_CTX_DAG_ID='abc_phones_etl_pipeline' AIRFLOW_CTX_TASK_ID='feature_engineering' AIRFLOW_CTX_EXECUTION_DATE='2026-05-12T15:00:04.104085+00:00' AIRFLOW_CTX_TRY_NUMBER='1' AIRFLOW_CTX_DAG_RUN_ID='manual__2026-05-12T15:00:04.104085+00:00'
[2026-05-12T15:08:21.583+0000] {taskinstance.py:430} INFO - ::endgroup::
[2026-05-12T15:08:22.099+0000] {taskinstance.py:441} INFO - ::group::Post task execution logs
[2026-05-12T15:08:22.100+0000] {taskinstance.py:2905} ERROR - Task failed with exception
Traceback (most recent call last):
  File "/home/airflow/.local/lib/python3.12/site-packages/pandas/core/indexes/base.py", line 3791, in get_loc
    return self._engine.get_loc(casted_key)
           ^^^^^^^^^^^^^^^^^^^^^^^^^^^^^^^^
  File "index.pyx", line 152, in pandas._libs.index.IndexEngine.get_loc
  File "index.pyx", line 181, in pandas._libs.index.IndexEngine.get_loc
  File "pandas/_libs/hashtable_class_helper.pxi", line 7080, in pandas._libs.hashtable.PyObjectHashTable.get_item
  File "pandas/_libs/hashtable_class_helper.pxi", line 7088, in pandas._libs.hashtable.PyObjectHashTable.get_item
KeyError: 'date_of_bith'

The above exception was the direct cause of the following exception:

Traceback (most recent call last):
  File "/home/airflow/.local/lib/python3.12/site-packages/airflow/models/taskinstance.py", line 465, in _execute_task
    result = _execute_callable(context=context, **execute_callable_kwargs)
             ^^^^^^^^^^^^^^^^^^^^^^^^^^^^^^^^^^^^^^^^^^^^^^^^^^^^^^^^^^^^^
  File "/home/airflow/.local/lib/python3.12/site-packages/airflow/models/taskinstance.py", line 432, in _execute_callable
    return execute_callable(context=context, **execute_callable_kwargs)
           ^^^^^^^^^^^^^^^^^^^^^^^^^^^^^^^^^^^^^^^^^^^^^^^^^^^^^^^^^^^^
  File "/home/airflow/.local/lib/python3.12/site-packages/airflow/models/baseoperator.py", line 401, in wrapper
    return func(self, *args, **kwargs)
           ^^^^^^^^^^^^^^^^^^^^^^^^^^^
  File "/home/airflow/.local/lib/python3.12/site-packages/airflow/operators/python.py", line 235, in execute
    return_value = self.execute_callable()
                   ^^^^^^^^^^^^^^^^^^^^^^^
  File "/home/airflow/.local/lib/python3.12/site-packages/airflow/operators/python.py", line 252, in execute_callable
    return self.python_callable(*self.op_args, **self.op_kwargs)
           ^^^^^^^^^^^^^^^^^^^^^^^^^^^^^^^^^^^^^^^^^^^^^^^^^^^^^
  File "/opt/airflow/scripts/feature_engineering.py", line 8, in run_feature_engineering
    sales_data['age'] = (pd.to_datetime(credit_data['date']).max() - pd.to_datetime(sales_data['date_of_bith'])).dt.days // 365
                                                                                    ~~~~~~~~~~^^^^^^^^^^^^^^^^
  File "/home/airflow/.local/lib/python3.12/site-packages/pandas/core/frame.py", line 3893, in __getitem__
    indexer = self.columns.get_loc(key)
              ^^^^^^^^^^^^^^^^^^^^^^^^^
  File "/home/airflow/.local/lib/python3.12/site-packages/pandas/core/indexes/base.py", line 3798, in get_loc
    raise KeyError(key) from err
KeyError: 'date_of_bith'
[2026-05-12T15:08:22.141+0000] {taskinstance.py:1206} INFO - Marking task as UP_FOR_RETRY. dag_id=abc_phones_etl_pipeline, task_id=feature_engineering, run_id=manual__2026-05-12T15:00:04.104085+00:00, execution_date=20260512T150004, start_date=20260512T150821, end_date=20260512T150822
[2026-05-12T15:08:22.179+0000] {standard_task_runner.py:110} ERROR - Failed to execute job 136 for task feature_engineering ('date_of_bith'; 1450)
[2026-05-12T15:08:22.216+0000] {local_task_job_runner.py:243} INFO - Task exited with return code 1
[2026-05-12T15:08:22.265+0000] {taskinstance.py:3503} INFO - 0 downstream tasks scheduled from follow-on schedule check
[2026-05-12T15:08:22.276+0000] {local_task_job_runner.py:222} INFO - ::endgroup::
