[2026-05-12T09:58:27.586+0000] {local_task_job_runner.py:120} INFO - ::group::Pre task execution logs
[2026-05-12T09:58:27.646+0000] {taskinstance.py:2076} INFO - Dependencies all met for dep_context=non-requeueable deps ti=<TaskInstance: abc_phones_etl_pipeline.clean_data manual__2026-05-12T09:53:08.854177+00:00 [queued]>
[2026-05-12T09:58:27.658+0000] {taskinstance.py:2076} INFO - Dependencies all met for dep_context=requeueable deps ti=<TaskInstance: abc_phones_etl_pipeline.clean_data manual__2026-05-12T09:53:08.854177+00:00 [queued]>
[2026-05-12T09:58:27.659+0000] {taskinstance.py:2306} INFO - Starting attempt 1 of 2
[2026-05-12T09:58:27.695+0000] {taskinstance.py:2330} INFO - Executing <Task(PythonOperator): clean_data> on 2026-05-12 09:53:08.854177+00:00
[2026-05-12T09:58:27.726+0000] {standard_task_runner.py:90} INFO - Running: ['airflow', 'tasks', 'run', 'abc_phones_etl_pipeline', 'clean_data', 'manual__2026-05-12T09:53:08.854177+00:00', '--job-id', '38', '--raw', '--subdir', 'DAGS_FOLDER/abc_phones_etl_dag.py', '--cfg-path', '/tmp/tmp58ehsr41']
[2026-05-12T09:58:27.738+0000] {logging_mixin.py:188} WARNING - /home/airflow/.local/lib/python3.12/site-packages/airflow/task/task_runner/standard_task_runner.py:62 DeprecationWarning: This process (pid=454) is multi-threaded, use of fork() may lead to deadlocks in the child.
[2026-05-12T09:58:27.740+0000] {standard_task_runner.py:64} INFO - Started process 459 to run task
[2026-05-12T09:58:27.740+0000] {standard_task_runner.py:91} INFO - Job 38: Subtask clean_data
[2026-05-12T09:58:27.887+0000] {task_command.py:426} INFO - Running <TaskInstance: abc_phones_etl_pipeline.clean_data manual__2026-05-12T09:53:08.854177+00:00 [running]> on host 87c449af332c
[2026-05-12T09:58:28.119+0000] {taskinstance.py:2648} INFO - Exporting env vars: AIRFLOW_CTX_DAG_OWNER='data_engineer' AIRFLOW_CTX_DAG_ID='abc_phones_etl_pipeline' AIRFLOW_CTX_TASK_ID='clean_data' AIRFLOW_CTX_EXECUTION_DATE='2026-05-12T09:53:08.854177+00:00' AIRFLOW_CTX_TRY_NUMBER='1' AIRFLOW_CTX_DAG_RUN_ID='manual__2026-05-12T09:53:08.854177+00:00'
[2026-05-12T09:58:28.121+0000] {taskinstance.py:430} INFO - ::endgroup::
[2026-05-12T09:58:33.037+0000] {logging_mixin.py:188} WARNING - /opt/airflow/scripts/clean.py:20 DtypeWarning: Columns (0,1,3,4,5,6,7,10,11,12,13,14,15) have mixed types. Specify dtype option on import or set low_memory=False.
[2026-05-12T09:58:35.026+0000] {logging_mixin.py:188} WARNING - /opt/airflow/scripts/clean.py:21 DtypeWarning: Columns (0,1,2,3,4) have mixed types. Specify dtype option on import or set low_memory=False.
[2026-05-12T09:58:39.694+0000] {logging_mixin.py:188} WARNING - /opt/airflow/scripts/clean.py:24 FutureWarning: In a future version of pandas, parsing datetimes with mixed time zones will raise an error unless `utc=True`. Please specify `utc=True` to opt in to the new behaviour and silence this warning. To create a `Series` with mixed offsets and `object` dtype, please use `apply` and `datetime.datetime.strptime`
[2026-05-12T09:58:40.270+0000] {taskinstance.py:441} INFO - ::group::Post task execution logs
[2026-05-12T09:58:40.271+0000] {taskinstance.py:2905} ERROR - Task failed with exception
Traceback (most recent call last):
  File "/home/airflow/.local/lib/python3.12/site-packages/airflow/models/taskinstance.py", line 465, in _execute_task
    result = _execute_callable(context=context, **execute_callable_kwargs)
             ^^^^^^^^^^^^^^^^^^^^^^^^^^^^^^^^^^^^^^^^^^^^^^^^^^^^^^^^^^^^^
  File "/home/airflow/.local/lib/python3.12/site-packages/airflow/models/taskinstance.py", line 432, in _execute_callable
    return execute_callable(context=context, **execute_callable_kwargs)
           ^^^^^^^^^^^^^^^^^^^^^^^^^^^^^^^^^^^^^^^^^^^^^^^^^^^^^^^^^^^^
  File "/home/airflow/.local/lib/python3.12/site-packages/airflow/models/baseoperator.py", line 401, in wrapper
    return func(self, *args, **kwargs)
           ^^^^^^^^^^^^^^^^^^^^^^^^^^^
  File "/home/airflow/.local/lib/python3.12/site-packages/airflow/operators/python.py", line 235, in execute
    return_value = self.execute_callable()
                   ^^^^^^^^^^^^^^^^^^^^^^^
  File "/home/airflow/.local/lib/python3.12/site-packages/airflow/operators/python.py", line 252, in execute_callable
    return self.python_callable(*self.op_args, **self.op_kwargs)
           ^^^^^^^^^^^^^^^^^^^^^^^^^^^^^^^^^^^^^^^^^^^^^^^^^^^^^
  File "/opt/airflow/scripts/clean.py", line 30, in run_cleaning
    sales_data = sales_details.merge(dob_data, on='Loan Id', how='left')
                 ^^^^^^^^^^^^^^^^^^^^^^^^^^^^^^^^^^^^^^^^^^^^^^^^^^^^^^^
  File "/home/airflow/.local/lib/python3.12/site-packages/pandas/core/frame.py", line 10487, in merge
    return merge(
           ^^^^^^
  File "/home/airflow/.local/lib/python3.12/site-packages/pandas/core/reshape/merge.py", line 169, in merge
    op = _MergeOperation(
         ^^^^^^^^^^^^^^^^
  File "/home/airflow/.local/lib/python3.12/site-packages/pandas/core/reshape/merge.py", line 791, in __init__
    ) = self._get_merge_keys()
        ^^^^^^^^^^^^^^^^^^^^^^
  File "/home/airflow/.local/lib/python3.12/site-packages/pandas/core/reshape/merge.py", line 1269, in _get_merge_keys
    right_keys.append(right._get_label_or_level_values(rk))
                      ^^^^^^^^^^^^^^^^^^^^^^^^^^^^^^^^^^^^
  File "/home/airflow/.local/lib/python3.12/site-packages/pandas/core/generic.py", line 1844, in _get_label_or_level_values
    raise KeyError(key)
KeyError: 'Loan Id'
[2026-05-12T09:58:40.294+0000] {taskinstance.py:1206} INFO - Marking task as UP_FOR_RETRY. dag_id=abc_phones_etl_pipeline, task_id=clean_data, run_id=manual__2026-05-12T09:53:08.854177+00:00, execution_date=20260512T095308, start_date=20260512T095827, end_date=20260512T095840
[2026-05-12T09:58:40.311+0000] {standard_task_runner.py:110} ERROR - Failed to execute job 38 for task clean_data ('Loan Id'; 459)
[2026-05-12T09:58:40.363+0000] {local_task_job_runner.py:243} INFO - Task exited with return code 1
[2026-05-12T09:58:40.398+0000] {taskinstance.py:3503} INFO - 0 downstream tasks scheduled from follow-on schedule check
[2026-05-12T09:58:40.402+0000] {local_task_job_runner.py:222} INFO - ::endgroup::
