[2026-05-13T15:57:59.288+0000] {local_task_job_runner.py:120} INFO - ::group::Pre task execution logs
[2026-05-13T15:57:59.349+0000] {taskinstance.py:2076} INFO - Dependencies all met for dep_context=non-requeueable deps ti=<TaskInstance: abc_phones_etl_pipeline.load_to_gcs scheduled__2026-05-12T00:00:00+00:00 [queued]>
[2026-05-13T15:57:59.362+0000] {taskinstance.py:2076} INFO - Dependencies all met for dep_context=requeueable deps ti=<TaskInstance: abc_phones_etl_pipeline.load_to_gcs scheduled__2026-05-12T00:00:00+00:00 [queued]>
[2026-05-13T15:57:59.365+0000] {taskinstance.py:2306} INFO - Starting attempt 2 of 2
[2026-05-13T15:57:59.384+0000] {taskinstance.py:2330} INFO - Executing <Task(PythonOperator): load_to_gcs> on 2026-05-12 00:00:00+00:00
[2026-05-13T15:57:59.398+0000] {standard_task_runner.py:90} INFO - Running: ['airflow', 'tasks', 'run', 'abc_phones_etl_pipeline', 'load_to_gcs', 'scheduled__2026-05-12T00:00:00+00:00', '--job-id', '212', '--raw', '--subdir', 'DAGS_FOLDER/abc_phones_etl_dag.py', '--cfg-path', '/tmp/tmp6kzp44d1']
[2026-05-13T15:57:59.401+0000] {logging_mixin.py:188} WARNING - /home/airflow/.local/lib/python3.12/site-packages/airflow/task/task_runner/standard_task_runner.py:62 DeprecationWarning: This process (pid=1376) is multi-threaded, use of fork() may lead to deadlocks in the child.
[2026-05-13T15:57:59.402+0000] {standard_task_runner.py:91} INFO - Job 212: Subtask load_to_gcs
[2026-05-13T15:57:59.404+0000] {standard_task_runner.py:64} INFO - Started process 1381 to run task
[2026-05-13T15:57:59.508+0000] {task_command.py:426} INFO - Running <TaskInstance: abc_phones_etl_pipeline.load_to_gcs scheduled__2026-05-12T00:00:00+00:00 [running]> on host 87c449af332c
[2026-05-13T15:57:59.705+0000] {taskinstance.py:2648} INFO - Exporting env vars: AIRFLOW_CTX_DAG_OWNER='data_engineer' AIRFLOW_CTX_DAG_ID='abc_phones_etl_pipeline' AIRFLOW_CTX_TASK_ID='load_to_gcs' AIRFLOW_CTX_EXECUTION_DATE='2026-05-12T00:00:00+00:00' AIRFLOW_CTX_TRY_NUMBER='2' AIRFLOW_CTX_DAG_RUN_ID='scheduled__2026-05-12T00:00:00+00:00'
[2026-05-13T15:57:59.706+0000] {taskinstance.py:430} INFO - ::endgroup::
[2026-05-13T15:58:00.124+0000] {taskinstance.py:441} INFO - ::group::Post task execution logs
[2026-05-13T15:58:00.124+0000] {taskinstance.py:2905} ERROR - Task failed with exception
Traceback (most recent call last):
  File "/home/airflow/.local/lib/python3.12/site-packages/airflow/models/taskinstance.py", line 465, in _execute_task
    result = _execute_callable(context=context, **execute_callable_kwargs)
             ^^^^^^^^^^^^^^^^^^^^^^^^^^^^^^^^^^^^^^^^^^^^^^^^^^^^^^^^^^^^^
  File "/home/airflow/.local/lib/python3.12/site-packages/airflow/models/taskinstance.py", line 432, in _execute_callable
    return execute_callable(context=context, **execute_callable_kwargs)
           ^^^^^^^^^^^^^^^^^^^^^^^^^^^^^^^^^^^^^^^^^^^^^^^^^^^^^^^^^^^^
  File "/home/airflow/.local/lib/python3.12/site-packages/airflow/models/baseoperator.py", line 401, in wrapper
    return func(self, *args, **kwargs)
           ^^^^^^^^^^^^^^^^^^^^^^^^^^^
  File "/home/airflow/.local/lib/python3.12/site-packages/airflow/operators/python.py", line 235, in execute
    return_value = self.execute_callable()
                   ^^^^^^^^^^^^^^^^^^^^^^^
  File "/home/airflow/.local/lib/python3.12/site-packages/airflow/operators/python.py", line 252, in execute_callable
    return self.python_callable(*self.op_args, **self.op_kwargs)
           ^^^^^^^^^^^^^^^^^^^^^^^^^^^^^^^^^^^^^^^^^^^^^^^^^^^^^
  File "/opt/airflow/scripts/load.py", line 9, in run_load
    nps_data = pd.read_csv("/opt/airflow/gold/nps_cleaned.csv")
               ^^^^^^^^^^^^^^^^^^^^^^^^^^^^^^^^^^^^^^^^^^^^^^^^
  File "/home/airflow/.local/lib/python3.12/site-packages/pandas/io/parsers/readers.py", line 948, in read_csv
    return _read(filepath_or_buffer, kwds)
           ^^^^^^^^^^^^^^^^^^^^^^^^^^^^^^^
  File "/home/airflow/.local/lib/python3.12/site-packages/pandas/io/parsers/readers.py", line 611, in _read
    parser = TextFileReader(filepath_or_buffer, **kwds)
             ^^^^^^^^^^^^^^^^^^^^^^^^^^^^^^^^^^^^^^^^^^
  File "/home/airflow/.local/lib/python3.12/site-packages/pandas/io/parsers/readers.py", line 1448, in __init__
    self._engine = self._make_engine(f, self.engine)
                   ^^^^^^^^^^^^^^^^^^^^^^^^^^^^^^^^^
  File "/home/airflow/.local/lib/python3.12/site-packages/pandas/io/parsers/readers.py", line 1705, in _make_engine
    self.handles = get_handle(
                   ^^^^^^^^^^^
  File "/home/airflow/.local/lib/python3.12/site-packages/pandas/io/common.py", line 863, in get_handle
    handle = open(
             ^^^^^
FileNotFoundError: [Errno 2] No such file or directory: '/opt/airflow/gold/nps_cleaned.csv'
[2026-05-13T15:58:00.150+0000] {taskinstance.py:1206} INFO - Marking task as FAILED. dag_id=abc_phones_etl_pipeline, task_id=load_to_gcs, run_id=scheduled__2026-05-12T00:00:00+00:00, execution_date=20260512T000000, start_date=20260513T155759, end_date=20260513T155800
[2026-05-13T15:58:00.170+0000] {standard_task_runner.py:110} ERROR - Failed to execute job 212 for task load_to_gcs ([Errno 2] No such file or directory: '/opt/airflow/gold/nps_cleaned.csv'; 1381)
[2026-05-13T15:58:00.224+0000] {local_task_job_runner.py:243} INFO - Task exited with return code 1
[2026-05-13T15:58:00.252+0000] {taskinstance.py:3503} INFO - 0 downstream tasks scheduled from follow-on schedule check
[2026-05-13T15:58:00.258+0000] {local_task_job_runner.py:222} INFO - ::endgroup::
[2026-05-13T18:43:22.932+0000] {local_task_job_runner.py:120} INFO - ::group::Pre task execution logs
[2026-05-13T18:43:23.328+0000] {taskinstance.py:2076} INFO - Dependencies all met for dep_context=non-requeueable deps ti=<TaskInstance: abc_phones_etl_pipeline.load_to_gcs scheduled__2026-05-12T00:00:00+00:00 [queued]>
[2026-05-13T18:43:23.436+0000] {taskinstance.py:2076} INFO - Dependencies all met for dep_context=requeueable deps ti=<TaskInstance: abc_phones_etl_pipeline.load_to_gcs scheduled__2026-05-12T00:00:00+00:00 [queued]>
[2026-05-13T18:43:23.452+0000] {taskinstance.py:2306} INFO - Starting attempt 2 of 2
[2026-05-13T18:43:23.616+0000] {taskinstance.py:2330} INFO - Executing <Task(PythonOperator): load_to_gcs> on 2026-05-12 00:00:00+00:00
[2026-05-13T18:43:23.812+0000] {logging_mixin.py:188} WARNING - /home/airflow/.local/lib/python3.12/site-packages/airflow/task/task_runner/standard_task_runner.py:62 DeprecationWarning: This process (pid=1614) is multi-threaded, use of fork() may lead to deadlocks in the child.
[2026-05-13T18:43:23.752+0000] {standard_task_runner.py:90} INFO - Running: ['airflow', 'tasks', 'run', 'abc_phones_etl_pipeline', 'load_to_gcs', 'scheduled__2026-05-12T00:00:00+00:00', '--job-id', '224', '--raw', '--subdir', 'DAGS_FOLDER/abc_phones_etl_dag.py', '--cfg-path', '/tmp/tmphk6maqx6']
[2026-05-13T18:43:23.833+0000] {standard_task_runner.py:64} INFO - Started process 1623 to run task
[2026-05-13T18:43:23.836+0000] {standard_task_runner.py:91} INFO - Job 224: Subtask load_to_gcs
[2026-05-13T18:43:24.419+0000] {task_command.py:426} INFO - Running <TaskInstance: abc_phones_etl_pipeline.load_to_gcs scheduled__2026-05-12T00:00:00+00:00 [running]> on host 87c449af332c
[2026-05-13T18:43:25.260+0000] {taskinstance.py:2648} INFO - Exporting env vars: AIRFLOW_CTX_DAG_OWNER='data_engineer' AIRFLOW_CTX_DAG_ID='abc_phones_etl_pipeline' AIRFLOW_CTX_TASK_ID='load_to_gcs' AIRFLOW_CTX_EXECUTION_DATE='2026-05-12T00:00:00+00:00' AIRFLOW_CTX_TRY_NUMBER='2' AIRFLOW_CTX_DAG_RUN_ID='scheduled__2026-05-12T00:00:00+00:00'
[2026-05-13T18:43:25.299+0000] {taskinstance.py:430} INFO - ::endgroup::
[2026-05-13T18:43:28.002+0000] {taskinstance.py:441} INFO - ::group::Post task execution logs
[2026-05-13T18:43:28.017+0000] {taskinstance.py:2905} ERROR - Task failed with exception
Traceback (most recent call last):
  File "/home/airflow/.local/lib/python3.12/site-packages/airflow/models/taskinstance.py", line 465, in _execute_task
    result = _execute_callable(context=context, **execute_callable_kwargs)
             ^^^^^^^^^^^^^^^^^^^^^^^^^^^^^^^^^^^^^^^^^^^^^^^^^^^^^^^^^^^^^
  File "/home/airflow/.local/lib/python3.12/site-packages/airflow/models/taskinstance.py", line 432, in _execute_callable
    return execute_callable(context=context, **execute_callable_kwargs)
           ^^^^^^^^^^^^^^^^^^^^^^^^^^^^^^^^^^^^^^^^^^^^^^^^^^^^^^^^^^^^
  File "/home/airflow/.local/lib/python3.12/site-packages/airflow/models/baseoperator.py", line 401, in wrapper
    return func(self, *args, **kwargs)
           ^^^^^^^^^^^^^^^^^^^^^^^^^^^
  File "/home/airflow/.local/lib/python3.12/site-packages/airflow/operators/python.py", line 235, in execute
    return_value = self.execute_callable()
                   ^^^^^^^^^^^^^^^^^^^^^^^
  File "/home/airflow/.local/lib/python3.12/site-packages/airflow/operators/python.py", line 252, in execute_callable
    return self.python_callable(*self.op_args, **self.op_kwargs)
           ^^^^^^^^^^^^^^^^^^^^^^^^^^^^^^^^^^^^^^^^^^^^^^^^^^^^^
  File "/opt/airflow/scripts/load.py", line 9, in run_load
    nps_data = pd.read_csv("/opt/airflow/gold/nps_cleaned.csv")
               ^^^^^^^^^^^^^^^^^^^^^^^^^^^^^^^^^^^^^^^^^^^^^^^^
  File "/home/airflow/.local/lib/python3.12/site-packages/pandas/io/parsers/readers.py", line 948, in read_csv
    return _read(filepath_or_buffer, kwds)
           ^^^^^^^^^^^^^^^^^^^^^^^^^^^^^^^
  File "/home/airflow/.local/lib/python3.12/site-packages/pandas/io/parsers/readers.py", line 611, in _read
    parser = TextFileReader(filepath_or_buffer, **kwds)
             ^^^^^^^^^^^^^^^^^^^^^^^^^^^^^^^^^^^^^^^^^^
  File "/home/airflow/.local/lib/python3.12/site-packages/pandas/io/parsers/readers.py", line 1448, in __init__
    self._engine = self._make_engine(f, self.engine)
                   ^^^^^^^^^^^^^^^^^^^^^^^^^^^^^^^^^
  File "/home/airflow/.local/lib/python3.12/site-packages/pandas/io/parsers/readers.py", line 1705, in _make_engine
    self.handles = get_handle(
                   ^^^^^^^^^^^
  File "/home/airflow/.local/lib/python3.12/site-packages/pandas/io/common.py", line 863, in get_handle
    handle = open(
             ^^^^^
FileNotFoundError: [Errno 2] No such file or directory: '/opt/airflow/gold/nps_cleaned.csv'
[2026-05-13T18:43:28.114+0000] {taskinstance.py:1206} INFO - Marking task as FAILED. dag_id=abc_phones_etl_pipeline, task_id=load_to_gcs, run_id=scheduled__2026-05-12T00:00:00+00:00, execution_date=20260512T000000, start_date=20260513T184323, end_date=20260513T184328
[2026-05-13T18:43:28.187+0000] {standard_task_runner.py:110} ERROR - Failed to execute job 224 for task load_to_gcs ([Errno 2] No such file or directory: '/opt/airflow/gold/nps_cleaned.csv'; 1623)
[2026-05-13T18:43:28.321+0000] {local_task_job_runner.py:243} INFO - Task exited with return code 1
[2026-05-13T18:43:28.454+0000] {taskinstance.py:3503} INFO - 0 downstream tasks scheduled from follow-on schedule check
[2026-05-13T18:43:28.472+0000] {local_task_job_runner.py:222} INFO - ::endgroup::
