[2026-05-12T11:21:02.708+0000] {local_task_job_runner.py:120} INFO - ::group::Pre task execution logs
[2026-05-12T11:21:02.773+0000] {taskinstance.py:2076} INFO - Dependencies all met for dep_context=non-requeueable deps ti=<TaskInstance: abc_phones_etl_pipeline.clean_data manual__2026-05-12T11:14:05.035339+00:00 [queued]>
[2026-05-12T11:21:02.786+0000] {taskinstance.py:2076} INFO - Dependencies all met for dep_context=requeueable deps ti=<TaskInstance: abc_phones_etl_pipeline.clean_data manual__2026-05-12T11:14:05.035339+00:00 [queued]>
[2026-05-12T11:21:02.787+0000] {taskinstance.py:2306} INFO - Starting attempt 1 of 2
[2026-05-12T11:21:02.806+0000] {taskinstance.py:2330} INFO - Executing <Task(PythonOperator): clean_data> on 2026-05-12 11:14:05.035339+00:00
[2026-05-12T11:21:02.821+0000] {standard_task_runner.py:90} INFO - Running: ['airflow', 'tasks', 'run', 'abc_phones_etl_pipeline', 'clean_data', 'manual__2026-05-12T11:14:05.035339+00:00', '--job-id', '58', '--raw', '--subdir', 'DAGS_FOLDER/abc_phones_etl_dag.py', '--cfg-path', '/tmp/tmp0omd_ptg']
[2026-05-12T11:21:02.827+0000] {standard_task_runner.py:91} INFO - Job 58: Subtask clean_data
[2026-05-12T11:21:02.828+0000] {logging_mixin.py:188} WARNING - /home/airflow/.local/lib/python3.12/site-packages/airflow/task/task_runner/standard_task_runner.py:62 DeprecationWarning: This process (pid=96) is multi-threaded, use of fork() may lead to deadlocks in the child.
[2026-05-12T11:21:02.830+0000] {standard_task_runner.py:64} INFO - Started process 101 to run task
[2026-05-12T11:21:02.930+0000] {task_command.py:426} INFO - Running <TaskInstance: abc_phones_etl_pipeline.clean_data manual__2026-05-12T11:14:05.035339+00:00 [running]> on host 87c449af332c
[2026-05-12T11:21:03.079+0000] {taskinstance.py:2648} INFO - Exporting env vars: AIRFLOW_CTX_DAG_OWNER='data_engineer' AIRFLOW_CTX_DAG_ID='abc_phones_etl_pipeline' AIRFLOW_CTX_TASK_ID='clean_data' AIRFLOW_CTX_EXECUTION_DATE='2026-05-12T11:14:05.035339+00:00' AIRFLOW_CTX_TRY_NUMBER='1' AIRFLOW_CTX_DAG_RUN_ID='manual__2026-05-12T11:14:05.035339+00:00'
[2026-05-12T11:21:03.082+0000] {taskinstance.py:430} INFO - ::endgroup::
[2026-05-12T11:21:07.177+0000] {logging_mixin.py:188} WARNING - /opt/airflow/scripts/clean.py:20 DtypeWarning: Columns (0,1,3,4,5,6,7,10,11,12,13,14,15) have mixed types. Specify dtype option on import or set low_memory=False.
[2026-05-12T11:21:09.710+0000] {logging_mixin.py:188} WARNING - /opt/airflow/scripts/clean.py:21 DtypeWarning: Columns (0,1,2,3,4) have mixed types. Specify dtype option on import or set low_memory=False.
[2026-05-12T11:21:10.571+0000] {logging_mixin.py:188} WARNING - /opt/airflow/scripts/clean.py:22 DtypeWarning: Columns (0,1,2) have mixed types. Specify dtype option on import or set low_memory=False.
[2026-05-12T11:21:11.197+0000] {logging_mixin.py:188} WARNING - /opt/airflow/scripts/clean.py:23 DtypeWarning: Columns (0) have mixed types. Specify dtype option on import or set low_memory=False.
[2026-05-12T11:21:16.809+0000] {logging_mixin.py:188} WARNING - /opt/airflow/scripts/clean.py:26 FutureWarning: In a future version of pandas, parsing datetimes with mixed time zones will raise an error unless `utc=True`. Please specify `utc=True` to opt in to the new behaviour and silence this warning. To create a `Series` with mixed offsets and `object` dtype, please use `apply` and `datetime.datetime.strptime`
[2026-05-12T11:22:06.048+0000] {local_task_job_runner.py:243} INFO - Task exited with return code -9For more information, see https://airflow.apache.org/docs/apache-airflow/stable/troubleshooting.html#LocalTaskJob-killed
[2026-05-12T11:22:10.392+0000] {taskinstance.py:3503} INFO - 0 downstream tasks scheduled from follow-on schedule check
[2026-05-12T11:22:10.398+0000] {local_task_job_runner.py:222} INFO - ::endgroup::
