[2026-05-12T12:35:29.716+0000] {local_task_job_runner.py:120} INFO - ::group::Pre task execution logs
[2026-05-12T12:35:29.766+0000] {taskinstance.py:2076} INFO - Dependencies all met for dep_context=non-requeueable deps ti=<TaskInstance: abc_phones_etl_pipeline.clean_data manual__2026-05-12T12:31:00.751617+00:00 [queued]>
[2026-05-12T12:35:29.777+0000] {taskinstance.py:2076} INFO - Dependencies all met for dep_context=requeueable deps ti=<TaskInstance: abc_phones_etl_pipeline.clean_data manual__2026-05-12T12:31:00.751617+00:00 [queued]>
[2026-05-12T12:35:29.778+0000] {taskinstance.py:2306} INFO - Starting attempt 1 of 2
[2026-05-12T12:35:29.798+0000] {taskinstance.py:2330} INFO - Executing <Task(PythonOperator): clean_data> on 2026-05-12 12:31:00.751617+00:00
[2026-05-12T12:35:29.819+0000] {standard_task_runner.py:90} INFO - Running: ['airflow', 'tasks', 'run', 'abc_phones_etl_pipeline', 'clean_data', 'manual__2026-05-12T12:31:00.751617+00:00', '--job-id', '74', '--raw', '--subdir', 'DAGS_FOLDER/abc_phones_etl_dag.py', '--cfg-path', '/tmp/tmp9l6i7z3a']
[2026-05-12T12:35:29.824+0000] {standard_task_runner.py:91} INFO - Job 74: Subtask clean_data
[2026-05-12T12:35:29.827+0000] {logging_mixin.py:188} WARNING - /home/airflow/.local/lib/python3.12/site-packages/airflow/task/task_runner/standard_task_runner.py:62 DeprecationWarning: This process (pid=478) is multi-threaded, use of fork() may lead to deadlocks in the child.
[2026-05-12T12:35:29.828+0000] {standard_task_runner.py:64} INFO - Started process 485 to run task
[2026-05-12T12:35:29.901+0000] {task_command.py:426} INFO - Running <TaskInstance: abc_phones_etl_pipeline.clean_data manual__2026-05-12T12:31:00.751617+00:00 [running]> on host 87c449af332c
[2026-05-12T12:35:30.069+0000] {taskinstance.py:2648} INFO - Exporting env vars: AIRFLOW_CTX_DAG_OWNER='data_engineer' AIRFLOW_CTX_DAG_ID='abc_phones_etl_pipeline' AIRFLOW_CTX_TASK_ID='clean_data' AIRFLOW_CTX_EXECUTION_DATE='2026-05-12T12:31:00.751617+00:00' AIRFLOW_CTX_TRY_NUMBER='1' AIRFLOW_CTX_DAG_RUN_ID='manual__2026-05-12T12:31:00.751617+00:00'
[2026-05-12T12:35:30.070+0000] {taskinstance.py:430} INFO - ::endgroup::
[2026-05-12T12:35:30.355+0000] {taskinstance.py:441} INFO - ::group::Post task execution logs
[2026-05-12T12:35:30.356+0000] {taskinstance.py:2905} ERROR - Task failed with exception
Traceback (most recent call last):
  File "/home/airflow/.local/lib/python3.12/site-packages/airflow/models/taskinstance.py", line 465, in _execute_task
    result = _execute_callable(context=context, **execute_callable_kwargs)
             ^^^^^^^^^^^^^^^^^^^^^^^^^^^^^^^^^^^^^^^^^^^^^^^^^^^^^^^^^^^^^
  File "/home/airflow/.local/lib/python3.12/site-packages/airflow/models/taskinstance.py", line 432, in _execute_callable
    return execute_callable(context=context, **execute_callable_kwargs)
           ^^^^^^^^^^^^^^^^^^^^^^^^^^^^^^^^^^^^^^^^^^^^^^^^^^^^^^^^^^^^
  File "/home/airflow/.local/lib/python3.12/site-packages/airflow/models/baseoperator.py", line 401, in wrapper
    return func(self, *args, **kwargs)
           ^^^^^^^^^^^^^^^^^^^^^^^^^^^
  File "/home/airflow/.local/lib/python3.12/site-packages/airflow/operators/python.py", line 235, in execute
    return_value = self.execute_callable()
                   ^^^^^^^^^^^^^^^^^^^^^^^
  File "/home/airflow/.local/lib/python3.12/site-packages/airflow/operators/python.py", line 252, in execute_callable
    return self.python_callable(*self.op_args, **self.op_kwargs)
           ^^^^^^^^^^^^^^^^^^^^^^^^^^^^^^^^^^^^^^^^^^^^^^^^^^^^^
  File "/opt/airflow/scripts/clean.py", line 118, in run_cleaning
    credit_data = pd.read_csv("/opt/airflow/data/silver/credit_raw.csv", low_memory=False, dtype=SCHEMA)
                  ^^^^^^^^^^^^^^^^^^^^^^^^^^^^^^^^^^^^^^^^^^^^^^^^^^^^^^^^^^^^^^^^^^^^^^^^^^^^^^^^^^^^^^
  File "/home/airflow/.local/lib/python3.12/site-packages/pandas/io/parsers/readers.py", line 948, in read_csv
    return _read(filepath_or_buffer, kwds)
           ^^^^^^^^^^^^^^^^^^^^^^^^^^^^^^^
  File "/home/airflow/.local/lib/python3.12/site-packages/pandas/io/parsers/readers.py", line 617, in _read
    return parser.read(nrows)
           ^^^^^^^^^^^^^^^^^^
  File "/home/airflow/.local/lib/python3.12/site-packages/pandas/io/parsers/readers.py", line 1748, in read
    ) = self._engine.read(  # type: ignore[attr-defined]
        ^^^^^^^^^^^^^^^^^^^^^^^^^^^^^^^^^^^^^^^^^^^^^^^^
  File "/home/airflow/.local/lib/python3.12/site-packages/pandas/io/parsers/c_parser_wrapper.py", line 239, in read
    data = self._reader.read(nrows)
           ^^^^^^^^^^^^^^^^^^^^^^^^
  File "parsers.pyx", line 825, in pandas._libs.parsers.TextReader.read
  File "parsers.pyx", line 920, in pandas._libs.parsers.TextReader._read_rows
  File "parsers.pyx", line 1065, in pandas._libs.parsers.TextReader._convert_column_data
  File "parsers.pyx", line 1104, in pandas._libs.parsers.TextReader._convert_tokens
  File "parsers.pyx", line 1274, in pandas._libs.parsers.TextReader._convert_with_dtype
TypeError: the dtype datetime64[ns] is not supported for parsing, pass this column using parse_dates instead
[2026-05-12T12:35:30.379+0000] {taskinstance.py:1206} INFO - Marking task as UP_FOR_RETRY. dag_id=abc_phones_etl_pipeline, task_id=clean_data, run_id=manual__2026-05-12T12:31:00.751617+00:00, execution_date=20260512T123100, start_date=20260512T123529, end_date=20260512T123530
[2026-05-12T12:35:30.395+0000] {standard_task_runner.py:110} ERROR - Failed to execute job 74 for task clean_data (the dtype datetime64[ns] is not supported for parsing, pass this column using parse_dates instead; 485)
[2026-05-12T12:35:30.406+0000] {local_task_job_runner.py:243} INFO - Task exited with return code 1
[2026-05-12T12:35:30.435+0000] {taskinstance.py:3503} INFO - 0 downstream tasks scheduled from follow-on schedule check
[2026-05-12T12:35:30.439+0000] {local_task_job_runner.py:222} INFO - ::endgroup::
