[2026-05-12T07:54:07.607+0000] {local_task_job_runner.py:120} INFO - ::group::Pre task execution logs
[2026-05-12T07:54:07.666+0000] {taskinstance.py:2076} INFO - Dependencies all met for dep_context=non-requeueable deps ti=<TaskInstance: abc_phones_etl_pipeline.ingest_data manual__2026-05-12T07:53:49.677501+00:00 [queued]>
[2026-05-12T07:54:07.678+0000] {taskinstance.py:2076} INFO - Dependencies all met for dep_context=requeueable deps ti=<TaskInstance: abc_phones_etl_pipeline.ingest_data manual__2026-05-12T07:53:49.677501+00:00 [queued]>
[2026-05-12T07:54:07.679+0000] {taskinstance.py:2306} INFO - Starting attempt 1 of 2
[2026-05-12T07:54:07.699+0000] {taskinstance.py:2330} INFO - Executing <Task(PythonOperator): ingest_data> on 2026-05-12 07:53:49.677501+00:00
[2026-05-12T07:54:07.714+0000] {standard_task_runner.py:90} INFO - Running: ['airflow', 'tasks', 'run', 'abc_phones_etl_pipeline', 'ingest_data', 'manual__2026-05-12T07:53:49.677501+00:00', '--job-id', '5', '--raw', '--subdir', 'DAGS_FOLDER/abc_phones_etl_dag.py', '--cfg-path', '/tmp/tmpd2p_5nem']
[2026-05-12T07:54:07.720+0000] {standard_task_runner.py:91} INFO - Job 5: Subtask ingest_data
[2026-05-12T07:54:07.721+0000] {logging_mixin.py:188} WARNING - /home/airflow/.local/lib/python3.12/site-packages/airflow/task/task_runner/standard_task_runner.py:62 DeprecationWarning: This process (pid=105) is multi-threaded, use of fork() may lead to deadlocks in the child.
[2026-05-12T07:54:07.722+0000] {standard_task_runner.py:64} INFO - Started process 112 to run task
[2026-05-12T07:54:07.815+0000] {task_command.py:426} INFO - Running <TaskInstance: abc_phones_etl_pipeline.ingest_data manual__2026-05-12T07:53:49.677501+00:00 [running]> on host 94f4b153a261
[2026-05-12T07:54:07.985+0000] {taskinstance.py:2648} INFO - Exporting env vars: AIRFLOW_CTX_DAG_OWNER='data_engineer' AIRFLOW_CTX_DAG_ID='abc_phones_etl_pipeline' AIRFLOW_CTX_TASK_ID='ingest_data' AIRFLOW_CTX_EXECUTION_DATE='2026-05-12T07:53:49.677501+00:00' AIRFLOW_CTX_TRY_NUMBER='1' AIRFLOW_CTX_DAG_RUN_ID='manual__2026-05-12T07:53:49.677501+00:00'
[2026-05-12T07:54:07.987+0000] {taskinstance.py:430} INFO - ::endgroup::
[2026-05-12T07:54:08.009+0000] {taskinstance.py:441} INFO - ::group::Post task execution logs
[2026-05-12T07:54:08.010+0000] {taskinstance.py:2905} ERROR - Task failed with exception
Traceback (most recent call last):
  File "/home/airflow/.local/lib/python3.12/site-packages/airflow/models/taskinstance.py", line 465, in _execute_task
    result = _execute_callable(context=context, **execute_callable_kwargs)
             ^^^^^^^^^^^^^^^^^^^^^^^^^^^^^^^^^^^^^^^^^^^^^^^^^^^^^^^^^^^^^
  File "/home/airflow/.local/lib/python3.12/site-packages/airflow/models/taskinstance.py", line 432, in _execute_callable
    return execute_callable(context=context, **execute_callable_kwargs)
           ^^^^^^^^^^^^^^^^^^^^^^^^^^^^^^^^^^^^^^^^^^^^^^^^^^^^^^^^^^^^
  File "/home/airflow/.local/lib/python3.12/site-packages/airflow/models/baseoperator.py", line 401, in wrapper
    return func(self, *args, **kwargs)
           ^^^^^^^^^^^^^^^^^^^^^^^^^^^
  File "/home/airflow/.local/lib/python3.12/site-packages/airflow/operators/python.py", line 235, in execute
    return_value = self.execute_callable()
                   ^^^^^^^^^^^^^^^^^^^^^^^
  File "/home/airflow/.local/lib/python3.12/site-packages/airflow/operators/python.py", line 252, in execute_callable
    return self.python_callable(*self.op_args, **self.op_kwargs)
           ^^^^^^^^^^^^^^^^^^^^^^^^^^^^^^^^^^^^^^^^^^^^^^^^^^^^^
  File "/opt/airflow/scripts/ingest.py", line 11, in run_ingestion
    credit_dfs = [pd.read_csv(file) for file in credit_files]
                  ^^^^^^^^^^^^^^^^^
  File "/home/airflow/.local/lib/python3.12/site-packages/pandas/io/parsers/readers.py", line 948, in read_csv
    return _read(filepath_or_buffer, kwds)
           ^^^^^^^^^^^^^^^^^^^^^^^^^^^^^^^
  File "/home/airflow/.local/lib/python3.12/site-packages/pandas/io/parsers/readers.py", line 611, in _read
    parser = TextFileReader(filepath_or_buffer, **kwds)
             ^^^^^^^^^^^^^^^^^^^^^^^^^^^^^^^^^^^^^^^^^^
  File "/home/airflow/.local/lib/python3.12/site-packages/pandas/io/parsers/readers.py", line 1448, in __init__
    self._engine = self._make_engine(f, self.engine)
                   ^^^^^^^^^^^^^^^^^^^^^^^^^^^^^^^^^
  File "/home/airflow/.local/lib/python3.12/site-packages/pandas/io/parsers/readers.py", line 1705, in _make_engine
    self.handles = get_handle(
                   ^^^^^^^^^^^
  File "/home/airflow/.local/lib/python3.12/site-packages/pandas/io/common.py", line 863, in get_handle
    handle = open(
             ^^^^^
FileNotFoundError: [Errno 2] No such file or directory: '/data/bronze/CreditData_01_01_2025.csv'
[2026-05-12T07:54:08.041+0000] {taskinstance.py:1206} INFO - Marking task as UP_FOR_RETRY. dag_id=abc_phones_etl_pipeline, task_id=ingest_data, run_id=manual__2026-05-12T07:53:49.677501+00:00, execution_date=20260512T075349, start_date=20260512T075407, end_date=20260512T075408
[2026-05-12T07:54:08.058+0000] {standard_task_runner.py:110} ERROR - Failed to execute job 5 for task ingest_data ([Errno 2] No such file or directory: '/data/bronze/CreditData_01_01_2025.csv'; 112)
[2026-05-12T07:54:08.098+0000] {local_task_job_runner.py:243} INFO - Task exited with return code 1
[2026-05-12T07:54:08.134+0000] {taskinstance.py:3503} INFO - 0 downstream tasks scheduled from follow-on schedule check
[2026-05-12T07:54:08.140+0000] {local_task_job_runner.py:222} INFO - ::endgroup::
