[2026-05-12T14:15:56.390+0000] {local_task_job_runner.py:120} INFO - ::group::Pre task execution logs
[2026-05-12T14:15:56.515+0000] {taskinstance.py:2076} INFO - Dependencies all met for dep_context=non-requeueable deps ti=<TaskInstance: abc_phones_etl_pipeline.feature_engineering scheduled__2026-05-11T00:00:00+00:00 [queued]>
[2026-05-12T14:15:56.534+0000] {taskinstance.py:2076} INFO - Dependencies all met for dep_context=requeueable deps ti=<TaskInstance: abc_phones_etl_pipeline.feature_engineering scheduled__2026-05-11T00:00:00+00:00 [queued]>
[2026-05-12T14:15:56.537+0000] {taskinstance.py:2306} INFO - Starting attempt 1 of 2
[2026-05-12T14:15:56.558+0000] {taskinstance.py:2330} INFO - Executing <Task(PythonOperator): feature_engineering> on 2026-05-11 00:00:00+00:00
[2026-05-12T14:15:56.576+0000] {standard_task_runner.py:90} INFO - Running: ['airflow', 'tasks', 'run', 'abc_phones_etl_pipeline', 'feature_engineering', 'scheduled__2026-05-11T00:00:00+00:00', '--job-id', '119', '--raw', '--subdir', 'DAGS_FOLDER/abc_phones_etl_dag.py', '--cfg-path', '/tmp/tmp6zdojike']
[2026-05-12T14:15:56.581+0000] {standard_task_runner.py:91} INFO - Job 119: Subtask feature_engineering
[2026-05-12T14:15:56.584+0000] {logging_mixin.py:188} WARNING - /home/airflow/.local/lib/python3.12/site-packages/airflow/task/task_runner/standard_task_runner.py:62 DeprecationWarning: This process (pid=1129) is multi-threaded, use of fork() may lead to deadlocks in the child.
[2026-05-12T14:15:56.586+0000] {standard_task_runner.py:64} INFO - Started process 1136 to run task
[2026-05-12T14:15:56.758+0000] {task_command.py:426} INFO - Running <TaskInstance: abc_phones_etl_pipeline.feature_engineering scheduled__2026-05-11T00:00:00+00:00 [running]> on host 87c449af332c
[2026-05-12T14:15:57.015+0000] {taskinstance.py:2648} INFO - Exporting env vars: AIRFLOW_CTX_DAG_OWNER='data_engineer' AIRFLOW_CTX_DAG_ID='abc_phones_etl_pipeline' AIRFLOW_CTX_TASK_ID='feature_engineering' AIRFLOW_CTX_EXECUTION_DATE='2026-05-11T00:00:00+00:00' AIRFLOW_CTX_TRY_NUMBER='1' AIRFLOW_CTX_DAG_RUN_ID='scheduled__2026-05-11T00:00:00+00:00'
[2026-05-12T14:15:57.017+0000] {taskinstance.py:430} INFO - ::endgroup::
[2026-05-12T14:15:57.052+0000] {taskinstance.py:441} INFO - ::group::Post task execution logs
[2026-05-12T14:15:57.053+0000] {taskinstance.py:2905} ERROR - Task failed with exception
Traceback (most recent call last):
  File "/home/airflow/.local/lib/python3.12/site-packages/airflow/models/taskinstance.py", line 465, in _execute_task
    result = _execute_callable(context=context, **execute_callable_kwargs)
             ^^^^^^^^^^^^^^^^^^^^^^^^^^^^^^^^^^^^^^^^^^^^^^^^^^^^^^^^^^^^^
  File "/home/airflow/.local/lib/python3.12/site-packages/airflow/models/taskinstance.py", line 432, in _execute_callable
    return execute_callable(context=context, **execute_callable_kwargs)
           ^^^^^^^^^^^^^^^^^^^^^^^^^^^^^^^^^^^^^^^^^^^^^^^^^^^^^^^^^^^^
  File "/home/airflow/.local/lib/python3.12/site-packages/airflow/models/baseoperator.py", line 401, in wrapper
    return func(self, *args, **kwargs)
           ^^^^^^^^^^^^^^^^^^^^^^^^^^^
  File "/home/airflow/.local/lib/python3.12/site-packages/airflow/operators/python.py", line 235, in execute
    return_value = self.execute_callable()
                   ^^^^^^^^^^^^^^^^^^^^^^^
  File "/home/airflow/.local/lib/python3.12/site-packages/airflow/operators/python.py", line 252, in execute_callable
    return self.python_callable(*self.op_args, **self.op_kwargs)
           ^^^^^^^^^^^^^^^^^^^^^^^^^^^^^^^^^^^^^^^^^^^^^^^^^^^^^
  File "/opt/airflow/scripts/feature_engineering.py", line 4, in run_feature_engineering
    credit_data = pd.read_csv("/data/gold/credit_cleaned.csv")
                  ^^^^^^^^^^^^^^^^^^^^^^^^^^^^^^^^^^^^^^^^^^^^
  File "/home/airflow/.local/lib/python3.12/site-packages/pandas/io/parsers/readers.py", line 948, in read_csv
    return _read(filepath_or_buffer, kwds)
           ^^^^^^^^^^^^^^^^^^^^^^^^^^^^^^^
  File "/home/airflow/.local/lib/python3.12/site-packages/pandas/io/parsers/readers.py", line 611, in _read
    parser = TextFileReader(filepath_or_buffer, **kwds)
             ^^^^^^^^^^^^^^^^^^^^^^^^^^^^^^^^^^^^^^^^^^
  File "/home/airflow/.local/lib/python3.12/site-packages/pandas/io/parsers/readers.py", line 1448, in __init__
    self._engine = self._make_engine(f, self.engine)
                   ^^^^^^^^^^^^^^^^^^^^^^^^^^^^^^^^^
  File "/home/airflow/.local/lib/python3.12/site-packages/pandas/io/parsers/readers.py", line 1705, in _make_engine
    self.handles = get_handle(
                   ^^^^^^^^^^^
  File "/home/airflow/.local/lib/python3.12/site-packages/pandas/io/common.py", line 863, in get_handle
    handle = open(
             ^^^^^
FileNotFoundError: [Errno 2] No such file or directory: '/data/gold/credit_cleaned.csv'
[2026-05-12T14:15:57.088+0000] {taskinstance.py:1206} INFO - Marking task as UP_FOR_RETRY. dag_id=abc_phones_etl_pipeline, task_id=feature_engineering, run_id=scheduled__2026-05-11T00:00:00+00:00, execution_date=20260511T000000, start_date=20260512T141556, end_date=20260512T141557
[2026-05-12T14:15:57.109+0000] {standard_task_runner.py:110} ERROR - Failed to execute job 119 for task feature_engineering ([Errno 2] No such file or directory: '/data/gold/credit_cleaned.csv'; 1136)
[2026-05-12T14:15:57.153+0000] {local_task_job_runner.py:243} INFO - Task exited with return code 1
[2026-05-12T14:15:57.242+0000] {taskinstance.py:3503} INFO - 0 downstream tasks scheduled from follow-on schedule check
[2026-05-12T14:15:57.248+0000] {local_task_job_runner.py:222} INFO - ::endgroup::
[2026-05-12T15:08:54.003+0000] {local_task_job_runner.py:120} INFO - ::group::Pre task execution logs
[2026-05-12T15:08:54.057+0000] {taskinstance.py:2076} INFO - Dependencies all met for dep_context=non-requeueable deps ti=<TaskInstance: abc_phones_etl_pipeline.feature_engineering scheduled__2026-05-11T00:00:00+00:00 [queued]>
[2026-05-12T15:08:54.069+0000] {taskinstance.py:2076} INFO - Dependencies all met for dep_context=requeueable deps ti=<TaskInstance: abc_phones_etl_pipeline.feature_engineering scheduled__2026-05-11T00:00:00+00:00 [queued]>
[2026-05-12T15:08:54.070+0000] {taskinstance.py:2306} INFO - Starting attempt 1 of 2
[2026-05-12T15:08:54.093+0000] {taskinstance.py:2330} INFO - Executing <Task(PythonOperator): feature_engineering> on 2026-05-11 00:00:00+00:00
[2026-05-12T15:08:54.107+0000] {standard_task_runner.py:90} INFO - Running: ['airflow', 'tasks', 'run', 'abc_phones_etl_pipeline', 'feature_engineering', 'scheduled__2026-05-11T00:00:00+00:00', '--job-id', '138', '--raw', '--subdir', 'DAGS_FOLDER/abc_phones_etl_dag.py', '--cfg-path', '/tmp/tmpgez_7ezu']
[2026-05-12T15:08:54.111+0000] {standard_task_runner.py:91} INFO - Job 138: Subtask feature_engineering
[2026-05-12T15:08:54.113+0000] {logging_mixin.py:188} WARNING - /home/airflow/.local/lib/python3.12/site-packages/airflow/task/task_runner/standard_task_runner.py:62 DeprecationWarning: This process (pid=1459) is multi-threaded, use of fork() may lead to deadlocks in the child.
[2026-05-12T15:08:54.117+0000] {standard_task_runner.py:64} INFO - Started process 1464 to run task
[2026-05-12T15:08:54.211+0000] {task_command.py:426} INFO - Running <TaskInstance: abc_phones_etl_pipeline.feature_engineering scheduled__2026-05-11T00:00:00+00:00 [running]> on host 87c449af332c
[2026-05-12T15:08:54.371+0000] {taskinstance.py:2648} INFO - Exporting env vars: AIRFLOW_CTX_DAG_OWNER='data_engineer' AIRFLOW_CTX_DAG_ID='abc_phones_etl_pipeline' AIRFLOW_CTX_TASK_ID='feature_engineering' AIRFLOW_CTX_EXECUTION_DATE='2026-05-11T00:00:00+00:00' AIRFLOW_CTX_TRY_NUMBER='1' AIRFLOW_CTX_DAG_RUN_ID='scheduled__2026-05-11T00:00:00+00:00'
[2026-05-12T15:08:54.373+0000] {taskinstance.py:430} INFO - ::endgroup::
[2026-05-12T15:08:54.848+0000] {taskinstance.py:441} INFO - ::group::Post task execution logs
[2026-05-12T15:08:54.849+0000] {taskinstance.py:2905} ERROR - Task failed with exception
Traceback (most recent call last):
  File "/home/airflow/.local/lib/python3.12/site-packages/pandas/core/indexes/base.py", line 3791, in get_loc
    return self._engine.get_loc(casted_key)
           ^^^^^^^^^^^^^^^^^^^^^^^^^^^^^^^^
  File "index.pyx", line 152, in pandas._libs.index.IndexEngine.get_loc
  File "index.pyx", line 181, in pandas._libs.index.IndexEngine.get_loc
  File "pandas/_libs/hashtable_class_helper.pxi", line 7080, in pandas._libs.hashtable.PyObjectHashTable.get_item
  File "pandas/_libs/hashtable_class_helper.pxi", line 7088, in pandas._libs.hashtable.PyObjectHashTable.get_item
KeyError: 'date_of_bith'

The above exception was the direct cause of the following exception:

Traceback (most recent call last):
  File "/home/airflow/.local/lib/python3.12/site-packages/airflow/models/taskinstance.py", line 465, in _execute_task
    result = _execute_callable(context=context, **execute_callable_kwargs)
             ^^^^^^^^^^^^^^^^^^^^^^^^^^^^^^^^^^^^^^^^^^^^^^^^^^^^^^^^^^^^^
  File "/home/airflow/.local/lib/python3.12/site-packages/airflow/models/taskinstance.py", line 432, in _execute_callable
    return execute_callable(context=context, **execute_callable_kwargs)
           ^^^^^^^^^^^^^^^^^^^^^^^^^^^^^^^^^^^^^^^^^^^^^^^^^^^^^^^^^^^^
  File "/home/airflow/.local/lib/python3.12/site-packages/airflow/models/baseoperator.py", line 401, in wrapper
    return func(self, *args, **kwargs)
           ^^^^^^^^^^^^^^^^^^^^^^^^^^^
  File "/home/airflow/.local/lib/python3.12/site-packages/airflow/operators/python.py", line 235, in execute
    return_value = self.execute_callable()
                   ^^^^^^^^^^^^^^^^^^^^^^^
  File "/home/airflow/.local/lib/python3.12/site-packages/airflow/operators/python.py", line 252, in execute_callable
    return self.python_callable(*self.op_args, **self.op_kwargs)
           ^^^^^^^^^^^^^^^^^^^^^^^^^^^^^^^^^^^^^^^^^^^^^^^^^^^^^
  File "/opt/airflow/scripts/feature_engineering.py", line 8, in run_feature_engineering
    sales_data['age'] = (pd.to_datetime(credit_data['date']).max() - pd.to_datetime(sales_data['date_of_bith'])).dt.days // 365
                                                                                    ~~~~~~~~~~^^^^^^^^^^^^^^^^
  File "/home/airflow/.local/lib/python3.12/site-packages/pandas/core/frame.py", line 3893, in __getitem__
    indexer = self.columns.get_loc(key)
              ^^^^^^^^^^^^^^^^^^^^^^^^^
  File "/home/airflow/.local/lib/python3.12/site-packages/pandas/core/indexes/base.py", line 3798, in get_loc
    raise KeyError(key) from err
KeyError: 'date_of_bith'
[2026-05-12T15:08:54.882+0000] {taskinstance.py:1206} INFO - Marking task as UP_FOR_RETRY. dag_id=abc_phones_etl_pipeline, task_id=feature_engineering, run_id=scheduled__2026-05-11T00:00:00+00:00, execution_date=20260511T000000, start_date=20260512T150854, end_date=20260512T150854
[2026-05-12T15:08:54.899+0000] {standard_task_runner.py:110} ERROR - Failed to execute job 138 for task feature_engineering ('date_of_bith'; 1464)
[2026-05-12T15:08:54.934+0000] {local_task_job_runner.py:243} INFO - Task exited with return code 1
[2026-05-12T15:08:54.965+0000] {taskinstance.py:3503} INFO - 0 downstream tasks scheduled from follow-on schedule check
[2026-05-12T15:08:54.970+0000] {local_task_job_runner.py:222} INFO - ::endgroup::
[2026-05-12T15:19:46.974+0000] {local_task_job_runner.py:120} INFO - ::group::Pre task execution logs
[2026-05-12T15:19:47.027+0000] {taskinstance.py:2076} INFO - Dependencies all met for dep_context=non-requeueable deps ti=<TaskInstance: abc_phones_etl_pipeline.feature_engineering scheduled__2026-05-11T00:00:00+00:00 [queued]>
[2026-05-12T15:19:47.040+0000] {taskinstance.py:2076} INFO - Dependencies all met for dep_context=requeueable deps ti=<TaskInstance: abc_phones_etl_pipeline.feature_engineering scheduled__2026-05-11T00:00:00+00:00 [queued]>
[2026-05-12T15:19:47.041+0000] {taskinstance.py:2306} INFO - Starting attempt 1 of 2
[2026-05-12T15:19:47.063+0000] {taskinstance.py:2330} INFO - Executing <Task(PythonOperator): feature_engineering> on 2026-05-11 00:00:00+00:00
[2026-05-12T15:19:47.083+0000] {standard_task_runner.py:90} INFO - Running: ['airflow', 'tasks', 'run', 'abc_phones_etl_pipeline', 'feature_engineering', 'scheduled__2026-05-11T00:00:00+00:00', '--job-id', '145', '--raw', '--subdir', 'DAGS_FOLDER/abc_phones_etl_dag.py', '--cfg-path', '/tmp/tmpc60vabix']
[2026-05-12T15:19:47.088+0000] {standard_task_runner.py:91} INFO - Job 145: Subtask feature_engineering
[2026-05-12T15:19:47.092+0000] {logging_mixin.py:188} WARNING - /home/airflow/.local/lib/python3.12/site-packages/airflow/task/task_runner/standard_task_runner.py:62 DeprecationWarning: This process (pid=1543) is multi-threaded, use of fork() may lead to deadlocks in the child.
[2026-05-12T15:19:47.094+0000] {standard_task_runner.py:64} INFO - Started process 1548 to run task
[2026-05-12T15:19:47.230+0000] {task_command.py:426} INFO - Running <TaskInstance: abc_phones_etl_pipeline.feature_engineering scheduled__2026-05-11T00:00:00+00:00 [running]> on host 87c449af332c
[2026-05-12T15:19:47.421+0000] {taskinstance.py:2648} INFO - Exporting env vars: AIRFLOW_CTX_DAG_OWNER='data_engineer' AIRFLOW_CTX_DAG_ID='abc_phones_etl_pipeline' AIRFLOW_CTX_TASK_ID='feature_engineering' AIRFLOW_CTX_EXECUTION_DATE='2026-05-11T00:00:00+00:00' AIRFLOW_CTX_TRY_NUMBER='1' AIRFLOW_CTX_DAG_RUN_ID='scheduled__2026-05-11T00:00:00+00:00'
[2026-05-12T15:19:47.424+0000] {taskinstance.py:430} INFO - ::endgroup::
[2026-05-12T15:19:48.063+0000] {taskinstance.py:441} INFO - ::group::Post task execution logs
[2026-05-12T15:19:48.064+0000] {taskinstance.py:2905} ERROR - Task failed with exception
Traceback (most recent call last):
  File "/home/airflow/.local/lib/python3.12/site-packages/pandas/core/arrays/datetimelike.py", line 1125, in _sub_datetimelike
    self._assert_tzawareness_compat(other)
  File "/home/airflow/.local/lib/python3.12/site-packages/pandas/core/arrays/datetimes.py", line 774, in _assert_tzawareness_compat
    raise TypeError(
TypeError: Cannot compare tz-naive and tz-aware datetime-like objects

The above exception was the direct cause of the following exception:

Traceback (most recent call last):
  File "/home/airflow/.local/lib/python3.12/site-packages/airflow/models/taskinstance.py", line 465, in _execute_task
    result = _execute_callable(context=context, **execute_callable_kwargs)
             ^^^^^^^^^^^^^^^^^^^^^^^^^^^^^^^^^^^^^^^^^^^^^^^^^^^^^^^^^^^^^
  File "/home/airflow/.local/lib/python3.12/site-packages/airflow/models/taskinstance.py", line 432, in _execute_callable
    return execute_callable(context=context, **execute_callable_kwargs)
           ^^^^^^^^^^^^^^^^^^^^^^^^^^^^^^^^^^^^^^^^^^^^^^^^^^^^^^^^^^^^
  File "/home/airflow/.local/lib/python3.12/site-packages/airflow/models/baseoperator.py", line 401, in wrapper
    return func(self, *args, **kwargs)
           ^^^^^^^^^^^^^^^^^^^^^^^^^^^
  File "/home/airflow/.local/lib/python3.12/site-packages/airflow/operators/python.py", line 235, in execute
    return_value = self.execute_callable()
                   ^^^^^^^^^^^^^^^^^^^^^^^
  File "/home/airflow/.local/lib/python3.12/site-packages/airflow/operators/python.py", line 252, in execute_callable
    return self.python_callable(*self.op_args, **self.op_kwargs)
           ^^^^^^^^^^^^^^^^^^^^^^^^^^^^^^^^^^^^^^^^^^^^^^^^^^^^^
  File "/opt/airflow/scripts/feature_engineering.py", line 8, in run_feature_engineering
    sales_data['age'] = (pd.to_datetime(credit_data['date']).max() - pd.to_datetime(sales_data['date_of_birth'])).dt.days // 365
                         ~~~~~~~~~~~~~~~~~~~~~~~~~~~~~~~~~~~~~~~~~~^~~~~~~~~~~~~~~~~~~~~~~~~~~~~~~~~~~~~~~~~~~~~
  File "/home/airflow/.local/lib/python3.12/site-packages/pandas/core/ops/common.py", line 76, in new_method
    return method(self, other)
           ^^^^^^^^^^^^^^^^^^^
  File "/home/airflow/.local/lib/python3.12/site-packages/pandas/core/arraylike.py", line 198, in __rsub__
    return self._arith_method(other, roperator.rsub)
           ^^^^^^^^^^^^^^^^^^^^^^^^^^^^^^^^^^^^^^^^^
  File "/home/airflow/.local/lib/python3.12/site-packages/pandas/core/series.py", line 5819, in _arith_method
    return base.IndexOpsMixin._arith_method(self, other, op)
           ^^^^^^^^^^^^^^^^^^^^^^^^^^^^^^^^^^^^^^^^^^^^^^^^^
  File "/home/airflow/.local/lib/python3.12/site-packages/pandas/core/base.py", line 1381, in _arith_method
    result = ops.arithmetic_op(lvalues, rvalues, op)
             ^^^^^^^^^^^^^^^^^^^^^^^^^^^^^^^^^^^^^^^
  File "/home/airflow/.local/lib/python3.12/site-packages/pandas/core/ops/array_ops.py", line 275, in arithmetic_op
    res_values = op(left, right)
                 ^^^^^^^^^^^^^^^
  File "/home/airflow/.local/lib/python3.12/site-packages/pandas/core/roperator.py", line 15, in rsub
    return right - left
           ~~~~~~^~~~~~
  File "/home/airflow/.local/lib/python3.12/site-packages/pandas/core/arrays/datetimelike.py", line 1476, in __rsub__
    return -(self - other)
             ~~~~~^~~~~~~
  File "/home/airflow/.local/lib/python3.12/site-packages/pandas/core/ops/common.py", line 76, in new_method
    return method(self, other)
           ^^^^^^^^^^^^^^^^^^^
  File "/home/airflow/.local/lib/python3.12/site-packages/pandas/core/arrays/datetimelike.py", line 1402, in __sub__
    result = self._sub_datetimelike_scalar(other)
             ^^^^^^^^^^^^^^^^^^^^^^^^^^^^^^^^^^^^
  File "/home/airflow/.local/lib/python3.12/site-packages/pandas/core/arrays/datetimelike.py", line 1103, in _sub_datetimelike_scalar
    return self._sub_datetimelike(ts)
           ^^^^^^^^^^^^^^^^^^^^^^^^^^
  File "/home/airflow/.local/lib/python3.12/site-packages/pandas/core/arrays/datetimelike.py", line 1128, in _sub_datetimelike
    raise type(err)(new_message) from err
TypeError: Cannot subtract tz-naive and tz-aware datetime-like objects
[2026-05-12T15:19:48.095+0000] {taskinstance.py:1206} INFO - Marking task as UP_FOR_RETRY. dag_id=abc_phones_etl_pipeline, task_id=feature_engineering, run_id=scheduled__2026-05-11T00:00:00+00:00, execution_date=20260511T000000, start_date=20260512T151947, end_date=20260512T151948
[2026-05-12T15:19:48.112+0000] {standard_task_runner.py:110} ERROR - Failed to execute job 145 for task feature_engineering (Cannot subtract tz-naive and tz-aware datetime-like objects; 1548)
[2026-05-12T15:19:48.159+0000] {local_task_job_runner.py:243} INFO - Task exited with return code 1
[2026-05-12T15:19:48.190+0000] {taskinstance.py:3503} INFO - 0 downstream tasks scheduled from follow-on schedule check
[2026-05-12T15:19:48.194+0000] {local_task_job_runner.py:222} INFO - ::endgroup::
[2026-05-12T15:34:36.972+0000] {local_task_job_runner.py:120} INFO - ::group::Pre task execution logs
[2026-05-12T15:34:37.025+0000] {taskinstance.py:2076} INFO - Dependencies all met for dep_context=non-requeueable deps ti=<TaskInstance: abc_phones_etl_pipeline.feature_engineering scheduled__2026-05-11T00:00:00+00:00 [queued]>
[2026-05-12T15:34:37.039+0000] {taskinstance.py:2076} INFO - Dependencies all met for dep_context=requeueable deps ti=<TaskInstance: abc_phones_etl_pipeline.feature_engineering scheduled__2026-05-11T00:00:00+00:00 [queued]>
[2026-05-12T15:34:37.040+0000] {taskinstance.py:2306} INFO - Starting attempt 1 of 2
[2026-05-12T15:34:37.060+0000] {taskinstance.py:2330} INFO - Executing <Task(PythonOperator): feature_engineering> on 2026-05-11 00:00:00+00:00
[2026-05-12T15:34:37.074+0000] {standard_task_runner.py:90} INFO - Running: ['airflow', 'tasks', 'run', 'abc_phones_etl_pipeline', 'feature_engineering', 'scheduled__2026-05-11T00:00:00+00:00', '--job-id', '153', '--raw', '--subdir', 'DAGS_FOLDER/abc_phones_etl_dag.py', '--cfg-path', '/tmp/tmp21qd340s']
[2026-05-12T15:34:37.086+0000] {standard_task_runner.py:91} INFO - Job 153: Subtask feature_engineering
[2026-05-12T15:34:37.099+0000] {logging_mixin.py:188} WARNING - /home/airflow/.local/lib/python3.12/site-packages/airflow/task/task_runner/standard_task_runner.py:62 DeprecationWarning: This process (pid=1647) is multi-threaded, use of fork() may lead to deadlocks in the child.
[2026-05-12T15:34:37.103+0000] {standard_task_runner.py:64} INFO - Started process 1652 to run task
[2026-05-12T15:34:37.241+0000] {task_command.py:426} INFO - Running <TaskInstance: abc_phones_etl_pipeline.feature_engineering scheduled__2026-05-11T00:00:00+00:00 [running]> on host 87c449af332c
[2026-05-12T15:34:37.418+0000] {taskinstance.py:2648} INFO - Exporting env vars: AIRFLOW_CTX_DAG_OWNER='data_engineer' AIRFLOW_CTX_DAG_ID='abc_phones_etl_pipeline' AIRFLOW_CTX_TASK_ID='feature_engineering' AIRFLOW_CTX_EXECUTION_DATE='2026-05-11T00:00:00+00:00' AIRFLOW_CTX_TRY_NUMBER='1' AIRFLOW_CTX_DAG_RUN_ID='scheduled__2026-05-11T00:00:00+00:00'
[2026-05-12T15:34:37.420+0000] {taskinstance.py:430} INFO - ::endgroup::
[2026-05-12T15:34:40.134+0000] {python.py:237} INFO - Done. Returned value was: None
[2026-05-12T15:34:40.136+0000] {taskinstance.py:441} INFO - ::group::Post task execution logs
[2026-05-12T15:34:40.166+0000] {taskinstance.py:1206} INFO - Marking task as SUCCESS. dag_id=abc_phones_etl_pipeline, task_id=feature_engineering, run_id=scheduled__2026-05-11T00:00:00+00:00, execution_date=20260511T000000, start_date=20260512T153437, end_date=20260512T153440
[2026-05-12T15:34:40.219+0000] {local_task_job_runner.py:243} INFO - Task exited with return code 0
[2026-05-12T15:34:40.258+0000] {taskinstance.py:3503} INFO - 0 downstream tasks scheduled from follow-on schedule check
[2026-05-12T15:34:40.263+0000] {local_task_job_runner.py:222} INFO - ::endgroup::
